INFO:radiomics.featureextractor: Loading parameter file ./example_ct_parameters.yaml
DEBUG:radiomics.featureextractor: Parameters parsed, input is valid.
DEBUG:radiomics.featureextractor: Applying settings
DEBUG:radiomics.featureextractor: Enabled image types: {'Original': {}, 'LoG': {'sigma': [1.0, 2.0, 3.0, 4.0, 5.0]}, 'Wavelet': {}}
DEBUG:radiomics.featureextractor: Enabled features: {'shape': None, 'firstorder': None, 'glcm': ['Autocorrelation', 'JointAverage', 'ClusterProminence', 'ClusterShade', 'ClusterTendency', 'Contrast', 'Correlation', 'DifferenceAverage', 'DifferenceEntropy', 'DifferenceVariance', 'JointEnergy', 'JointEntropy', 'Imc1', 'Imc2', 'Idm', 'Idmn', 'Id', 'Idn', 'InverseVariance', 'MaximumProbability', 'SumEntropy', 'SumSquares'], 'glrlm': None, 'glszm': None, 'gldm': None}
DEBUG:radiomics.featureextractor: Settings: {'interpolator': 'sitkBSpline', 'resampledPixelSpacing': [1, 1, 1], 'padDistance': 10, 'binWidth': 25, 'voxelArrayShift': 1000, 'label': 1}
INFO:radiomics.featureextractor: Calculating features with label: 1
DEBUG:radiomics.featureextractor: Enabled images types: {'Original': {}, 'LoG': {'sigma': [1.0, 2.0, 3.0, 4.0, 5.0]}, 'Wavelet': {}}
DEBUG:radiomics.featureextractor: Enabled features: {'shape': None, 'firstorder': None, 'glcm': ['Autocorrelation', 'JointAverage', 'ClusterProminence', 'ClusterShade', 'ClusterTendency', 'Contrast', 'Correlation', 'DifferenceAverage', 'DifferenceEntropy', 'DifferenceVariance', 'JointEnergy', 'JointEntropy', 'Imc1', 'Imc2', 'Idm', 'Idmn', 'Id', 'Idn', 'InverseVariance', 'MaximumProbability', 'SumEntropy', 'SumSquares'], 'glrlm': None, 'glszm': None, 'gldm': None}
DEBUG:radiomics.featureextractor: Current settings: {'minimumROIDimensions': 2, 'minimumROISize': None, 'normalize': False, 'normalizeScale': 1, 'removeOutliers': None, 'resampledPixelSpacing': [1, 1, 1], 'interpolator': 'sitkBSpline', 'preCrop': False, 'padDistance': 10, 'distances': [1], 'force2D': False, 'force2Ddimension': 0, 'resegmentRange': None, 'label': 1, 'additionalInfo': True, 'binWidth': 25, 'voxelArrayShift': 1000}
INFO:radiomics.featureextractor: Loading image and mask
DEBUG:radiomics.imageoperations: Force casting mask to UInt32 to ensure correct datatype.
DEBUG:radiomics.imageoperations: Resampling image and mask
DEBUG:radiomics.imageoperations: Where resampled spacing is set to 0, set it to the original spacing (mask)
DEBUG:radiomics.imageoperations: Checking ROI validity
DEBUG:radiomics.imageoperations: Checking if label 1 is persent in the mask
DEBUG:radiomics.imageoperations: Comparing physical space of bounding box to physical space of image
DEBUG:radiomics.imageoperations: ROI bounds (image coordinate space): ((289.5, 225.5, 64.5), (386.5, 315.5, 85.5))
DEBUG:radiomics.imageoperations: ROI valid, calculating resampling grid
DEBUG:radiomics.imageoperations: Comparing resampled spacing to original spacing (image
INFO:radiomics.imageoperations: Applying resampling from spacing [0.9765625 0.9765625 3.       ] and size [512 512 134] to spacing [1. 1. 1.] and size [117, 110, 85]
DEBUG:radiomics.imageoperations: Resampling image
DEBUG:radiomics.imageoperations: Resampling mask
DEBUG:radiomics.imageoperations: Checking mask with label 1
DEBUG:radiomics.imageoperations: Calculating bounding box
DEBUG:radiomics.imageoperations: Checking minimum number of dimensions requirements (2)
DEBUG:radiomics.featureextractor: Image and Mask loaded and valid, starting extraction
DEBUG:radiomics.imageoperations: Cropping to size [95 88 63]
INFO:radiomics.featureextractor: Computing shape
DEBUG:radiomics.shape: Initializing feature class
DEBUG:radiomics.shape: Padding the mask with 0s
DEBUG:radiomics.shape: Pre-calculate Volume, Surface Area and Eigenvalues
DEBUG:radiomics.shape: Shape feature class initialized
DEBUG:radiomics.shape: Calculating features
DEBUG:radiomics.featureextractor: Creating image type iterator
INFO:radiomics.featureextractor: Adding image type "Original" with custom settings: {}
INFO:radiomics.featureextractor: Adding image type "LoG" with custom settings: {'sigma': [1.0, 2.0, 3.0, 4.0, 5.0]}
INFO:radiomics.featureextractor: Adding image type "Wavelet" with custom settings: {}
DEBUG:radiomics.featureextractor: Extracting features
DEBUG:radiomics.imageoperations: Yielding original image
INFO:radiomics.featureextractor: Calculating features for original image
DEBUG:radiomics.imageoperations: Cropping to size [95 88 63]
INFO:radiomics.featureextractor: Computing firstorder
DEBUG:radiomics.firstorder: Initializing feature class
DEBUG:radiomics.imageoperations: Discretizing gray levels inside ROI
DEBUG:radiomics.imageoperations: Calculated 90 bins for bin width 25 with edges: [-1125 -1100 -1075 -1050 -1025 -1000  -975  -950  -925  -900  -875  -850
  -825  -800  -775  -750  -725  -700  -675  -650  -625  -600  -575  -550
  -525  -500  -475  -450  -425  -400  -375  -350  -325  -300  -275  -250
  -225  -200  -175  -150  -125  -100   -75   -50   -25     0    25    50
    75   100   125   150   175   200   225   250   275   300   325   350
   375   400   425   450   475   500   525   550   575   600   625   650
   675   700   725   750   775   800   825   850   875   900   925   950
   975  1000  1025  1050  1075  1100  1125])
DEBUG:radiomics.firstorder: First order feature class initialized
DEBUG:radiomics.firstorder: Calculating features
INFO:radiomics.featureextractor: Computing glcm
DEBUG:radiomics.glcm: Initializing feature class
DEBUG:radiomics.imageoperations: Discretizing gray levels inside ROI
DEBUG:radiomics.imageoperations: Calculated 90 bins for bin width 25 with edges: [-1125 -1100 -1075 -1050 -1025 -1000  -975  -950  -925  -900  -875  -850
  -825  -800  -775  -750  -725  -700  -675  -650  -625  -600  -575  -550
  -525  -500  -475  -450  -425  -400  -375  -350  -325  -300  -275  -250
  -225  -200  -175  -150  -125  -100   -75   -50   -25     0    25    50
    75   100   125   150   175   200   225   250   275   300   325   350
   375   400   425   450   475   500   525   550   575   600   625   650
   675   700   725   750   775   800   825   850   875   900   925   950
   975  1000  1025  1050  1075  1100  1125])
DEBUG:radiomics.glcm: Calculating GLCM matrix in C
DEBUG:radiomics.glcm: Process calculated matrix
DEBUG:radiomics.glcm: Create symmetrical matrix
DEBUG:radiomics.glcm: No empty angles
DEBUG:radiomics.glcm: Calculating GLCM coefficients
DEBUG:radiomics.glcm: GLCM feature class initialized, calculated GLCM with shape (1, 85, 85, 13)
DEBUG:radiomics.glcm: Calculating features
INFO:radiomics.featureextractor: Computing glrlm
DEBUG:radiomics.glrlm: Initializing feature class
DEBUG:radiomics.imageoperations: Discretizing gray levels inside ROI
DEBUG:radiomics.imageoperations: Calculated 90 bins for bin width 25 with edges: [-1125 -1100 -1075 -1050 -1025 -1000  -975  -950  -925  -900  -875  -850
  -825  -800  -775  -750  -725  -700  -675  -650  -625  -600  -575  -550
  -525  -500  -475  -450  -425  -400  -375  -350  -325  -300  -275  -250
  -225  -200  -175  -150  -125  -100   -75   -50   -25     0    25    50
    75   100   125   150   175   200   225   250   275   300   325   350
   375   400   425   450   475   500   525   550   575   600   625   650
   675   700   725   750   775   800   825   850   875   900   925   950
   975  1000  1025  1050  1075  1100  1125])
DEBUG:radiomics.glrlm: Calculating GLRLM matrix in C
DEBUG:radiomics.glrlm: Process calculated matrix
DEBUG:radiomics.glrlm: No empty angles
DEBUG:radiomics.glrlm: Calculating GLRLM coefficients
DEBUG:radiomics.glrlm: GLRLM feature class initialized, calculated GLRLM with shape (1, 85, 23, 13)
DEBUG:radiomics.glrlm: Calculating features
INFO:radiomics.featureextractor: Computing glszm
DEBUG:radiomics.glszm: Initializing feature class
DEBUG:radiomics.imageoperations: Discretizing gray levels inside ROI
DEBUG:radiomics.imageoperations: Calculated 90 bins for bin width 25 with edges: [-1125 -1100 -1075 -1050 -1025 -1000  -975  -950  -925  -900  -875  -850
  -825  -800  -775  -750  -725  -700  -675  -650  -625  -600  -575  -550
  -525  -500  -475  -450  -425  -400  -375  -350  -325  -300  -275  -250
  -225  -200  -175  -150  -125  -100   -75   -50   -25     0    25    50
    75   100   125   150   175   200   225   250   275   300   325   350
   375   400   425   450   475   500   525   550   575   600   625   650
   675   700   725   750   775   800   825   850   875   900   925   950
   975  1000  1025  1050  1075  1100  1125])
DEBUG:radiomics.glszm: Calculating GLSZM matrix in C
DEBUG:radiomics.glszm: Calculating GLSZM coefficients
DEBUG:radiomics.glszm: GLSZM feature class initialized, calculated GLSZM with shape (1, 85, 98)
DEBUG:radiomics.glszm: Calculating features
INFO:radiomics.featureextractor: Computing gldm
DEBUG:radiomics.gldm: Initializing feature class
DEBUG:radiomics.imageoperations: Discretizing gray levels inside ROI
DEBUG:radiomics.imageoperations: Calculated 90 bins for bin width 25 with edges: [-1125 -1100 -1075 -1050 -1025 -1000  -975  -950  -925  -900  -875  -850
  -825  -800  -775  -750  -725  -700  -675  -650  -625  -600  -575  -550
  -525  -500  -475  -450  -425  -400  -375  -350  -325  -300  -275  -250
  -225  -200  -175  -150  -125  -100   -75   -50   -25     0    25    50
    75   100   125   150   175   200   225   250   275   300   325   350
   375   400   425   450   475   500   525   550   575   600   625   650
   675   700   725   750   775   800   825   850   875   900   925   950
   975  1000  1025  1050  1075  1100  1125])
DEBUG:radiomics.gldm: Calculating GLDM matrix in C
DEBUG:radiomics.gldm: Feature class initialized, calculated GLDM with shape (1, 85, 27)
DEBUG:radiomics.gldm: Calculating features
DEBUG:radiomics.imageoperations: Generating LoG images
INFO:radiomics.imageoperations: Computing LoG with sigma 1
DEBUG:radiomics.imageoperations: Yielding log-sigma-1-0-mm-3D image
INFO:radiomics.featureextractor: Calculating features for log-sigma-1-0-mm-3D image
DEBUG:radiomics.imageoperations: Cropping to size [95 88 63]
INFO:radiomics.featureextractor: Computing firstorder
DEBUG:radiomics.firstorder: Initializing feature class
DEBUG:radiomics.imageoperations: Discretizing gray levels inside ROI
DEBUG:radiomics.imageoperations: Calculated 46 bins for bin width 25 with edges: [-625. -600. -575. -550. -525. -500. -475. -450. -425. -400. -375. -350.
 -325. -300. -275. -250. -225. -200. -175. -150. -125. -100.  -75.  -50.
  -25.    0.   25.   50.   75.  100.  125.  150.  175.  200.  225.  250.
  275.  300.  325.  350.  375.  400.  425.  450.  475.  500.  525.])
DEBUG:radiomics.firstorder: First order feature class initialized
DEBUG:radiomics.firstorder: Calculating features
INFO:radiomics.featureextractor: Computing glcm
DEBUG:radiomics.glcm: Initializing feature class
DEBUG:radiomics.imageoperations: Discretizing gray levels inside ROI
DEBUG:radiomics.imageoperations: Calculated 46 bins for bin width 25 with edges: [-625. -600. -575. -550. -525. -500. -475. -450. -425. -400. -375. -350.
 -325. -300. -275. -250. -225. -200. -175. -150. -125. -100.  -75.  -50.
  -25.    0.   25.   50.   75.  100.  125.  150.  175.  200.  225.  250.
  275.  300.  325.  350.  375.  400.  425.  450.  475.  500.  525.])
DEBUG:radiomics.glcm: Calculating GLCM matrix in C
DEBUG:radiomics.glcm: Process calculated matrix
DEBUG:radiomics.glcm: Create symmetrical matrix
DEBUG:radiomics.glcm: No empty angles
DEBUG:radiomics.glcm: Calculating GLCM coefficients
DEBUG:radiomics.glcm: GLCM feature class initialized, calculated GLCM with shape (1, 43, 43, 13)
DEBUG:radiomics.glcm: Calculating features
INFO:radiomics.featureextractor: Computing glrlm
DEBUG:radiomics.glrlm: Initializing feature class
DEBUG:radiomics.imageoperations: Discretizing gray levels inside ROI
DEBUG:radiomics.imageoperations: Calculated 46 bins for bin width 25 with edges: [-625. -600. -575. -550. -525. -500. -475. -450. -425. -400. -375. -350.
 -325. -300. -275. -250. -225. -200. -175. -150. -125. -100.  -75.  -50.
  -25.    0.   25.   50.   75.  100.  125.  150.  175.  200.  225.  250.
  275.  300.  325.  350.  375.  400.  425.  450.  475.  500.  525.])
DEBUG:radiomics.glrlm: Calculating GLRLM matrix in C
DEBUG:radiomics.glrlm: Process calculated matrix
DEBUG:radiomics.glrlm: No empty angles
DEBUG:radiomics.glrlm: Calculating GLRLM coefficients
DEBUG:radiomics.glrlm: GLRLM feature class initialized, calculated GLRLM with shape (1, 43, 28, 13)
DEBUG:radiomics.glrlm: Calculating features
INFO:radiomics.featureextractor: Computing glszm
DEBUG:radiomics.glszm: Initializing feature class
DEBUG:radiomics.imageoperations: Discretizing gray levels inside ROI
DEBUG:radiomics.imageoperations: Calculated 46 bins for bin width 25 with edges: [-625. -600. -575. -550. -525. -500. -475. -450. -425. -400. -375. -350.
 -325. -300. -275. -250. -225. -200. -175. -150. -125. -100.  -75.  -50.
  -25.    0.   25.   50.   75.  100.  125.  150.  175.  200.  225.  250.
  275.  300.  325.  350.  375.  400.  425.  450.  475.  500.  525.])
DEBUG:radiomics.glszm: Calculating GLSZM matrix in C
DEBUG:radiomics.glszm: Calculating GLSZM coefficients
DEBUG:radiomics.glszm: GLSZM feature class initialized, calculated GLSZM with shape (1, 43, 113)
DEBUG:radiomics.glszm: Calculating features
INFO:radiomics.featureextractor: Computing gldm
DEBUG:radiomics.gldm: Initializing feature class
DEBUG:radiomics.imageoperations: Discretizing gray levels inside ROI
DEBUG:radiomics.imageoperations: Calculated 46 bins for bin width 25 with edges: [-625. -600. -575. -550. -525. -500. -475. -450. -425. -400. -375. -350.
 -325. -300. -275. -250. -225. -200. -175. -150. -125. -100.  -75.  -50.
  -25.    0.   25.   50.   75.  100.  125.  150.  175.  200.  225.  250.
  275.  300.  325.  350.  375.  400.  425.  450.  475.  500.  525.])
DEBUG:radiomics.gldm: Calculating GLDM matrix in C
DEBUG:radiomics.gldm: Feature class initialized, calculated GLDM with shape (1, 43, 27)
DEBUG:radiomics.gldm: Calculating features
INFO:radiomics.imageoperations: Computing LoG with sigma 2
DEBUG:radiomics.imageoperations: Yielding log-sigma-2-0-mm-3D image
INFO:radiomics.featureextractor: Calculating features for log-sigma-2-0-mm-3D image
DEBUG:radiomics.imageoperations: Cropping to size [95 88 63]
INFO:radiomics.featureextractor: Computing firstorder
DEBUG:radiomics.firstorder: Initializing feature class
DEBUG:radiomics.imageoperations: Discretizing gray levels inside ROI
DEBUG:radiomics.imageoperations: Calculated 41 bins for bin width 25 with edges: [-425. -400. -375. -350. -325. -300. -275. -250. -225. -200. -175. -150.
 -125. -100.  -75.  -50.  -25.    0.   25.   50.   75.  100.  125.  150.
  175.  200.  225.  250.  275.  300.  325.  350.  375.  400.  425.  450.
  475.  500.  525.  550.  575.  600.])
DEBUG:radiomics.firstorder: First order feature class initialized
DEBUG:radiomics.firstorder: Calculating features
INFO:radiomics.featureextractor: Computing glcm
DEBUG:radiomics.glcm: Initializing feature class
DEBUG:radiomics.imageoperations: Discretizing gray levels inside ROI
DEBUG:radiomics.imageoperations: Calculated 41 bins for bin width 25 with edges: [-425. -400. -375. -350. -325. -300. -275. -250. -225. -200. -175. -150.
 -125. -100.  -75.  -50.  -25.    0.   25.   50.   75.  100.  125.  150.
  175.  200.  225.  250.  275.  300.  325.  350.  375.  400.  425.  450.
  475.  500.  525.  550.  575.  600.])
DEBUG:radiomics.glcm: Calculating GLCM matrix in C
DEBUG:radiomics.glcm: Process calculated matrix
DEBUG:radiomics.glcm: Create symmetrical matrix
DEBUG:radiomics.glcm: No empty angles
DEBUG:radiomics.glcm: Calculating GLCM coefficients
DEBUG:radiomics.glcm: GLCM feature class initialized, calculated GLCM with shape (1, 40, 40, 13)
DEBUG:radiomics.glcm: Calculating features
INFO:radiomics.featureextractor: Computing glrlm
DEBUG:radiomics.glrlm: Initializing feature class
DEBUG:radiomics.imageoperations: Discretizing gray levels inside ROI
DEBUG:radiomics.imageoperations: Calculated 41 bins for bin width 25 with edges: [-425. -400. -375. -350. -325. -300. -275. -250. -225. -200. -175. -150.
 -125. -100.  -75.  -50.  -25.    0.   25.   50.   75.  100.  125.  150.
  175.  200.  225.  250.  275.  300.  325.  350.  375.  400.  425.  450.
  475.  500.  525.  550.  575.  600.])
DEBUG:radiomics.glrlm: Calculating GLRLM matrix in C
DEBUG:radiomics.glrlm: Process calculated matrix
DEBUG:radiomics.glrlm: No empty angles
DEBUG:radiomics.glrlm: Calculating GLRLM coefficients
DEBUG:radiomics.glrlm: GLRLM feature class initialized, calculated GLRLM with shape (1, 40, 38, 13)
DEBUG:radiomics.glrlm: Calculating features
INFO:radiomics.featureextractor: Computing glszm
DEBUG:radiomics.glszm: Initializing feature class
DEBUG:radiomics.imageoperations: Discretizing gray levels inside ROI
DEBUG:radiomics.imageoperations: Calculated 41 bins for bin width 25 with edges: [-425. -400. -375. -350. -325. -300. -275. -250. -225. -200. -175. -150.
 -125. -100.  -75.  -50.  -25.    0.   25.   50.   75.  100.  125.  150.
  175.  200.  225.  250.  275.  300.  325.  350.  375.  400.  425.  450.
  475.  500.  525.  550.  575.  600.])
DEBUG:radiomics.glszm: Calculating GLSZM matrix in C
DEBUG:radiomics.glszm: Calculating GLSZM coefficients
DEBUG:radiomics.glszm: GLSZM feature class initialized, calculated GLSZM with shape (1, 40, 136)
DEBUG:radiomics.glszm: Calculating features
INFO:radiomics.featureextractor: Computing gldm
DEBUG:radiomics.gldm: Initializing feature class
DEBUG:radiomics.imageoperations: Discretizing gray levels inside ROI
DEBUG:radiomics.imageoperations: Calculated 41 bins for bin width 25 with edges: [-425. -400. -375. -350. -325. -300. -275. -250. -225. -200. -175. -150.
 -125. -100.  -75.  -50.  -25.    0.   25.   50.   75.  100.  125.  150.
  175.  200.  225.  250.  275.  300.  325.  350.  375.  400.  425.  450.
  475.  500.  525.  550.  575.  600.])
DEBUG:radiomics.gldm: Calculating GLDM matrix in C
DEBUG:radiomics.gldm: Feature class initialized, calculated GLDM with shape (1, 40, 27)
DEBUG:radiomics.gldm: Calculating features
INFO:radiomics.imageoperations: Computing LoG with sigma 3
DEBUG:radiomics.imageoperations: Yielding log-sigma-3-0-mm-3D image
INFO:radiomics.featureextractor: Calculating features for log-sigma-3-0-mm-3D image
DEBUG:radiomics.imageoperations: Cropping to size [95 88 63]
INFO:radiomics.featureextractor: Computing firstorder
DEBUG:radiomics.firstorder: Initializing feature class
DEBUG:radiomics.imageoperations: Discretizing gray levels inside ROI
DEBUG:radiomics.imageoperations: Calculated 45 bins for bin width 25 with edges: [-450. -425. -400. -375. -350. -325. -300. -275. -250. -225. -200. -175.
 -150. -125. -100.  -75.  -50.  -25.    0.   25.   50.   75.  100.  125.
  150.  175.  200.  225.  250.  275.  300.  325.  350.  375.  400.  425.
  450.  475.  500.  525.  550.  575.  600.  625.  650.  675.])
DEBUG:radiomics.firstorder: First order feature class initialized
DEBUG:radiomics.firstorder: Calculating features
INFO:radiomics.featureextractor: Computing glcm
DEBUG:radiomics.glcm: Initializing feature class
DEBUG:radiomics.imageoperations: Discretizing gray levels inside ROI
DEBUG:radiomics.imageoperations: Calculated 45 bins for bin width 25 with edges: [-450. -425. -400. -375. -350. -325. -300. -275. -250. -225. -200. -175.
 -150. -125. -100.  -75.  -50.  -25.    0.   25.   50.   75.  100.  125.
  150.  175.  200.  225.  250.  275.  300.  325.  350.  375.  400.  425.
  450.  475.  500.  525.  550.  575.  600.  625.  650.  675.])
DEBUG:radiomics.glcm: Calculating GLCM matrix in C
DEBUG:radiomics.glcm: Process calculated matrix
DEBUG:radiomics.glcm: Create symmetrical matrix
DEBUG:radiomics.glcm: No empty angles
DEBUG:radiomics.glcm: Calculating GLCM coefficients
DEBUG:radiomics.glcm: GLCM feature class initialized, calculated GLCM with shape (1, 44, 44, 13)
DEBUG:radiomics.glcm: Calculating features
INFO:radiomics.featureextractor: Computing glrlm
DEBUG:radiomics.glrlm: Initializing feature class
DEBUG:radiomics.imageoperations: Discretizing gray levels inside ROI
DEBUG:radiomics.imageoperations: Calculated 45 bins for bin width 25 with edges: [-450. -425. -400. -375. -350. -325. -300. -275. -250. -225. -200. -175.
 -150. -125. -100.  -75.  -50.  -25.    0.   25.   50.   75.  100.  125.
  150.  175.  200.  225.  250.  275.  300.  325.  350.  375.  400.  425.
  450.  475.  500.  525.  550.  575.  600.  625.  650.  675.])
DEBUG:radiomics.glrlm: Calculating GLRLM matrix in C
DEBUG:radiomics.glrlm: Process calculated matrix
DEBUG:radiomics.glrlm: No empty angles
DEBUG:radiomics.glrlm: Calculating GLRLM coefficients
DEBUG:radiomics.glrlm: GLRLM feature class initialized, calculated GLRLM with shape (1, 44, 36, 13)
DEBUG:radiomics.glrlm: Calculating features
INFO:radiomics.featureextractor: Computing glszm
DEBUG:radiomics.glszm: Initializing feature class
DEBUG:radiomics.imageoperations: Discretizing gray levels inside ROI
DEBUG:radiomics.imageoperations: Calculated 45 bins for bin width 25 with edges: [-450. -425. -400. -375. -350. -325. -300. -275. -250. -225. -200. -175.
 -150. -125. -100.  -75.  -50.  -25.    0.   25.   50.   75.  100.  125.
  150.  175.  200.  225.  250.  275.  300.  325.  350.  375.  400.  425.
  450.  475.  500.  525.  550.  575.  600.  625.  650.  675.])
DEBUG:radiomics.glszm: Calculating GLSZM matrix in C
DEBUG:radiomics.glszm: Calculating GLSZM coefficients
DEBUG:radiomics.glszm: GLSZM feature class initialized, calculated GLSZM with shape (1, 44, 149)
DEBUG:radiomics.glszm: Calculating features
INFO:radiomics.featureextractor: Computing gldm
DEBUG:radiomics.gldm: Initializing feature class
DEBUG:radiomics.imageoperations: Discretizing gray levels inside ROI
DEBUG:radiomics.imageoperations: Calculated 45 bins for bin width 25 with edges: [-450. -425. -400. -375. -350. -325. -300. -275. -250. -225. -200. -175.
 -150. -125. -100.  -75.  -50.  -25.    0.   25.   50.   75.  100.  125.
  150.  175.  200.  225.  250.  275.  300.  325.  350.  375.  400.  425.
  450.  475.  500.  525.  550.  575.  600.  625.  650.  675.])
DEBUG:radiomics.gldm: Calculating GLDM matrix in C
DEBUG:radiomics.gldm: Feature class initialized, calculated GLDM with shape (1, 44, 27)
DEBUG:radiomics.gldm: Calculating features
INFO:radiomics.imageoperations: Computing LoG with sigma 4
DEBUG:radiomics.imageoperations: Yielding log-sigma-4-0-mm-3D image
INFO:radiomics.featureextractor: Calculating features for log-sigma-4-0-mm-3D image
DEBUG:radiomics.imageoperations: Cropping to size [95 88 63]
INFO:radiomics.featureextractor: Computing firstorder
DEBUG:radiomics.firstorder: Initializing feature class
DEBUG:radiomics.imageoperations: Discretizing gray levels inside ROI
DEBUG:radiomics.imageoperations: Calculated 49 bins for bin width 25 with edges: [-500. -475. -450. -425. -400. -375. -350. -325. -300. -275. -250. -225.
 -200. -175. -150. -125. -100.  -75.  -50.  -25.    0.   25.   50.   75.
  100.  125.  150.  175.  200.  225.  250.  275.  300.  325.  350.  375.
  400.  425.  450.  475.  500.  525.  550.  575.  600.  625.  650.  675.
  700.  725.])
DEBUG:radiomics.firstorder: First order feature class initialized
DEBUG:radiomics.firstorder: Calculating features
INFO:radiomics.featureextractor: Computing glcm
DEBUG:radiomics.glcm: Initializing feature class
DEBUG:radiomics.imageoperations: Discretizing gray levels inside ROI
DEBUG:radiomics.imageoperations: Calculated 49 bins for bin width 25 with edges: [-500. -475. -450. -425. -400. -375. -350. -325. -300. -275. -250. -225.
 -200. -175. -150. -125. -100.  -75.  -50.  -25.    0.   25.   50.   75.
  100.  125.  150.  175.  200.  225.  250.  275.  300.  325.  350.  375.
  400.  425.  450.  475.  500.  525.  550.  575.  600.  625.  650.  675.
  700.  725.])
DEBUG:radiomics.glcm: Calculating GLCM matrix in C
DEBUG:radiomics.glcm: Process calculated matrix
DEBUG:radiomics.glcm: Create symmetrical matrix
DEBUG:radiomics.glcm: No empty angles
DEBUG:radiomics.glcm: Calculating GLCM coefficients
DEBUG:radiomics.glcm: GLCM feature class initialized, calculated GLCM with shape (1, 48, 48, 13)
DEBUG:radiomics.glcm: Calculating features
INFO:radiomics.featureextractor: Computing glrlm
DEBUG:radiomics.glrlm: Initializing feature class
DEBUG:radiomics.imageoperations: Discretizing gray levels inside ROI
DEBUG:radiomics.imageoperations: Calculated 49 bins for bin width 25 with edges: [-500. -475. -450. -425. -400. -375. -350. -325. -300. -275. -250. -225.
 -200. -175. -150. -125. -100.  -75.  -50.  -25.    0.   25.   50.   75.
  100.  125.  150.  175.  200.  225.  250.  275.  300.  325.  350.  375.
  400.  425.  450.  475.  500.  525.  550.  575.  600.  625.  650.  675.
  700.  725.])
DEBUG:radiomics.glrlm: Calculating GLRLM matrix in C
DEBUG:radiomics.glrlm: Process calculated matrix
DEBUG:radiomics.glrlm: No empty angles
DEBUG:radiomics.glrlm: Calculating GLRLM coefficients
DEBUG:radiomics.glrlm: GLRLM feature class initialized, calculated GLRLM with shape (1, 48, 32, 13)
DEBUG:radiomics.glrlm: Calculating features
INFO:radiomics.featureextractor: Computing glszm
DEBUG:radiomics.glszm: Initializing feature class
DEBUG:radiomics.imageoperations: Discretizing gray levels inside ROI
DEBUG:radiomics.imageoperations: Calculated 49 bins for bin width 25 with edges: [-500. -475. -450. -425. -400. -375. -350. -325. -300. -275. -250. -225.
 -200. -175. -150. -125. -100.  -75.  -50.  -25.    0.   25.   50.   75.
  100.  125.  150.  175.  200.  225.  250.  275.  300.  325.  350.  375.
  400.  425.  450.  475.  500.  525.  550.  575.  600.  625.  650.  675.
  700.  725.])
DEBUG:radiomics.glszm: Calculating GLSZM matrix in C
DEBUG:radiomics.glszm: Calculating GLSZM coefficients
DEBUG:radiomics.glszm: GLSZM feature class initialized, calculated GLSZM with shape (1, 48, 166)
DEBUG:radiomics.glszm: Calculating features
INFO:radiomics.featureextractor: Computing gldm
DEBUG:radiomics.gldm: Initializing feature class
DEBUG:radiomics.imageoperations: Discretizing gray levels inside ROI
DEBUG:radiomics.imageoperations: Calculated 49 bins for bin width 25 with edges: [-500. -475. -450. -425. -400. -375. -350. -325. -300. -275. -250. -225.
 -200. -175. -150. -125. -100.  -75.  -50.  -25.    0.   25.   50.   75.
  100.  125.  150.  175.  200.  225.  250.  275.  300.  325.  350.  375.
  400.  425.  450.  475.  500.  525.  550.  575.  600.  625.  650.  675.
  700.  725.])
DEBUG:radiomics.gldm: Calculating GLDM matrix in C
DEBUG:radiomics.gldm: Feature class initialized, calculated GLDM with shape (1, 48, 27)
DEBUG:radiomics.gldm: Calculating features
INFO:radiomics.imageoperations: Computing LoG with sigma 5
DEBUG:radiomics.imageoperations: Yielding log-sigma-5-0-mm-3D image
INFO:radiomics.featureextractor: Calculating features for log-sigma-5-0-mm-3D image
DEBUG:radiomics.imageoperations: Cropping to size [95 88 63]
INFO:radiomics.featureextractor: Computing firstorder
DEBUG:radiomics.firstorder: Initializing feature class
DEBUG:radiomics.imageoperations: Discretizing gray levels inside ROI
DEBUG:radiomics.imageoperations: Calculated 48 bins for bin width 25 with edges: [-500. -475. -450. -425. -400. -375. -350. -325. -300. -275. -250. -225.
 -200. -175. -150. -125. -100.  -75.  -50.  -25.    0.   25.   50.   75.
  100.  125.  150.  175.  200.  225.  250.  275.  300.  325.  350.  375.
  400.  425.  450.  475.  500.  525.  550.  575.  600.  625.  650.  675.
  700.])
DEBUG:radiomics.firstorder: First order feature class initialized
DEBUG:radiomics.firstorder: Calculating features
INFO:radiomics.featureextractor: Computing glcm
DEBUG:radiomics.glcm: Initializing feature class
DEBUG:radiomics.imageoperations: Discretizing gray levels inside ROI
DEBUG:radiomics.imageoperations: Calculated 48 bins for bin width 25 with edges: [-500. -475. -450. -425. -400. -375. -350. -325. -300. -275. -250. -225.
 -200. -175. -150. -125. -100.  -75.  -50.  -25.    0.   25.   50.   75.
  100.  125.  150.  175.  200.  225.  250.  275.  300.  325.  350.  375.
  400.  425.  450.  475.  500.  525.  550.  575.  600.  625.  650.  675.
  700.])
DEBUG:radiomics.glcm: Calculating GLCM matrix in C
DEBUG:radiomics.glcm: Process calculated matrix
DEBUG:radiomics.glcm: Create symmetrical matrix
DEBUG:radiomics.glcm: No empty angles
DEBUG:radiomics.glcm: Calculating GLCM coefficients
DEBUG:radiomics.glcm: GLCM feature class initialized, calculated GLCM with shape (1, 47, 47, 13)
DEBUG:radiomics.glcm: Calculating features
INFO:radiomics.featureextractor: Computing glrlm
DEBUG:radiomics.glrlm: Initializing feature class
DEBUG:radiomics.imageoperations: Discretizing gray levels inside ROI
DEBUG:radiomics.imageoperations: Calculated 48 bins for bin width 25 with edges: [-500. -475. -450. -425. -400. -375. -350. -325. -300. -275. -250. -225.
 -200. -175. -150. -125. -100.  -75.  -50.  -25.    0.   25.   50.   75.
  100.  125.  150.  175.  200.  225.  250.  275.  300.  325.  350.  375.
  400.  425.  450.  475.  500.  525.  550.  575.  600.  625.  650.  675.
  700.])
DEBUG:radiomics.glrlm: Calculating GLRLM matrix in C
DEBUG:radiomics.glrlm: Process calculated matrix
DEBUG:radiomics.glrlm: No empty angles
DEBUG:radiomics.glrlm: Calculating GLRLM coefficients
DEBUG:radiomics.glrlm: GLRLM feature class initialized, calculated GLRLM with shape (1, 47, 35, 13)
DEBUG:radiomics.glrlm: Calculating features
INFO:radiomics.featureextractor: Computing glszm
DEBUG:radiomics.glszm: Initializing feature class
DEBUG:radiomics.imageoperations: Discretizing gray levels inside ROI
DEBUG:radiomics.imageoperations: Calculated 48 bins for bin width 25 with edges: [-500. -475. -450. -425. -400. -375. -350. -325. -300. -275. -250. -225.
 -200. -175. -150. -125. -100.  -75.  -50.  -25.    0.   25.   50.   75.
  100.  125.  150.  175.  200.  225.  250.  275.  300.  325.  350.  375.
  400.  425.  450.  475.  500.  525.  550.  575.  600.  625.  650.  675.
  700.])
DEBUG:radiomics.glszm: Calculating GLSZM matrix in C
DEBUG:radiomics.glszm: Calculating GLSZM coefficients
DEBUG:radiomics.glszm: GLSZM feature class initialized, calculated GLSZM with shape (1, 47, 156)
DEBUG:radiomics.glszm: Calculating features
INFO:radiomics.featureextractor: Computing gldm
DEBUG:radiomics.gldm: Initializing feature class
DEBUG:radiomics.imageoperations: Discretizing gray levels inside ROI
DEBUG:radiomics.imageoperations: Calculated 48 bins for bin width 25 with edges: [-500. -475. -450. -425. -400. -375. -350. -325. -300. -275. -250. -225.
 -200. -175. -150. -125. -100.  -75.  -50.  -25.    0.   25.   50.   75.
  100.  125.  150.  175.  200.  225.  250.  275.  300.  325.  350.  375.
  400.  425.  450.  475.  500.  525.  550.  575.  600.  625.  650.  675.
  700.])
DEBUG:radiomics.gldm: Calculating GLDM matrix in C
DEBUG:radiomics.gldm: Feature class initialized, calculated GLDM with shape (1, 47, 27)
DEBUG:radiomics.gldm: Calculating features
DEBUG:radiomics.imageoperations: Generating Wavelet images
INFO:radiomics.imageoperations: Computing Wavelet LLH
DEBUG:radiomics.imageoperations: Yielding wavelet-LLH image
INFO:radiomics.featureextractor: Calculating features for wavelet-LLH image
DEBUG:radiomics.imageoperations: Cropping to size [95 88 63]
INFO:radiomics.featureextractor: Computing firstorder
DEBUG:radiomics.firstorder: Initializing feature class
DEBUG:radiomics.imageoperations: Discretizing gray levels inside ROI
DEBUG:radiomics.imageoperations: Calculated 25 bins for bin width 25 with edges: [-325. -300. -275. -250. -225. -200. -175. -150. -125. -100.  -75.  -50.
  -25.    0.   25.   50.   75.  100.  125.  150.  175.  200.  225.  250.
  275.  300.])
DEBUG:radiomics.firstorder: First order feature class initialized
DEBUG:radiomics.firstorder: Calculating features
INFO:radiomics.featureextractor: Computing glcm
DEBUG:radiomics.glcm: Initializing feature class
DEBUG:radiomics.imageoperations: Discretizing gray levels inside ROI
DEBUG:radiomics.imageoperations: Calculated 25 bins for bin width 25 with edges: [-325. -300. -275. -250. -225. -200. -175. -150. -125. -100.  -75.  -50.
  -25.    0.   25.   50.   75.  100.  125.  150.  175.  200.  225.  250.
  275.  300.])
DEBUG:radiomics.glcm: Calculating GLCM matrix in C
DEBUG:radiomics.glcm: Process calculated matrix
DEBUG:radiomics.glcm: Create symmetrical matrix
DEBUG:radiomics.glcm: No empty angles
DEBUG:radiomics.glcm: Calculating GLCM coefficients
DEBUG:radiomics.glcm: GLCM feature class initialized, calculated GLCM with shape (1, 23, 23, 13)
DEBUG:radiomics.glcm: Calculating features
INFO:radiomics.featureextractor: Computing glrlm
DEBUG:radiomics.glrlm: Initializing feature class
DEBUG:radiomics.imageoperations: Discretizing gray levels inside ROI
DEBUG:radiomics.imageoperations: Calculated 25 bins for bin width 25 with edges: [-325. -300. -275. -250. -225. -200. -175. -150. -125. -100.  -75.  -50.
  -25.    0.   25.   50.   75.  100.  125.  150.  175.  200.  225.  250.
  275.  300.])
DEBUG:radiomics.glrlm: Calculating GLRLM matrix in C
DEBUG:radiomics.glrlm: Process calculated matrix
DEBUG:radiomics.glrlm: No empty angles
DEBUG:radiomics.glrlm: Calculating GLRLM coefficients
DEBUG:radiomics.glrlm: GLRLM feature class initialized, calculated GLRLM with shape (1, 23, 32, 13)
DEBUG:radiomics.glrlm: Calculating features
INFO:radiomics.featureextractor: Computing glszm
DEBUG:radiomics.glszm: Initializing feature class
DEBUG:radiomics.imageoperations: Discretizing gray levels inside ROI
DEBUG:radiomics.imageoperations: Calculated 25 bins for bin width 25 with edges: [-325. -300. -275. -250. -225. -200. -175. -150. -125. -100.  -75.  -50.
  -25.    0.   25.   50.   75.  100.  125.  150.  175.  200.  225.  250.
  275.  300.])
DEBUG:radiomics.glszm: Calculating GLSZM matrix in C
DEBUG:radiomics.glszm: Calculating GLSZM coefficients
DEBUG:radiomics.glszm: GLSZM feature class initialized, calculated GLSZM with shape (1, 23, 123)
DEBUG:radiomics.glszm: Calculating features
INFO:radiomics.featureextractor: Computing gldm
DEBUG:radiomics.gldm: Initializing feature class
DEBUG:radiomics.imageoperations: Discretizing gray levels inside ROI
DEBUG:radiomics.imageoperations: Calculated 25 bins for bin width 25 with edges: [-325. -300. -275. -250. -225. -200. -175. -150. -125. -100.  -75.  -50.
  -25.    0.   25.   50.   75.  100.  125.  150.  175.  200.  225.  250.
  275.  300.])
DEBUG:radiomics.gldm: Calculating GLDM matrix in C
DEBUG:radiomics.gldm: Feature class initialized, calculated GLDM with shape (1, 23, 27)
DEBUG:radiomics.gldm: Calculating features
INFO:radiomics.imageoperations: Computing Wavelet LHL
DEBUG:radiomics.imageoperations: Yielding wavelet-LHL image
INFO:radiomics.featureextractor: Calculating features for wavelet-LHL image
DEBUG:radiomics.imageoperations: Cropping to size [95 88 63]
INFO:radiomics.featureextractor: Computing firstorder
DEBUG:radiomics.firstorder: Initializing feature class
DEBUG:radiomics.imageoperations: Discretizing gray levels inside ROI
DEBUG:radiomics.imageoperations: Calculated 44 bins for bin width 25 with edges: [-525. -500. -475. -450. -425. -400. -375. -350. -325. -300. -275. -250.
 -225. -200. -175. -150. -125. -100.  -75.  -50.  -25.    0.   25.   50.
   75.  100.  125.  150.  175.  200.  225.  250.  275.  300.  325.  350.
  375.  400.  425.  450.  475.  500.  525.  550.  575.])
DEBUG:radiomics.firstorder: First order feature class initialized
DEBUG:radiomics.firstorder: Calculating features
INFO:radiomics.featureextractor: Computing glcm
DEBUG:radiomics.glcm: Initializing feature class
DEBUG:radiomics.imageoperations: Discretizing gray levels inside ROI
DEBUG:radiomics.imageoperations: Calculated 44 bins for bin width 25 with edges: [-525. -500. -475. -450. -425. -400. -375. -350. -325. -300. -275. -250.
 -225. -200. -175. -150. -125. -100.  -75.  -50.  -25.    0.   25.   50.
   75.  100.  125.  150.  175.  200.  225.  250.  275.  300.  325.  350.
  375.  400.  425.  450.  475.  500.  525.  550.  575.])
DEBUG:radiomics.glcm: Calculating GLCM matrix in C
DEBUG:radiomics.glcm: Process calculated matrix
DEBUG:radiomics.glcm: Create symmetrical matrix
DEBUG:radiomics.glcm: No empty angles
DEBUG:radiomics.glcm: Calculating GLCM coefficients
DEBUG:radiomics.glcm: GLCM feature class initialized, calculated GLCM with shape (1, 43, 43, 13)
DEBUG:radiomics.glcm: Calculating features
INFO:radiomics.featureextractor: Computing glrlm
DEBUG:radiomics.glrlm: Initializing feature class
DEBUG:radiomics.imageoperations: Discretizing gray levels inside ROI
DEBUG:radiomics.imageoperations: Calculated 44 bins for bin width 25 with edges: [-525. -500. -475. -450. -425. -400. -375. -350. -325. -300. -275. -250.
 -225. -200. -175. -150. -125. -100.  -75.  -50.  -25.    0.   25.   50.
   75.  100.  125.  150.  175.  200.  225.  250.  275.  300.  325.  350.
  375.  400.  425.  450.  475.  500.  525.  550.  575.])
DEBUG:radiomics.glrlm: Calculating GLRLM matrix in C
DEBUG:radiomics.glrlm: Process calculated matrix
DEBUG:radiomics.glrlm: No empty angles
DEBUG:radiomics.glrlm: Calculating GLRLM coefficients
DEBUG:radiomics.glrlm: GLRLM feature class initialized, calculated GLRLM with shape (1, 43, 23, 13)
DEBUG:radiomics.glrlm: Calculating features
INFO:radiomics.featureextractor: Computing glszm
DEBUG:radiomics.glszm: Initializing feature class
DEBUG:radiomics.imageoperations: Discretizing gray levels inside ROI
DEBUG:radiomics.imageoperations: Calculated 44 bins for bin width 25 with edges: [-525. -500. -475. -450. -425. -400. -375. -350. -325. -300. -275. -250.
 -225. -200. -175. -150. -125. -100.  -75.  -50.  -25.    0.   25.   50.
   75.  100.  125.  150.  175.  200.  225.  250.  275.  300.  325.  350.
  375.  400.  425.  450.  475.  500.  525.  550.  575.])
DEBUG:radiomics.glszm: Calculating GLSZM matrix in C
DEBUG:radiomics.glszm: Calculating GLSZM coefficients
DEBUG:radiomics.glszm: GLSZM feature class initialized, calculated GLSZM with shape (1, 43, 111)
DEBUG:radiomics.glszm: Calculating features
INFO:radiomics.featureextractor: Computing gldm
DEBUG:radiomics.gldm: Initializing feature class
DEBUG:radiomics.imageoperations: Discretizing gray levels inside ROI
DEBUG:radiomics.imageoperations: Calculated 44 bins for bin width 25 with edges: [-525. -500. -475. -450. -425. -400. -375. -350. -325. -300. -275. -250.
 -225. -200. -175. -150. -125. -100.  -75.  -50.  -25.    0.   25.   50.
   75.  100.  125.  150.  175.  200.  225.  250.  275.  300.  325.  350.
  375.  400.  425.  450.  475.  500.  525.  550.  575.])
DEBUG:radiomics.gldm: Calculating GLDM matrix in C
DEBUG:radiomics.gldm: Feature class initialized, calculated GLDM with shape (1, 43, 26)
DEBUG:radiomics.gldm: Calculating features
INFO:radiomics.imageoperations: Computing Wavelet LHH
DEBUG:radiomics.imageoperations: Yielding wavelet-LHH image
INFO:radiomics.featureextractor: Calculating features for wavelet-LHH image
DEBUG:radiomics.imageoperations: Cropping to size [95 88 63]
INFO:radiomics.featureextractor: Computing firstorder
DEBUG:radiomics.firstorder: Initializing feature class
DEBUG:radiomics.imageoperations: Discretizing gray levels inside ROI
DEBUG:radiomics.imageoperations: Calculated 7 bins for bin width 25 with edges: [-75. -50. -25.   0.  25.  50.  75. 100.])
DEBUG:radiomics.firstorder: First order feature class initialized
DEBUG:radiomics.firstorder: Calculating features
INFO:radiomics.featureextractor: Computing glcm
DEBUG:radiomics.glcm: Initializing feature class
DEBUG:radiomics.imageoperations: Discretizing gray levels inside ROI
DEBUG:radiomics.imageoperations: Calculated 7 bins for bin width 25 with edges: [-75. -50. -25.   0.  25.  50.  75. 100.])
DEBUG:radiomics.glcm: Calculating GLCM matrix in C
DEBUG:radiomics.glcm: Process calculated matrix
DEBUG:radiomics.glcm: Create symmetrical matrix
DEBUG:radiomics.glcm: No empty angles
DEBUG:radiomics.glcm: Calculating GLCM coefficients
DEBUG:radiomics.glcm: GLCM feature class initialized, calculated GLCM with shape (1, 6, 6, 13)
DEBUG:radiomics.glcm: Calculating features
INFO:radiomics.featureextractor: Computing glrlm
DEBUG:radiomics.glrlm: Initializing feature class
DEBUG:radiomics.imageoperations: Discretizing gray levels inside ROI
DEBUG:radiomics.imageoperations: Calculated 7 bins for bin width 25 with edges: [-75. -50. -25.   0.  25.  50.  75. 100.])
DEBUG:radiomics.glrlm: Calculating GLRLM matrix in C
DEBUG:radiomics.glrlm: Process calculated matrix
DEBUG:radiomics.glrlm: No empty angles
DEBUG:radiomics.glrlm: Calculating GLRLM coefficients
DEBUG:radiomics.glrlm: GLRLM feature class initialized, calculated GLRLM with shape (1, 6, 36, 13)
DEBUG:radiomics.glrlm: Calculating features
INFO:radiomics.featureextractor: Computing glszm
DEBUG:radiomics.glszm: Initializing feature class
DEBUG:radiomics.imageoperations: Discretizing gray levels inside ROI
DEBUG:radiomics.imageoperations: Calculated 7 bins for bin width 25 with edges: [-75. -50. -25.   0.  25.  50.  75. 100.])
DEBUG:radiomics.glszm: Calculating GLSZM matrix in C
DEBUG:radiomics.glszm: Calculating GLSZM coefficients
DEBUG:radiomics.glszm: GLSZM feature class initialized, calculated GLSZM with shape (1, 6, 29)
DEBUG:radiomics.glszm: Calculating features
INFO:radiomics.featureextractor: Computing gldm
DEBUG:radiomics.gldm: Initializing feature class
DEBUG:radiomics.imageoperations: Discretizing gray levels inside ROI
DEBUG:radiomics.imageoperations: Calculated 7 bins for bin width 25 with edges: [-75. -50. -25.   0.  25.  50.  75. 100.])
DEBUG:radiomics.gldm: Calculating GLDM matrix in C
DEBUG:radiomics.gldm: Feature class initialized, calculated GLDM with shape (1, 6, 27)
DEBUG:radiomics.gldm: Calculating features
INFO:radiomics.imageoperations: Computing Wavelet HLL
DEBUG:radiomics.imageoperations: Yielding wavelet-HLL image
INFO:radiomics.featureextractor: Calculating features for wavelet-HLL image
DEBUG:radiomics.imageoperations: Cropping to size [95 88 63]
INFO:radiomics.featureextractor: Computing firstorder
DEBUG:radiomics.firstorder: Initializing feature class
DEBUG:radiomics.imageoperations: Discretizing gray levels inside ROI
DEBUG:radiomics.imageoperations: Calculated 44 bins for bin width 25 with edges: [-575. -550. -525. -500. -475. -450. -425. -400. -375. -350. -325. -300.
 -275. -250. -225. -200. -175. -150. -125. -100.  -75.  -50.  -25.    0.
   25.   50.   75.  100.  125.  150.  175.  200.  225.  250.  275.  300.
  325.  350.  375.  400.  425.  450.  475.  500.  525.])
DEBUG:radiomics.firstorder: First order feature class initialized
DEBUG:radiomics.firstorder: Calculating features
INFO:radiomics.featureextractor: Computing glcm
DEBUG:radiomics.glcm: Initializing feature class
DEBUG:radiomics.imageoperations: Discretizing gray levels inside ROI
DEBUG:radiomics.imageoperations: Calculated 44 bins for bin width 25 with edges: [-575. -550. -525. -500. -475. -450. -425. -400. -375. -350. -325. -300.
 -275. -250. -225. -200. -175. -150. -125. -100.  -75.  -50.  -25.    0.
   25.   50.   75.  100.  125.  150.  175.  200.  225.  250.  275.  300.
  325.  350.  375.  400.  425.  450.  475.  500.  525.])
DEBUG:radiomics.glcm: Calculating GLCM matrix in C
DEBUG:radiomics.glcm: Process calculated matrix
DEBUG:radiomics.glcm: Create symmetrical matrix
DEBUG:radiomics.glcm: No empty angles
DEBUG:radiomics.glcm: Calculating GLCM coefficients
DEBUG:radiomics.glcm: GLCM feature class initialized, calculated GLCM with shape (1, 43, 43, 13)
DEBUG:radiomics.glcm: Calculating features
INFO:radiomics.featureextractor: Computing glrlm
DEBUG:radiomics.glrlm: Initializing feature class
DEBUG:radiomics.imageoperations: Discretizing gray levels inside ROI
DEBUG:radiomics.imageoperations: Calculated 44 bins for bin width 25 with edges: [-575. -550. -525. -500. -475. -450. -425. -400. -375. -350. -325. -300.
 -275. -250. -225. -200. -175. -150. -125. -100.  -75.  -50.  -25.    0.
   25.   50.   75.  100.  125.  150.  175.  200.  225.  250.  275.  300.
  325.  350.  375.  400.  425.  450.  475.  500.  525.])
DEBUG:radiomics.glrlm: Calculating GLRLM matrix in C
DEBUG:radiomics.glrlm: Process calculated matrix
DEBUG:radiomics.glrlm: No empty angles
DEBUG:radiomics.glrlm: Calculating GLRLM coefficients
DEBUG:radiomics.glrlm: GLRLM feature class initialized, calculated GLRLM with shape (1, 43, 28, 13)
DEBUG:radiomics.glrlm: Calculating features
INFO:radiomics.featureextractor: Computing glszm
DEBUG:radiomics.glszm: Initializing feature class
DEBUG:radiomics.imageoperations: Discretizing gray levels inside ROI
DEBUG:radiomics.imageoperations: Calculated 44 bins for bin width 25 with edges: [-575. -550. -525. -500. -475. -450. -425. -400. -375. -350. -325. -300.
 -275. -250. -225. -200. -175. -150. -125. -100.  -75.  -50.  -25.    0.
   25.   50.   75.  100.  125.  150.  175.  200.  225.  250.  275.  300.
  325.  350.  375.  400.  425.  450.  475.  500.  525.])
DEBUG:radiomics.glszm: Calculating GLSZM matrix in C
DEBUG:radiomics.glszm: Calculating GLSZM coefficients
DEBUG:radiomics.glszm: GLSZM feature class initialized, calculated GLSZM with shape (1, 43, 119)
DEBUG:radiomics.glszm: Calculating features
INFO:radiomics.featureextractor: Computing gldm
DEBUG:radiomics.gldm: Initializing feature class
DEBUG:radiomics.imageoperations: Discretizing gray levels inside ROI
DEBUG:radiomics.imageoperations: Calculated 44 bins for bin width 25 with edges: [-575. -550. -525. -500. -475. -450. -425. -400. -375. -350. -325. -300.
 -275. -250. -225. -200. -175. -150. -125. -100.  -75.  -50.  -25.    0.
   25.   50.   75.  100.  125.  150.  175.  200.  225.  250.  275.  300.
  325.  350.  375.  400.  425.  450.  475.  500.  525.])
DEBUG:radiomics.gldm: Calculating GLDM matrix in C
DEBUG:radiomics.gldm: Feature class initialized, calculated GLDM with shape (1, 43, 27)
DEBUG:radiomics.gldm: Calculating features
INFO:radiomics.imageoperations: Computing Wavelet HLH
DEBUG:radiomics.imageoperations: Yielding wavelet-HLH image
INFO:radiomics.featureextractor: Calculating features for wavelet-HLH image
DEBUG:radiomics.imageoperations: Cropping to size [95 88 63]
INFO:radiomics.featureextractor: Computing firstorder
DEBUG:radiomics.firstorder: Initializing feature class
DEBUG:radiomics.imageoperations: Discretizing gray levels inside ROI
DEBUG:radiomics.imageoperations: Calculated 7 bins for bin width 25 with edges: [-75. -50. -25.   0.  25.  50.  75. 100.])
DEBUG:radiomics.firstorder: First order feature class initialized
DEBUG:radiomics.firstorder: Calculating features
INFO:radiomics.featureextractor: Computing glcm
DEBUG:radiomics.glcm: Initializing feature class
DEBUG:radiomics.imageoperations: Discretizing gray levels inside ROI
DEBUG:radiomics.imageoperations: Calculated 7 bins for bin width 25 with edges: [-75. -50. -25.   0.  25.  50.  75. 100.])
DEBUG:radiomics.glcm: Calculating GLCM matrix in C
DEBUG:radiomics.glcm: Process calculated matrix
DEBUG:radiomics.glcm: Create symmetrical matrix
DEBUG:radiomics.glcm: No empty angles
DEBUG:radiomics.glcm: Calculating GLCM coefficients
DEBUG:radiomics.glcm: GLCM feature class initialized, calculated GLCM with shape (1, 6, 6, 13)
DEBUG:radiomics.glcm: Calculating features
INFO:radiomics.featureextractor: Computing glrlm
DEBUG:radiomics.glrlm: Initializing feature class
DEBUG:radiomics.imageoperations: Discretizing gray levels inside ROI
DEBUG:radiomics.imageoperations: Calculated 7 bins for bin width 25 with edges: [-75. -50. -25.   0.  25.  50.  75. 100.])
DEBUG:radiomics.glrlm: Calculating GLRLM matrix in C
DEBUG:radiomics.glrlm: Process calculated matrix
DEBUG:radiomics.glrlm: No empty angles
DEBUG:radiomics.glrlm: Calculating GLRLM coefficients
DEBUG:radiomics.glrlm: GLRLM feature class initialized, calculated GLRLM with shape (1, 6, 28, 13)
DEBUG:radiomics.glrlm: Calculating features
INFO:radiomics.featureextractor: Computing glszm
DEBUG:radiomics.glszm: Initializing feature class
DEBUG:radiomics.imageoperations: Discretizing gray levels inside ROI
DEBUG:radiomics.imageoperations: Calculated 7 bins for bin width 25 with edges: [-75. -50. -25.   0.  25.  50.  75. 100.])
DEBUG:radiomics.glszm: Calculating GLSZM matrix in C
DEBUG:radiomics.glszm: Calculating GLSZM coefficients
DEBUG:radiomics.glszm: GLSZM feature class initialized, calculated GLSZM with shape (1, 6, 21)
DEBUG:radiomics.glszm: Calculating features
INFO:radiomics.featureextractor: Computing gldm
DEBUG:radiomics.gldm: Initializing feature class
DEBUG:radiomics.imageoperations: Discretizing gray levels inside ROI
DEBUG:radiomics.imageoperations: Calculated 7 bins for bin width 25 with edges: [-75. -50. -25.   0.  25.  50.  75. 100.])
DEBUG:radiomics.gldm: Calculating GLDM matrix in C
DEBUG:radiomics.gldm: Feature class initialized, calculated GLDM with shape (1, 6, 27)
DEBUG:radiomics.gldm: Calculating features
INFO:radiomics.imageoperations: Computing Wavelet HHL
DEBUG:radiomics.imageoperations: Yielding wavelet-HHL image
INFO:radiomics.featureextractor: Calculating features for wavelet-HHL image
DEBUG:radiomics.imageoperations: Cropping to size [95 88 63]
INFO:radiomics.featureextractor: Computing firstorder
DEBUG:radiomics.firstorder: Initializing feature class
DEBUG:radiomics.imageoperations: Discretizing gray levels inside ROI
DEBUG:radiomics.imageoperations: Calculated 11 bins for bin width 25 with edges: [-125. -100.  -75.  -50.  -25.    0.   25.   50.   75.  100.  125.  150.])
DEBUG:radiomics.firstorder: First order feature class initialized
DEBUG:radiomics.firstorder: Calculating features
INFO:radiomics.featureextractor: Computing glcm
DEBUG:radiomics.glcm: Initializing feature class
DEBUG:radiomics.imageoperations: Discretizing gray levels inside ROI
DEBUG:radiomics.imageoperations: Calculated 11 bins for bin width 25 with edges: [-125. -100.  -75.  -50.  -25.    0.   25.   50.   75.  100.  125.  150.])
DEBUG:radiomics.glcm: Calculating GLCM matrix in C
DEBUG:radiomics.glcm: Process calculated matrix
DEBUG:radiomics.glcm: Create symmetrical matrix
DEBUG:radiomics.glcm: No empty angles
DEBUG:radiomics.glcm: Calculating GLCM coefficients
DEBUG:radiomics.glcm: GLCM feature class initialized, calculated GLCM with shape (1, 10, 10, 13)
DEBUG:radiomics.glcm: Calculating features
INFO:radiomics.featureextractor: Computing glrlm
DEBUG:radiomics.glrlm: Initializing feature class
DEBUG:radiomics.imageoperations: Discretizing gray levels inside ROI
DEBUG:radiomics.imageoperations: Calculated 11 bins for bin width 25 with edges: [-125. -100.  -75.  -50.  -25.    0.   25.   50.   75.  100.  125.  150.])
DEBUG:radiomics.glrlm: Calculating GLRLM matrix in C
DEBUG:radiomics.glrlm: Process calculated matrix
DEBUG:radiomics.glrlm: No empty angles
DEBUG:radiomics.glrlm: Calculating GLRLM coefficients
DEBUG:radiomics.glrlm: GLRLM feature class initialized, calculated GLRLM with shape (1, 10, 36, 13)
DEBUG:radiomics.glrlm: Calculating features
INFO:radiomics.featureextractor: Computing glszm
DEBUG:radiomics.glszm: Initializing feature class
DEBUG:radiomics.imageoperations: Discretizing gray levels inside ROI
DEBUG:radiomics.imageoperations: Calculated 11 bins for bin width 25 with edges: [-125. -100.  -75.  -50.  -25.    0.   25.   50.   75.  100.  125.  150.])
DEBUG:radiomics.glszm: Calculating GLSZM matrix in C
DEBUG:radiomics.glszm: Calculating GLSZM coefficients
DEBUG:radiomics.glszm: GLSZM feature class initialized, calculated GLSZM with shape (1, 10, 87)
DEBUG:radiomics.glszm: Calculating features
INFO:radiomics.featureextractor: Computing gldm
DEBUG:radiomics.gldm: Initializing feature class
DEBUG:radiomics.imageoperations: Discretizing gray levels inside ROI
DEBUG:radiomics.imageoperations: Calculated 11 bins for bin width 25 with edges: [-125. -100.  -75.  -50.  -25.    0.   25.   50.   75.  100.  125.  150.])
DEBUG:radiomics.gldm: Calculating GLDM matrix in C
DEBUG:radiomics.gldm: Feature class initialized, calculated GLDM with shape (1, 10, 26)
DEBUG:radiomics.gldm: Calculating features
INFO:radiomics.imageoperations: Computing Wavelet HHH
DEBUG:radiomics.imageoperations: Yielding wavelet-HHH image
INFO:radiomics.featureextractor: Calculating features for wavelet-HHH image
DEBUG:radiomics.imageoperations: Cropping to size [95 88 63]
INFO:radiomics.featureextractor: Computing firstorder
DEBUG:radiomics.firstorder: Initializing feature class
DEBUG:radiomics.imageoperations: Discretizing gray levels inside ROI
DEBUG:radiomics.imageoperations: Calculated 3 bins for bin width 25 with edges: [-25.   0.  25.  50.])
DEBUG:radiomics.firstorder: First order feature class initialized
DEBUG:radiomics.firstorder: Calculating features
INFO:radiomics.featureextractor: Computing glcm
DEBUG:radiomics.glcm: Initializing feature class
DEBUG:radiomics.imageoperations: Discretizing gray levels inside ROI
DEBUG:radiomics.imageoperations: Calculated 3 bins for bin width 25 with edges: [-25.   0.  25.  50.])
DEBUG:radiomics.glcm: Calculating GLCM matrix in C
DEBUG:radiomics.glcm: Process calculated matrix
DEBUG:radiomics.glcm: Create symmetrical matrix
DEBUG:radiomics.glcm: No empty angles
DEBUG:radiomics.glcm: Calculating GLCM coefficients
DEBUG:radiomics.glcm: GLCM feature class initialized, calculated GLCM with shape (1, 2, 2, 13)
DEBUG:radiomics.glcm: Calculating features
INFO:radiomics.featureextractor: Computing glrlm
DEBUG:radiomics.glrlm: Initializing feature class
DEBUG:radiomics.imageoperations: Discretizing gray levels inside ROI
DEBUG:radiomics.imageoperations: Calculated 3 bins for bin width 25 with edges: [-25.   0.  25.  50.])
DEBUG:radiomics.glrlm: Calculating GLRLM matrix in C
DEBUG:radiomics.glrlm: Process calculated matrix
DEBUG:radiomics.glrlm: No empty angles
DEBUG:radiomics.glrlm: Calculating GLRLM coefficients
DEBUG:radiomics.glrlm: GLRLM feature class initialized, calculated GLRLM with shape (1, 2, 23, 13)
DEBUG:radiomics.glrlm: Calculating features
INFO:radiomics.featureextractor: Computing glszm
DEBUG:radiomics.glszm: Initializing feature class
DEBUG:radiomics.imageoperations: Discretizing gray levels inside ROI
DEBUG:radiomics.imageoperations: Calculated 3 bins for bin width 25 with edges: [-25.   0.  25.  50.])
DEBUG:radiomics.glszm: Calculating GLSZM matrix in C
DEBUG:radiomics.glszm: Calculating GLSZM coefficients
DEBUG:radiomics.glszm: GLSZM feature class initialized, calculated GLSZM with shape (1, 2, 3)
DEBUG:radiomics.glszm: Calculating features
INFO:radiomics.featureextractor: Computing gldm
DEBUG:radiomics.gldm: Initializing feature class
DEBUG:radiomics.imageoperations: Discretizing gray levels inside ROI
DEBUG:radiomics.imageoperations: Calculated 3 bins for bin width 25 with edges: [-25.   0.  25.  50.])
DEBUG:radiomics.gldm: Calculating GLDM matrix in C
DEBUG:radiomics.gldm: Feature class initialized, calculated GLDM with shape (1, 2, 25)
DEBUG:radiomics.gldm: Calculating features
DEBUG:radiomics.imageoperations: Yielding approximation (wavelet-LLL) image
INFO:radiomics.featureextractor: Calculating features for wavelet-LLL image
DEBUG:radiomics.imageoperations: Cropping to size [95 88 63]
INFO:radiomics.featureextractor: Computing firstorder
DEBUG:radiomics.firstorder: Initializing feature class
DEBUG:radiomics.imageoperations: Discretizing gray levels inside ROI
DEBUG:radiomics.imageoperations: Calculated 238 bins for bin width 25 with edges: [-3125. -3100. -3075. -3050. -3025. -3000. -2975. -2950. -2925. -2900.
 -2875. -2850. -2825. -2800. -2775. -2750. -2725. -2700. -2675. -2650.
 -2625. -2600. -2575. -2550. -2525. -2500. -2475. -2450. -2425. -2400.
 -2375. -2350. -2325. -2300. -2275. -2250. -2225. -2200. -2175. -2150.
 -2125. -2100. -2075. -2050. -2025. -2000. -1975. -1950. -1925. -1900.
 -1875. -1850. -1825. -1800. -1775. -1750. -1725. -1700. -1675. -1650.
 -1625. -1600. -1575. -1550. -1525. -1500. -1475. -1450. -1425. -1400.
 -1375. -1350. -1325. -1300. -1275. -1250. -1225. -1200. -1175. -1150.
 -1125. -1100. -1075. -1050. -1025. -1000.  -975.  -950.  -925.  -900.
  -875.  -850.  -825.  -800.  -775.  -750.  -725.  -700.  -675.  -650.
  -625.  -600.  -575.  -550.  -525.  -500.  -475.  -450.  -425.  -400.
  -375.  -350.  -325.  -300.  -275.  -250.  -225.  -200.  -175.  -150.
  -125.  -100.   -75.   -50.   -25.     0.    25.    50.    75.   100.
   125.   150.   175.   200.   225.   250.   275.   300.   325.   350.
   375.   400.   425.   450.   475.   500.   525.   550.   575.   600.
   625.   650.   675.   700.   725.   750.   775.   800.   825.   850.
   875.   900.   925.   950.   975.  1000.  1025.  1050.  1075.  1100.
  1125.  1150.  1175.  1200.  1225.  1250.  1275.  1300.  1325.  1350.
  1375.  1400.  1425.  1450.  1475.  1500.  1525.  1550.  1575.  1600.
  1625.  1650.  1675.  1700.  1725.  1750.  1775.  1800.  1825.  1850.
  1875.  1900.  1925.  1950.  1975.  2000.  2025.  2050.  2075.  2100.
  2125.  2150.  2175.  2200.  2225.  2250.  2275.  2300.  2325.  2350.
  2375.  2400.  2425.  2450.  2475.  2500.  2525.  2550.  2575.  2600.
  2625.  2650.  2675.  2700.  2725.  2750.  2775.  2800.  2825.])
DEBUG:radiomics.firstorder: First order feature class initialized
DEBUG:radiomics.firstorder: Calculating features
INFO:radiomics.featureextractor: Computing glcm
DEBUG:radiomics.glcm: Initializing feature class
DEBUG:radiomics.imageoperations: Discretizing gray levels inside ROI
DEBUG:radiomics.imageoperations: Calculated 238 bins for bin width 25 with edges: [-3125. -3100. -3075. -3050. -3025. -3000. -2975. -2950. -2925. -2900.
 -2875. -2850. -2825. -2800. -2775. -2750. -2725. -2700. -2675. -2650.
 -2625. -2600. -2575. -2550. -2525. -2500. -2475. -2450. -2425. -2400.
 -2375. -2350. -2325. -2300. -2275. -2250. -2225. -2200. -2175. -2150.
 -2125. -2100. -2075. -2050. -2025. -2000. -1975. -1950. -1925. -1900.
 -1875. -1850. -1825. -1800. -1775. -1750. -1725. -1700. -1675. -1650.
 -1625. -1600. -1575. -1550. -1525. -1500. -1475. -1450. -1425. -1400.
 -1375. -1350. -1325. -1300. -1275. -1250. -1225. -1200. -1175. -1150.
 -1125. -1100. -1075. -1050. -1025. -1000.  -975.  -950.  -925.  -900.
  -875.  -850.  -825.  -800.  -775.  -750.  -725.  -700.  -675.  -650.
  -625.  -600.  -575.  -550.  -525.  -500.  -475.  -450.  -425.  -400.
  -375.  -350.  -325.  -300.  -275.  -250.  -225.  -200.  -175.  -150.
  -125.  -100.   -75.   -50.   -25.     0.    25.    50.    75.   100.
   125.   150.   175.   200.   225.   250.   275.   300.   325.   350.
   375.   400.   425.   450.   475.   500.   525.   550.   575.   600.
   625.   650.   675.   700.   725.   750.   775.   800.   825.   850.
   875.   900.   925.   950.   975.  1000.  1025.  1050.  1075.  1100.
  1125.  1150.  1175.  1200.  1225.  1250.  1275.  1300.  1325.  1350.
  1375.  1400.  1425.  1450.  1475.  1500.  1525.  1550.  1575.  1600.
  1625.  1650.  1675.  1700.  1725.  1750.  1775.  1800.  1825.  1850.
  1875.  1900.  1925.  1950.  1975.  2000.  2025.  2050.  2075.  2100.
  2125.  2150.  2175.  2200.  2225.  2250.  2275.  2300.  2325.  2350.
  2375.  2400.  2425.  2450.  2475.  2500.  2525.  2550.  2575.  2600.
  2625.  2650.  2675.  2700.  2725.  2750.  2775.  2800.  2825.])
DEBUG:radiomics.glcm: Calculating GLCM matrix in C
DEBUG:radiomics.glcm: Process calculated matrix
DEBUG:radiomics.glcm: Create symmetrical matrix
DEBUG:radiomics.glcm: No empty angles
DEBUG:radiomics.glcm: Calculating GLCM coefficients
DEBUG:radiomics.glcm: GLCM feature class initialized, calculated GLCM with shape (1, 208, 208, 13)
DEBUG:radiomics.glcm: Calculating features
INFO:radiomics.featureextractor: Computing glrlm
DEBUG:radiomics.glrlm: Initializing feature class
DEBUG:radiomics.imageoperations: Discretizing gray levels inside ROI
DEBUG:radiomics.imageoperations: Calculated 238 bins for bin width 25 with edges: [-3125. -3100. -3075. -3050. -3025. -3000. -2975. -2950. -2925. -2900.
 -2875. -2850. -2825. -2800. -2775. -2750. -2725. -2700. -2675. -2650.
 -2625. -2600. -2575. -2550. -2525. -2500. -2475. -2450. -2425. -2400.
 -2375. -2350. -2325. -2300. -2275. -2250. -2225. -2200. -2175. -2150.
 -2125. -2100. -2075. -2050. -2025. -2000. -1975. -1950. -1925. -1900.
 -1875. -1850. -1825. -1800. -1775. -1750. -1725. -1700. -1675. -1650.
 -1625. -1600. -1575. -1550. -1525. -1500. -1475. -1450. -1425. -1400.
 -1375. -1350. -1325. -1300. -1275. -1250. -1225. -1200. -1175. -1150.
 -1125. -1100. -1075. -1050. -1025. -1000.  -975.  -950.  -925.  -900.
  -875.  -850.  -825.  -800.  -775.  -750.  -725.  -700.  -675.  -650.
  -625.  -600.  -575.  -550.  -525.  -500.  -475.  -450.  -425.  -400.
  -375.  -350.  -325.  -300.  -275.  -250.  -225.  -200.  -175.  -150.
  -125.  -100.   -75.   -50.   -25.     0.    25.    50.    75.   100.
   125.   150.   175.   200.   225.   250.   275.   300.   325.   350.
   375.   400.   425.   450.   475.   500.   525.   550.   575.   600.
   625.   650.   675.   700.   725.   750.   775.   800.   825.   850.
   875.   900.   925.   950.   975.  1000.  1025.  1050.  1075.  1100.
  1125.  1150.  1175.  1200.  1225.  1250.  1275.  1300.  1325.  1350.
  1375.  1400.  1425.  1450.  1475.  1500.  1525.  1550.  1575.  1600.
  1625.  1650.  1675.  1700.  1725.  1750.  1775.  1800.  1825.  1850.
  1875.  1900.  1925.  1950.  1975.  2000.  2025.  2050.  2075.  2100.
  2125.  2150.  2175.  2200.  2225.  2250.  2275.  2300.  2325.  2350.
  2375.  2400.  2425.  2450.  2475.  2500.  2525.  2550.  2575.  2600.
  2625.  2650.  2675.  2700.  2725.  2750.  2775.  2800.  2825.])
DEBUG:radiomics.glrlm: Calculating GLRLM matrix in C
DEBUG:radiomics.glrlm: Process calculated matrix
DEBUG:radiomics.glrlm: No empty angles
DEBUG:radiomics.glrlm: Calculating GLRLM coefficients
DEBUG:radiomics.glrlm: GLRLM feature class initialized, calculated GLRLM with shape (1, 208, 13, 13)
DEBUG:radiomics.glrlm: Calculating features
INFO:radiomics.featureextractor: Computing glszm
DEBUG:radiomics.glszm: Initializing feature class
DEBUG:radiomics.imageoperations: Discretizing gray levels inside ROI
DEBUG:radiomics.imageoperations: Calculated 238 bins for bin width 25 with edges: [-3125. -3100. -3075. -3050. -3025. -3000. -2975. -2950. -2925. -2900.
 -2875. -2850. -2825. -2800. -2775. -2750. -2725. -2700. -2675. -2650.
 -2625. -2600. -2575. -2550. -2525. -2500. -2475. -2450. -2425. -2400.
 -2375. -2350. -2325. -2300. -2275. -2250. -2225. -2200. -2175. -2150.
 -2125. -2100. -2075. -2050. -2025. -2000. -1975. -1950. -1925. -1900.
 -1875. -1850. -1825. -1800. -1775. -1750. -1725. -1700. -1675. -1650.
 -1625. -1600. -1575. -1550. -1525. -1500. -1475. -1450. -1425. -1400.
 -1375. -1350. -1325. -1300. -1275. -1250. -1225. -1200. -1175. -1150.
 -1125. -1100. -1075. -1050. -1025. -1000.  -975.  -950.  -925.  -900.
  -875.  -850.  -825.  -800.  -775.  -750.  -725.  -700.  -675.  -650.
  -625.  -600.  -575.  -550.  -525.  -500.  -475.  -450.  -425.  -400.
  -375.  -350.  -325.  -300.  -275.  -250.  -225.  -200.  -175.  -150.
  -125.  -100.   -75.   -50.   -25.     0.    25.    50.    75.   100.
   125.   150.   175.   200.   225.   250.   275.   300.   325.   350.
   375.   400.   425.   450.   475.   500.   525.   550.   575.   600.
   625.   650.   675.   700.   725.   750.   775.   800.   825.   850.
   875.   900.   925.   950.   975.  1000.  1025.  1050.  1075.  1100.
  1125.  1150.  1175.  1200.  1225.  1250.  1275.  1300.  1325.  1350.
  1375.  1400.  1425.  1450.  1475.  1500.  1525.  1550.  1575.  1600.
  1625.  1650.  1675.  1700.  1725.  1750.  1775.  1800.  1825.  1850.
  1875.  1900.  1925.  1950.  1975.  2000.  2025.  2050.  2075.  2100.
  2125.  2150.  2175.  2200.  2225.  2250.  2275.  2300.  2325.  2350.
  2375.  2400.  2425.  2450.  2475.  2500.  2525.  2550.  2575.  2600.
  2625.  2650.  2675.  2700.  2725.  2750.  2775.  2800.  2825.])
DEBUG:radiomics.glszm: Calculating GLSZM matrix in C
DEBUG:radiomics.glszm: Calculating GLSZM coefficients
DEBUG:radiomics.glszm: GLSZM feature class initialized, calculated GLSZM with shape (1, 208, 125)
DEBUG:radiomics.glszm: Calculating features
INFO:radiomics.featureextractor: Computing gldm
DEBUG:radiomics.gldm: Initializing feature class
DEBUG:radiomics.imageoperations: Discretizing gray levels inside ROI
DEBUG:radiomics.imageoperations: Calculated 238 bins for bin width 25 with edges: [-3125. -3100. -3075. -3050. -3025. -3000. -2975. -2950. -2925. -2900.
 -2875. -2850. -2825. -2800. -2775. -2750. -2725. -2700. -2675. -2650.
 -2625. -2600. -2575. -2550. -2525. -2500. -2475. -2450. -2425. -2400.
 -2375. -2350. -2325. -2300. -2275. -2250. -2225. -2200. -2175. -2150.
 -2125. -2100. -2075. -2050. -2025. -2000. -1975. -1950. -1925. -1900.
 -1875. -1850. -1825. -1800. -1775. -1750. -1725. -1700. -1675. -1650.
 -1625. -1600. -1575. -1550. -1525. -1500. -1475. -1450. -1425. -1400.
 -1375. -1350. -1325. -1300. -1275. -1250. -1225. -1200. -1175. -1150.
 -1125. -1100. -1075. -1050. -1025. -1000.  -975.  -950.  -925.  -900.
  -875.  -850.  -825.  -800.  -775.  -750.  -725.  -700.  -675.  -650.
  -625.  -600.  -575.  -550.  -525.  -500.  -475.  -450.  -425.  -400.
  -375.  -350.  -325.  -300.  -275.  -250.  -225.  -200.  -175.  -150.
  -125.  -100.   -75.   -50.   -25.     0.    25.    50.    75.   100.
   125.   150.   175.   200.   225.   250.   275.   300.   325.   350.
   375.   400.   425.   450.   475.   500.   525.   550.   575.   600.
   625.   650.   675.   700.   725.   750.   775.   800.   825.   850.
   875.   900.   925.   950.   975.  1000.  1025.  1050.  1075.  1100.
  1125.  1150.  1175.  1200.  1225.  1250.  1275.  1300.  1325.  1350.
  1375.  1400.  1425.  1450.  1475.  1500.  1525.  1550.  1575.  1600.
  1625.  1650.  1675.  1700.  1725.  1750.  1775.  1800.  1825.  1850.
  1875.  1900.  1925.  1950.  1975.  2000.  2025.  2050.  2075.  2100.
  2125.  2150.  2175.  2200.  2225.  2250.  2275.  2300.  2325.  2350.
  2375.  2400.  2425.  2450.  2475.  2500.  2525.  2550.  2575.  2600.
  2625.  2650.  2675.  2700.  2725.  2750.  2775.  2800.  2825.])
DEBUG:radiomics.gldm: Calculating GLDM matrix in C
DEBUG:radiomics.gldm: Feature class initialized, calculated GLDM with shape (1, 208, 25)
DEBUG:radiomics.gldm: Calculating features
DEBUG:radiomics.featureextractor: Features extracted
INFO:radiomics.featureextractor: Calculating features with label: 1
DEBUG:radiomics.featureextractor: Enabled images types: {'Original': {}, 'LoG': {'sigma': [1.0, 2.0, 3.0, 4.0, 5.0]}, 'Wavelet': {}}
DEBUG:radiomics.featureextractor: Enabled features: {'shape': None, 'firstorder': None, 'glcm': ['Autocorrelation', 'JointAverage', 'ClusterProminence', 'ClusterShade', 'ClusterTendency', 'Contrast', 'Correlation', 'DifferenceAverage', 'DifferenceEntropy', 'DifferenceVariance', 'JointEnergy', 'JointEntropy', 'Imc1', 'Imc2', 'Idm', 'Idmn', 'Id', 'Idn', 'InverseVariance', 'MaximumProbability', 'SumEntropy', 'SumSquares'], 'glrlm': None, 'glszm': None, 'gldm': None}
DEBUG:radiomics.featureextractor: Current settings: {'minimumROIDimensions': 2, 'minimumROISize': None, 'normalize': False, 'normalizeScale': 1, 'removeOutliers': None, 'resampledPixelSpacing': [1, 1, 1], 'interpolator': 'sitkBSpline', 'preCrop': False, 'padDistance': 10, 'distances': [1], 'force2D': False, 'force2Ddimension': 0, 'resegmentRange': None, 'label': 1, 'additionalInfo': True, 'binWidth': 25, 'voxelArrayShift': 1000}
INFO:radiomics.featureextractor: Loading image and mask
DEBUG:radiomics.imageoperations: Force casting mask to UInt32 to ensure correct datatype.
DEBUG:radiomics.imageoperations: Resampling image and mask
DEBUG:radiomics.imageoperations: Where resampled spacing is set to 0, set it to the original spacing (mask)
DEBUG:radiomics.imageoperations: Checking ROI validity
DEBUG:radiomics.imageoperations: Checking if label 1 is persent in the mask
DEBUG:radiomics.imageoperations: Comparing physical space of bounding box to physical space of image
DEBUG:radiomics.imageoperations: ROI bounds (image coordinate space): ((128.5, 225.50000000000003, 27.5), (228.5, 324.5, 53.5))
DEBUG:radiomics.imageoperations: ROI valid, calculating resampling grid
DEBUG:radiomics.imageoperations: Comparing resampled spacing to original spacing (image
INFO:radiomics.imageoperations: Applying resampling from spacing [0.977 0.977 3.   ] and size [512 512 111] to spacing [1. 1. 1.] and size [120, 119, 100]
DEBUG:radiomics.imageoperations: Resampling image
DEBUG:radiomics.imageoperations: Resampling mask
DEBUG:radiomics.imageoperations: Checking mask with label 1
DEBUG:radiomics.imageoperations: Calculating bounding box
DEBUG:radiomics.imageoperations: Checking minimum number of dimensions requirements (2)
DEBUG:radiomics.featureextractor: Image and Mask loaded and valid, starting extraction
DEBUG:radiomics.imageoperations: Cropping to size [98 97 78]
INFO:radiomics.featureextractor: Computing shape
DEBUG:radiomics.shape: Initializing feature class
DEBUG:radiomics.shape: Padding the mask with 0s
DEBUG:radiomics.shape: Pre-calculate Volume, Surface Area and Eigenvalues
DEBUG:radiomics.shape: Shape feature class initialized
DEBUG:radiomics.shape: Calculating features
DEBUG:radiomics.featureextractor: Creating image type iterator
INFO:radiomics.featureextractor: Adding image type "Original" with custom settings: {}
INFO:radiomics.featureextractor: Adding image type "LoG" with custom settings: {'sigma': [1.0, 2.0, 3.0, 4.0, 5.0]}
INFO:radiomics.featureextractor: Adding image type "Wavelet" with custom settings: {}
DEBUG:radiomics.featureextractor: Extracting features
DEBUG:radiomics.imageoperations: Yielding original image
INFO:radiomics.featureextractor: Calculating features for original image
DEBUG:radiomics.imageoperations: Cropping to size [98 97 78]
INFO:radiomics.featureextractor: Computing firstorder
DEBUG:radiomics.firstorder: Initializing feature class
DEBUG:radiomics.imageoperations: Discretizing gray levels inside ROI
DEBUG:radiomics.imageoperations: Calculated 70 bins for bin width 25 with edges: [-1050 -1025 -1000  -975  -950  -925  -900  -875  -850  -825  -800  -775
  -750  -725  -700  -675  -650  -625  -600  -575  -550  -525  -500  -475
  -450  -425  -400  -375  -350  -325  -300  -275  -250  -225  -200  -175
  -150  -125  -100   -75   -50   -25     0    25    50    75   100   125
   150   175   200   225   250   275   300   325   350   375   400   425
   450   475   500   525   550   575   600   625   650   675   700])
DEBUG:radiomics.firstorder: First order feature class initialized
DEBUG:radiomics.firstorder: Calculating features
INFO:radiomics.featureextractor: Computing glcm
DEBUG:radiomics.glcm: Initializing feature class
DEBUG:radiomics.imageoperations: Discretizing gray levels inside ROI
DEBUG:radiomics.imageoperations: Calculated 70 bins for bin width 25 with edges: [-1050 -1025 -1000  -975  -950  -925  -900  -875  -850  -825  -800  -775
  -750  -725  -700  -675  -650  -625  -600  -575  -550  -525  -500  -475
  -450  -425  -400  -375  -350  -325  -300  -275  -250  -225  -200  -175
  -150  -125  -100   -75   -50   -25     0    25    50    75   100   125
   150   175   200   225   250   275   300   325   350   375   400   425
   450   475   500   525   550   575   600   625   650   675   700])
DEBUG:radiomics.glcm: Calculating GLCM matrix in C
DEBUG:radiomics.glcm: Process calculated matrix
DEBUG:radiomics.glcm: Create symmetrical matrix
DEBUG:radiomics.glcm: No empty angles
DEBUG:radiomics.glcm: Calculating GLCM coefficients
DEBUG:radiomics.glcm: GLCM feature class initialized, calculated GLCM with shape (1, 67, 67, 13)
DEBUG:radiomics.glcm: Calculating features
INFO:radiomics.featureextractor: Computing glrlm
DEBUG:radiomics.glrlm: Initializing feature class
DEBUG:radiomics.imageoperations: Discretizing gray levels inside ROI
DEBUG:radiomics.imageoperations: Calculated 70 bins for bin width 25 with edges: [-1050 -1025 -1000  -975  -950  -925  -900  -875  -850  -825  -800  -775
  -750  -725  -700  -675  -650  -625  -600  -575  -550  -525  -500  -475
  -450  -425  -400  -375  -350  -325  -300  -275  -250  -225  -200  -175
  -150  -125  -100   -75   -50   -25     0    25    50    75   100   125
   150   175   200   225   250   275   300   325   350   375   400   425
   450   475   500   525   550   575   600   625   650   675   700])
DEBUG:radiomics.glrlm: Calculating GLRLM matrix in C
DEBUG:radiomics.glrlm: Process calculated matrix
DEBUG:radiomics.glrlm: No empty angles
DEBUG:radiomics.glrlm: Calculating GLRLM coefficients
DEBUG:radiomics.glrlm: GLRLM feature class initialized, calculated GLRLM with shape (1, 67, 30, 13)
DEBUG:radiomics.glrlm: Calculating features
INFO:radiomics.featureextractor: Computing glszm
DEBUG:radiomics.glszm: Initializing feature class
DEBUG:radiomics.imageoperations: Discretizing gray levels inside ROI
DEBUG:radiomics.imageoperations: Calculated 70 bins for bin width 25 with edges: [-1050 -1025 -1000  -975  -950  -925  -900  -875  -850  -825  -800  -775
  -750  -725  -700  -675  -650  -625  -600  -575  -550  -525  -500  -475
  -450  -425  -400  -375  -350  -325  -300  -275  -250  -225  -200  -175
  -150  -125  -100   -75   -50   -25     0    25    50    75   100   125
   150   175   200   225   250   275   300   325   350   375   400   425
   450   475   500   525   550   575   600   625   650   675   700])
DEBUG:radiomics.glszm: Calculating GLSZM matrix in C
DEBUG:radiomics.glszm: Calculating GLSZM coefficients
DEBUG:radiomics.glszm: GLSZM feature class initialized, calculated GLSZM with shape (1, 67, 155)
DEBUG:radiomics.glszm: Calculating features
INFO:radiomics.featureextractor: Computing gldm
DEBUG:radiomics.gldm: Initializing feature class
DEBUG:radiomics.imageoperations: Discretizing gray levels inside ROI
DEBUG:radiomics.imageoperations: Calculated 70 bins for bin width 25 with edges: [-1050 -1025 -1000  -975  -950  -925  -900  -875  -850  -825  -800  -775
  -750  -725  -700  -675  -650  -625  -600  -575  -550  -525  -500  -475
  -450  -425  -400  -375  -350  -325  -300  -275  -250  -225  -200  -175
  -150  -125  -100   -75   -50   -25     0    25    50    75   100   125
   150   175   200   225   250   275   300   325   350   375   400   425
   450   475   500   525   550   575   600   625   650   675   700])
DEBUG:radiomics.gldm: Calculating GLDM matrix in C
DEBUG:radiomics.gldm: Feature class initialized, calculated GLDM with shape (1, 67, 27)
DEBUG:radiomics.gldm: Calculating features
DEBUG:radiomics.imageoperations: Generating LoG images
INFO:radiomics.imageoperations: Computing LoG with sigma 1
DEBUG:radiomics.imageoperations: Yielding log-sigma-1-0-mm-3D image
INFO:radiomics.featureextractor: Calculating features for log-sigma-1-0-mm-3D image
DEBUG:radiomics.imageoperations: Cropping to size [98 97 78]
INFO:radiomics.featureextractor: Computing firstorder
DEBUG:radiomics.firstorder: Initializing feature class
DEBUG:radiomics.imageoperations: Discretizing gray levels inside ROI
DEBUG:radiomics.imageoperations: Calculated 36 bins for bin width 25 with edges: [-475. -450. -425. -400. -375. -350. -325. -300. -275. -250. -225. -200.
 -175. -150. -125. -100.  -75.  -50.  -25.    0.   25.   50.   75.  100.
  125.  150.  175.  200.  225.  250.  275.  300.  325.  350.  375.  400.
  425.])
DEBUG:radiomics.firstorder: First order feature class initialized
DEBUG:radiomics.firstorder: Calculating features
INFO:radiomics.featureextractor: Computing glcm
DEBUG:radiomics.glcm: Initializing feature class
DEBUG:radiomics.imageoperations: Discretizing gray levels inside ROI
DEBUG:radiomics.imageoperations: Calculated 36 bins for bin width 25 with edges: [-475. -450. -425. -400. -375. -350. -325. -300. -275. -250. -225. -200.
 -175. -150. -125. -100.  -75.  -50.  -25.    0.   25.   50.   75.  100.
  125.  150.  175.  200.  225.  250.  275.  300.  325.  350.  375.  400.
  425.])
DEBUG:radiomics.glcm: Calculating GLCM matrix in C
DEBUG:radiomics.glcm: Process calculated matrix
DEBUG:radiomics.glcm: Create symmetrical matrix
DEBUG:radiomics.glcm: No empty angles
DEBUG:radiomics.glcm: Calculating GLCM coefficients
DEBUG:radiomics.glcm: GLCM feature class initialized, calculated GLCM with shape (1, 33, 33, 13)
DEBUG:radiomics.glcm: Calculating features
INFO:radiomics.featureextractor: Computing glrlm
DEBUG:radiomics.glrlm: Initializing feature class
DEBUG:radiomics.imageoperations: Discretizing gray levels inside ROI
DEBUG:radiomics.imageoperations: Calculated 36 bins for bin width 25 with edges: [-475. -450. -425. -400. -375. -350. -325. -300. -275. -250. -225. -200.
 -175. -150. -125. -100.  -75.  -50.  -25.    0.   25.   50.   75.  100.
  125.  150.  175.  200.  225.  250.  275.  300.  325.  350.  375.  400.
  425.])
DEBUG:radiomics.glrlm: Calculating GLRLM matrix in C
DEBUG:radiomics.glrlm: Process calculated matrix
DEBUG:radiomics.glrlm: No empty angles
DEBUG:radiomics.glrlm: Calculating GLRLM coefficients
DEBUG:radiomics.glrlm: GLRLM feature class initialized, calculated GLRLM with shape (1, 33, 43, 13)
DEBUG:radiomics.glrlm: Calculating features
INFO:radiomics.featureextractor: Computing glszm
DEBUG:radiomics.glszm: Initializing feature class
DEBUG:radiomics.imageoperations: Discretizing gray levels inside ROI
DEBUG:radiomics.imageoperations: Calculated 36 bins for bin width 25 with edges: [-475. -450. -425. -400. -375. -350. -325. -300. -275. -250. -225. -200.
 -175. -150. -125. -100.  -75.  -50.  -25.    0.   25.   50.   75.  100.
  125.  150.  175.  200.  225.  250.  275.  300.  325.  350.  375.  400.
  425.])
DEBUG:radiomics.glszm: Calculating GLSZM matrix in C
DEBUG:radiomics.glszm: Calculating GLSZM coefficients
DEBUG:radiomics.glszm: GLSZM feature class initialized, calculated GLSZM with shape (1, 33, 137)
DEBUG:radiomics.glszm: Calculating features
INFO:radiomics.featureextractor: Computing gldm
DEBUG:radiomics.gldm: Initializing feature class
DEBUG:radiomics.imageoperations: Discretizing gray levels inside ROI
DEBUG:radiomics.imageoperations: Calculated 36 bins for bin width 25 with edges: [-475. -450. -425. -400. -375. -350. -325. -300. -275. -250. -225. -200.
 -175. -150. -125. -100.  -75.  -50.  -25.    0.   25.   50.   75.  100.
  125.  150.  175.  200.  225.  250.  275.  300.  325.  350.  375.  400.
  425.])
DEBUG:radiomics.gldm: Calculating GLDM matrix in C
DEBUG:radiomics.gldm: Feature class initialized, calculated GLDM with shape (1, 33, 27)
DEBUG:radiomics.gldm: Calculating features
INFO:radiomics.imageoperations: Computing LoG with sigma 2
DEBUG:radiomics.imageoperations: Yielding log-sigma-2-0-mm-3D image
INFO:radiomics.featureextractor: Calculating features for log-sigma-2-0-mm-3D image
DEBUG:radiomics.imageoperations: Cropping to size [98 97 78]
INFO:radiomics.featureextractor: Computing firstorder
DEBUG:radiomics.firstorder: Initializing feature class
DEBUG:radiomics.imageoperations: Discretizing gray levels inside ROI
DEBUG:radiomics.imageoperations: Calculated 43 bins for bin width 25 with edges: [-475. -450. -425. -400. -375. -350. -325. -300. -275. -250. -225. -200.
 -175. -150. -125. -100.  -75.  -50.  -25.    0.   25.   50.   75.  100.
  125.  150.  175.  200.  225.  250.  275.  300.  325.  350.  375.  400.
  425.  450.  475.  500.  525.  550.  575.  600.])
DEBUG:radiomics.firstorder: First order feature class initialized
DEBUG:radiomics.firstorder: Calculating features
INFO:radiomics.featureextractor: Computing glcm
DEBUG:radiomics.glcm: Initializing feature class
DEBUG:radiomics.imageoperations: Discretizing gray levels inside ROI
DEBUG:radiomics.imageoperations: Calculated 43 bins for bin width 25 with edges: [-475. -450. -425. -400. -375. -350. -325. -300. -275. -250. -225. -200.
 -175. -150. -125. -100.  -75.  -50.  -25.    0.   25.   50.   75.  100.
  125.  150.  175.  200.  225.  250.  275.  300.  325.  350.  375.  400.
  425.  450.  475.  500.  525.  550.  575.  600.])
DEBUG:radiomics.glcm: Calculating GLCM matrix in C
DEBUG:radiomics.glcm: Process calculated matrix
DEBUG:radiomics.glcm: Create symmetrical matrix
DEBUG:radiomics.glcm: No empty angles
DEBUG:radiomics.glcm: Calculating GLCM coefficients
DEBUG:radiomics.glcm: GLCM feature class initialized, calculated GLCM with shape (1, 42, 42, 13)
DEBUG:radiomics.glcm: Calculating features
INFO:radiomics.featureextractor: Computing glrlm
DEBUG:radiomics.glrlm: Initializing feature class
DEBUG:radiomics.imageoperations: Discretizing gray levels inside ROI
DEBUG:radiomics.imageoperations: Calculated 43 bins for bin width 25 with edges: [-475. -450. -425. -400. -375. -350. -325. -300. -275. -250. -225. -200.
 -175. -150. -125. -100.  -75.  -50.  -25.    0.   25.   50.   75.  100.
  125.  150.  175.  200.  225.  250.  275.  300.  325.  350.  375.  400.
  425.  450.  475.  500.  525.  550.  575.  600.])
DEBUG:radiomics.glrlm: Calculating GLRLM matrix in C
DEBUG:radiomics.glrlm: Process calculated matrix
DEBUG:radiomics.glrlm: No empty angles
DEBUG:radiomics.glrlm: Calculating GLRLM coefficients
DEBUG:radiomics.glrlm: GLRLM feature class initialized, calculated GLRLM with shape (1, 42, 64, 13)
DEBUG:radiomics.glrlm: Calculating features
INFO:radiomics.featureextractor: Computing glszm
DEBUG:radiomics.glszm: Initializing feature class
DEBUG:radiomics.imageoperations: Discretizing gray levels inside ROI
DEBUG:radiomics.imageoperations: Calculated 43 bins for bin width 25 with edges: [-475. -450. -425. -400. -375. -350. -325. -300. -275. -250. -225. -200.
 -175. -150. -125. -100.  -75.  -50.  -25.    0.   25.   50.   75.  100.
  125.  150.  175.  200.  225.  250.  275.  300.  325.  350.  375.  400.
  425.  450.  475.  500.  525.  550.  575.  600.])
DEBUG:radiomics.glszm: Calculating GLSZM matrix in C
DEBUG:radiomics.glszm: Calculating GLSZM coefficients
DEBUG:radiomics.glszm: GLSZM feature class initialized, calculated GLSZM with shape (1, 42, 174)
DEBUG:radiomics.glszm: Calculating features
INFO:radiomics.featureextractor: Computing gldm
DEBUG:radiomics.gldm: Initializing feature class
DEBUG:radiomics.imageoperations: Discretizing gray levels inside ROI
DEBUG:radiomics.imageoperations: Calculated 43 bins for bin width 25 with edges: [-475. -450. -425. -400. -375. -350. -325. -300. -275. -250. -225. -200.
 -175. -150. -125. -100.  -75.  -50.  -25.    0.   25.   50.   75.  100.
  125.  150.  175.  200.  225.  250.  275.  300.  325.  350.  375.  400.
  425.  450.  475.  500.  525.  550.  575.  600.])
DEBUG:radiomics.gldm: Calculating GLDM matrix in C
DEBUG:radiomics.gldm: Feature class initialized, calculated GLDM with shape (1, 42, 27)
DEBUG:radiomics.gldm: Calculating features
INFO:radiomics.imageoperations: Computing LoG with sigma 3
DEBUG:radiomics.imageoperations: Yielding log-sigma-3-0-mm-3D image
INFO:radiomics.featureextractor: Calculating features for log-sigma-3-0-mm-3D image
DEBUG:radiomics.imageoperations: Cropping to size [98 97 78]
INFO:radiomics.featureextractor: Computing firstorder
DEBUG:radiomics.firstorder: Initializing feature class
DEBUG:radiomics.imageoperations: Discretizing gray levels inside ROI
DEBUG:radiomics.imageoperations: Calculated 45 bins for bin width 25 with edges: [-525. -500. -475. -450. -425. -400. -375. -350. -325. -300. -275. -250.
 -225. -200. -175. -150. -125. -100.  -75.  -50.  -25.    0.   25.   50.
   75.  100.  125.  150.  175.  200.  225.  250.  275.  300.  325.  350.
  375.  400.  425.  450.  475.  500.  525.  550.  575.  600.])
DEBUG:radiomics.firstorder: First order feature class initialized
DEBUG:radiomics.firstorder: Calculating features
INFO:radiomics.featureextractor: Computing glcm
DEBUG:radiomics.glcm: Initializing feature class
DEBUG:radiomics.imageoperations: Discretizing gray levels inside ROI
DEBUG:radiomics.imageoperations: Calculated 45 bins for bin width 25 with edges: [-525. -500. -475. -450. -425. -400. -375. -350. -325. -300. -275. -250.
 -225. -200. -175. -150. -125. -100.  -75.  -50.  -25.    0.   25.   50.
   75.  100.  125.  150.  175.  200.  225.  250.  275.  300.  325.  350.
  375.  400.  425.  450.  475.  500.  525.  550.  575.  600.])
DEBUG:radiomics.glcm: Calculating GLCM matrix in C
DEBUG:radiomics.glcm: Process calculated matrix
DEBUG:radiomics.glcm: Create symmetrical matrix
DEBUG:radiomics.glcm: No empty angles
DEBUG:radiomics.glcm: Calculating GLCM coefficients
DEBUG:radiomics.glcm: GLCM feature class initialized, calculated GLCM with shape (1, 44, 44, 13)
DEBUG:radiomics.glcm: Calculating features
INFO:radiomics.featureextractor: Computing glrlm
DEBUG:radiomics.glrlm: Initializing feature class
DEBUG:radiomics.imageoperations: Discretizing gray levels inside ROI
DEBUG:radiomics.imageoperations: Calculated 45 bins for bin width 25 with edges: [-525. -500. -475. -450. -425. -400. -375. -350. -325. -300. -275. -250.
 -225. -200. -175. -150. -125. -100.  -75.  -50.  -25.    0.   25.   50.
   75.  100.  125.  150.  175.  200.  225.  250.  275.  300.  325.  350.
  375.  400.  425.  450.  475.  500.  525.  550.  575.  600.])
DEBUG:radiomics.glrlm: Calculating GLRLM matrix in C
DEBUG:radiomics.glrlm: Process calculated matrix
DEBUG:radiomics.glrlm: No empty angles
DEBUG:radiomics.glrlm: Calculating GLRLM coefficients
DEBUG:radiomics.glrlm: GLRLM feature class initialized, calculated GLRLM with shape (1, 44, 63, 13)
DEBUG:radiomics.glrlm: Calculating features
INFO:radiomics.featureextractor: Computing glszm
DEBUG:radiomics.glszm: Initializing feature class
DEBUG:radiomics.imageoperations: Discretizing gray levels inside ROI
DEBUG:radiomics.imageoperations: Calculated 45 bins for bin width 25 with edges: [-525. -500. -475. -450. -425. -400. -375. -350. -325. -300. -275. -250.
 -225. -200. -175. -150. -125. -100.  -75.  -50.  -25.    0.   25.   50.
   75.  100.  125.  150.  175.  200.  225.  250.  275.  300.  325.  350.
  375.  400.  425.  450.  475.  500.  525.  550.  575.  600.])
DEBUG:radiomics.glszm: Calculating GLSZM matrix in C
DEBUG:radiomics.glszm: Calculating GLSZM coefficients
DEBUG:radiomics.glszm: GLSZM feature class initialized, calculated GLSZM with shape (1, 44, 191)
DEBUG:radiomics.glszm: Calculating features
INFO:radiomics.featureextractor: Computing gldm
DEBUG:radiomics.gldm: Initializing feature class
DEBUG:radiomics.imageoperations: Discretizing gray levels inside ROI
DEBUG:radiomics.imageoperations: Calculated 45 bins for bin width 25 with edges: [-525. -500. -475. -450. -425. -400. -375. -350. -325. -300. -275. -250.
 -225. -200. -175. -150. -125. -100.  -75.  -50.  -25.    0.   25.   50.
   75.  100.  125.  150.  175.  200.  225.  250.  275.  300.  325.  350.
  375.  400.  425.  450.  475.  500.  525.  550.  575.  600.])
DEBUG:radiomics.gldm: Calculating GLDM matrix in C
DEBUG:radiomics.gldm: Feature class initialized, calculated GLDM with shape (1, 44, 27)
DEBUG:radiomics.gldm: Calculating features
INFO:radiomics.imageoperations: Computing LoG with sigma 4
DEBUG:radiomics.imageoperations: Yielding log-sigma-4-0-mm-3D image
INFO:radiomics.featureextractor: Calculating features for log-sigma-4-0-mm-3D image
DEBUG:radiomics.imageoperations: Cropping to size [98 97 78]
INFO:radiomics.featureextractor: Computing firstorder
DEBUG:radiomics.firstorder: Initializing feature class
DEBUG:radiomics.imageoperations: Discretizing gray levels inside ROI
DEBUG:radiomics.imageoperations: Calculated 37 bins for bin width 25 with edges: [-400. -375. -350. -325. -300. -275. -250. -225. -200. -175. -150. -125.
 -100.  -75.  -50.  -25.    0.   25.   50.   75.  100.  125.  150.  175.
  200.  225.  250.  275.  300.  325.  350.  375.  400.  425.  450.  475.
  500.  525.])
DEBUG:radiomics.firstorder: First order feature class initialized
DEBUG:radiomics.firstorder: Calculating features
INFO:radiomics.featureextractor: Computing glcm
DEBUG:radiomics.glcm: Initializing feature class
DEBUG:radiomics.imageoperations: Discretizing gray levels inside ROI
DEBUG:radiomics.imageoperations: Calculated 37 bins for bin width 25 with edges: [-400. -375. -350. -325. -300. -275. -250. -225. -200. -175. -150. -125.
 -100.  -75.  -50.  -25.    0.   25.   50.   75.  100.  125.  150.  175.
  200.  225.  250.  275.  300.  325.  350.  375.  400.  425.  450.  475.
  500.  525.])
DEBUG:radiomics.glcm: Calculating GLCM matrix in C
DEBUG:radiomics.glcm: Process calculated matrix
DEBUG:radiomics.glcm: Create symmetrical matrix
DEBUG:radiomics.glcm: No empty angles
DEBUG:radiomics.glcm: Calculating GLCM coefficients
DEBUG:radiomics.glcm: GLCM feature class initialized, calculated GLCM with shape (1, 36, 36, 13)
DEBUG:radiomics.glcm: Calculating features
INFO:radiomics.featureextractor: Computing glrlm
DEBUG:radiomics.glrlm: Initializing feature class
DEBUG:radiomics.imageoperations: Discretizing gray levels inside ROI
DEBUG:radiomics.imageoperations: Calculated 37 bins for bin width 25 with edges: [-400. -375. -350. -325. -300. -275. -250. -225. -200. -175. -150. -125.
 -100.  -75.  -50.  -25.    0.   25.   50.   75.  100.  125.  150.  175.
  200.  225.  250.  275.  300.  325.  350.  375.  400.  425.  450.  475.
  500.  525.])
DEBUG:radiomics.glrlm: Calculating GLRLM matrix in C
DEBUG:radiomics.glrlm: Process calculated matrix
DEBUG:radiomics.glrlm: No empty angles
DEBUG:radiomics.glrlm: Calculating GLRLM coefficients
DEBUG:radiomics.glrlm: GLRLM feature class initialized, calculated GLRLM with shape (1, 36, 61, 13)
DEBUG:radiomics.glrlm: Calculating features
INFO:radiomics.featureextractor: Computing glszm
DEBUG:radiomics.glszm: Initializing feature class
DEBUG:radiomics.imageoperations: Discretizing gray levels inside ROI
DEBUG:radiomics.imageoperations: Calculated 37 bins for bin width 25 with edges: [-400. -375. -350. -325. -300. -275. -250. -225. -200. -175. -150. -125.
 -100.  -75.  -50.  -25.    0.   25.   50.   75.  100.  125.  150.  175.
  200.  225.  250.  275.  300.  325.  350.  375.  400.  425.  450.  475.
  500.  525.])
DEBUG:radiomics.glszm: Calculating GLSZM matrix in C
DEBUG:radiomics.glszm: Calculating GLSZM coefficients
DEBUG:radiomics.glszm: GLSZM feature class initialized, calculated GLSZM with shape (1, 36, 191)
DEBUG:radiomics.glszm: Calculating features
INFO:radiomics.featureextractor: Computing gldm
DEBUG:radiomics.gldm: Initializing feature class
DEBUG:radiomics.imageoperations: Discretizing gray levels inside ROI
DEBUG:radiomics.imageoperations: Calculated 37 bins for bin width 25 with edges: [-400. -375. -350. -325. -300. -275. -250. -225. -200. -175. -150. -125.
 -100.  -75.  -50.  -25.    0.   25.   50.   75.  100.  125.  150.  175.
  200.  225.  250.  275.  300.  325.  350.  375.  400.  425.  450.  475.
  500.  525.])
DEBUG:radiomics.gldm: Calculating GLDM matrix in C
DEBUG:radiomics.gldm: Feature class initialized, calculated GLDM with shape (1, 36, 27)
DEBUG:radiomics.gldm: Calculating features
INFO:radiomics.imageoperations: Computing LoG with sigma 5
DEBUG:radiomics.imageoperations: Yielding log-sigma-5-0-mm-3D image
INFO:radiomics.featureextractor: Calculating features for log-sigma-5-0-mm-3D image
DEBUG:radiomics.imageoperations: Cropping to size [98 97 78]
INFO:radiomics.featureextractor: Computing firstorder
DEBUG:radiomics.firstorder: Initializing feature class
DEBUG:radiomics.imageoperations: Discretizing gray levels inside ROI
DEBUG:radiomics.imageoperations: Calculated 35 bins for bin width 25 with edges: [-400. -375. -350. -325. -300. -275. -250. -225. -200. -175. -150. -125.
 -100.  -75.  -50.  -25.    0.   25.   50.   75.  100.  125.  150.  175.
  200.  225.  250.  275.  300.  325.  350.  375.  400.  425.  450.  475.])
DEBUG:radiomics.firstorder: First order feature class initialized
DEBUG:radiomics.firstorder: Calculating features
INFO:radiomics.featureextractor: Computing glcm
DEBUG:radiomics.glcm: Initializing feature class
DEBUG:radiomics.imageoperations: Discretizing gray levels inside ROI
DEBUG:radiomics.imageoperations: Calculated 35 bins for bin width 25 with edges: [-400. -375. -350. -325. -300. -275. -250. -225. -200. -175. -150. -125.
 -100.  -75.  -50.  -25.    0.   25.   50.   75.  100.  125.  150.  175.
  200.  225.  250.  275.  300.  325.  350.  375.  400.  425.  450.  475.])
DEBUG:radiomics.glcm: Calculating GLCM matrix in C
DEBUG:radiomics.glcm: Process calculated matrix
DEBUG:radiomics.glcm: Create symmetrical matrix
DEBUG:radiomics.glcm: No empty angles
DEBUG:radiomics.glcm: Calculating GLCM coefficients
DEBUG:radiomics.glcm: GLCM feature class initialized, calculated GLCM with shape (1, 34, 34, 13)
DEBUG:radiomics.glcm: Calculating features
INFO:radiomics.featureextractor: Computing glrlm
DEBUG:radiomics.glrlm: Initializing feature class
DEBUG:radiomics.imageoperations: Discretizing gray levels inside ROI
DEBUG:radiomics.imageoperations: Calculated 35 bins for bin width 25 with edges: [-400. -375. -350. -325. -300. -275. -250. -225. -200. -175. -150. -125.
 -100.  -75.  -50.  -25.    0.   25.   50.   75.  100.  125.  150.  175.
  200.  225.  250.  275.  300.  325.  350.  375.  400.  425.  450.  475.])
DEBUG:radiomics.glrlm: Calculating GLRLM matrix in C
DEBUG:radiomics.glrlm: Process calculated matrix
DEBUG:radiomics.glrlm: No empty angles
DEBUG:radiomics.glrlm: Calculating GLRLM coefficients
DEBUG:radiomics.glrlm: GLRLM feature class initialized, calculated GLRLM with shape (1, 34, 62, 13)
DEBUG:radiomics.glrlm: Calculating features
INFO:radiomics.featureextractor: Computing glszm
DEBUG:radiomics.glszm: Initializing feature class
DEBUG:radiomics.imageoperations: Discretizing gray levels inside ROI
DEBUG:radiomics.imageoperations: Calculated 35 bins for bin width 25 with edges: [-400. -375. -350. -325. -300. -275. -250. -225. -200. -175. -150. -125.
 -100.  -75.  -50.  -25.    0.   25.   50.   75.  100.  125.  150.  175.
  200.  225.  250.  275.  300.  325.  350.  375.  400.  425.  450.  475.])
DEBUG:radiomics.glszm: Calculating GLSZM matrix in C
DEBUG:radiomics.glszm: Calculating GLSZM coefficients
DEBUG:radiomics.glszm: GLSZM feature class initialized, calculated GLSZM with shape (1, 34, 186)
DEBUG:radiomics.glszm: Calculating features
INFO:radiomics.featureextractor: Computing gldm
DEBUG:radiomics.gldm: Initializing feature class
DEBUG:radiomics.imageoperations: Discretizing gray levels inside ROI
DEBUG:radiomics.imageoperations: Calculated 35 bins for bin width 25 with edges: [-400. -375. -350. -325. -300. -275. -250. -225. -200. -175. -150. -125.
 -100.  -75.  -50.  -25.    0.   25.   50.   75.  100.  125.  150.  175.
  200.  225.  250.  275.  300.  325.  350.  375.  400.  425.  450.  475.])
DEBUG:radiomics.gldm: Calculating GLDM matrix in C
DEBUG:radiomics.gldm: Feature class initialized, calculated GLDM with shape (1, 34, 27)
DEBUG:radiomics.gldm: Calculating features
DEBUG:radiomics.imageoperations: Generating Wavelet images
INFO:radiomics.imageoperations: Computing Wavelet LLH
DEBUG:radiomics.imageoperations: Yielding wavelet-LLH image
INFO:radiomics.featureextractor: Calculating features for wavelet-LLH image
DEBUG:radiomics.imageoperations: Cropping to size [98 97 78]
INFO:radiomics.featureextractor: Computing firstorder
DEBUG:radiomics.firstorder: Initializing feature class
DEBUG:radiomics.imageoperations: Discretizing gray levels inside ROI
DEBUG:radiomics.imageoperations: Calculated 22 bins for bin width 25 with edges: [-250. -225. -200. -175. -150. -125. -100.  -75.  -50.  -25.    0.   25.
   50.   75.  100.  125.  150.  175.  200.  225.  250.  275.  300.])
DEBUG:radiomics.firstorder: First order feature class initialized
DEBUG:radiomics.firstorder: Calculating features
INFO:radiomics.featureextractor: Computing glcm
DEBUG:radiomics.glcm: Initializing feature class
DEBUG:radiomics.imageoperations: Discretizing gray levels inside ROI
DEBUG:radiomics.imageoperations: Calculated 22 bins for bin width 25 with edges: [-250. -225. -200. -175. -150. -125. -100.  -75.  -50.  -25.    0.   25.
   50.   75.  100.  125.  150.  175.  200.  225.  250.  275.  300.])
DEBUG:radiomics.glcm: Calculating GLCM matrix in C
DEBUG:radiomics.glcm: Process calculated matrix
DEBUG:radiomics.glcm: Create symmetrical matrix
DEBUG:radiomics.glcm: No empty angles
DEBUG:radiomics.glcm: Calculating GLCM coefficients
DEBUG:radiomics.glcm: GLCM feature class initialized, calculated GLCM with shape (1, 21, 21, 13)
DEBUG:radiomics.glcm: Calculating features
INFO:radiomics.featureextractor: Computing glrlm
DEBUG:radiomics.glrlm: Initializing feature class
DEBUG:radiomics.imageoperations: Discretizing gray levels inside ROI
DEBUG:radiomics.imageoperations: Calculated 22 bins for bin width 25 with edges: [-250. -225. -200. -175. -150. -125. -100.  -75.  -50.  -25.    0.   25.
   50.   75.  100.  125.  150.  175.  200.  225.  250.  275.  300.])
DEBUG:radiomics.glrlm: Calculating GLRLM matrix in C
DEBUG:radiomics.glrlm: Process calculated matrix
DEBUG:radiomics.glrlm: No empty angles
DEBUG:radiomics.glrlm: Calculating GLRLM coefficients
DEBUG:radiomics.glrlm: GLRLM feature class initialized, calculated GLRLM with shape (1, 21, 63, 13)
DEBUG:radiomics.glrlm: Calculating features
INFO:radiomics.featureextractor: Computing glszm
DEBUG:radiomics.glszm: Initializing feature class
DEBUG:radiomics.imageoperations: Discretizing gray levels inside ROI
DEBUG:radiomics.imageoperations: Calculated 22 bins for bin width 25 with edges: [-250. -225. -200. -175. -150. -125. -100.  -75.  -50.  -25.    0.   25.
   50.   75.  100.  125.  150.  175.  200.  225.  250.  275.  300.])
DEBUG:radiomics.glszm: Calculating GLSZM matrix in C
DEBUG:radiomics.glszm: Calculating GLSZM coefficients
DEBUG:radiomics.glszm: GLSZM feature class initialized, calculated GLSZM with shape (1, 21, 127)
DEBUG:radiomics.glszm: Calculating features
INFO:radiomics.featureextractor: Computing gldm
DEBUG:radiomics.gldm: Initializing feature class
DEBUG:radiomics.imageoperations: Discretizing gray levels inside ROI
DEBUG:radiomics.imageoperations: Calculated 22 bins for bin width 25 with edges: [-250. -225. -200. -175. -150. -125. -100.  -75.  -50.  -25.    0.   25.
   50.   75.  100.  125.  150.  175.  200.  225.  250.  275.  300.])
DEBUG:radiomics.gldm: Calculating GLDM matrix in C
DEBUG:radiomics.gldm: Feature class initialized, calculated GLDM with shape (1, 21, 27)
DEBUG:radiomics.gldm: Calculating features
INFO:radiomics.imageoperations: Computing Wavelet LHL
DEBUG:radiomics.imageoperations: Yielding wavelet-LHL image
INFO:radiomics.featureextractor: Calculating features for wavelet-LHL image
DEBUG:radiomics.imageoperations: Cropping to size [98 97 78]
INFO:radiomics.featureextractor: Computing firstorder
DEBUG:radiomics.firstorder: Initializing feature class
DEBUG:radiomics.imageoperations: Discretizing gray levels inside ROI
DEBUG:radiomics.imageoperations: Calculated 53 bins for bin width 25 with edges: [-650. -625. -600. -575. -550. -525. -500. -475. -450. -425. -400. -375.
 -350. -325. -300. -275. -250. -225. -200. -175. -150. -125. -100.  -75.
  -50.  -25.    0.   25.   50.   75.  100.  125.  150.  175.  200.  225.
  250.  275.  300.  325.  350.  375.  400.  425.  450.  475.  500.  525.
  550.  575.  600.  625.  650.  675.])
DEBUG:radiomics.firstorder: First order feature class initialized
DEBUG:radiomics.firstorder: Calculating features
INFO:radiomics.featureextractor: Computing glcm
DEBUG:radiomics.glcm: Initializing feature class
DEBUG:radiomics.imageoperations: Discretizing gray levels inside ROI
DEBUG:radiomics.imageoperations: Calculated 53 bins for bin width 25 with edges: [-650. -625. -600. -575. -550. -525. -500. -475. -450. -425. -400. -375.
 -350. -325. -300. -275. -250. -225. -200. -175. -150. -125. -100.  -75.
  -50.  -25.    0.   25.   50.   75.  100.  125.  150.  175.  200.  225.
  250.  275.  300.  325.  350.  375.  400.  425.  450.  475.  500.  525.
  550.  575.  600.  625.  650.  675.])
DEBUG:radiomics.glcm: Calculating GLCM matrix in C
DEBUG:radiomics.glcm: Process calculated matrix
DEBUG:radiomics.glcm: Create symmetrical matrix
DEBUG:radiomics.glcm: No empty angles
DEBUG:radiomics.glcm: Calculating GLCM coefficients
DEBUG:radiomics.glcm: GLCM feature class initialized, calculated GLCM with shape (1, 52, 52, 13)
DEBUG:radiomics.glcm: Calculating features
INFO:radiomics.featureextractor: Computing glrlm
DEBUG:radiomics.glrlm: Initializing feature class
DEBUG:radiomics.imageoperations: Discretizing gray levels inside ROI
DEBUG:radiomics.imageoperations: Calculated 53 bins for bin width 25 with edges: [-650. -625. -600. -575. -550. -525. -500. -475. -450. -425. -400. -375.
 -350. -325. -300. -275. -250. -225. -200. -175. -150. -125. -100.  -75.
  -50.  -25.    0.   25.   50.   75.  100.  125.  150.  175.  200.  225.
  250.  275.  300.  325.  350.  375.  400.  425.  450.  475.  500.  525.
  550.  575.  600.  625.  650.  675.])
DEBUG:radiomics.glrlm: Calculating GLRLM matrix in C
DEBUG:radiomics.glrlm: Process calculated matrix
DEBUG:radiomics.glrlm: No empty angles
DEBUG:radiomics.glrlm: Calculating GLRLM coefficients
DEBUG:radiomics.glrlm: GLRLM feature class initialized, calculated GLRLM with shape (1, 52, 30, 13)
DEBUG:radiomics.glrlm: Calculating features
INFO:radiomics.featureextractor: Computing glszm
DEBUG:radiomics.glszm: Initializing feature class
DEBUG:radiomics.imageoperations: Discretizing gray levels inside ROI
DEBUG:radiomics.imageoperations: Calculated 53 bins for bin width 25 with edges: [-650. -625. -600. -575. -550. -525. -500. -475. -450. -425. -400. -375.
 -350. -325. -300. -275. -250. -225. -200. -175. -150. -125. -100.  -75.
  -50.  -25.    0.   25.   50.   75.  100.  125.  150.  175.  200.  225.
  250.  275.  300.  325.  350.  375.  400.  425.  450.  475.  500.  525.
  550.  575.  600.  625.  650.  675.])
DEBUG:radiomics.glszm: Calculating GLSZM matrix in C
DEBUG:radiomics.glszm: Calculating GLSZM coefficients
DEBUG:radiomics.glszm: GLSZM feature class initialized, calculated GLSZM with shape (1, 52, 152)
DEBUG:radiomics.glszm: Calculating features
INFO:radiomics.featureextractor: Computing gldm
DEBUG:radiomics.gldm: Initializing feature class
DEBUG:radiomics.imageoperations: Discretizing gray levels inside ROI
DEBUG:radiomics.imageoperations: Calculated 53 bins for bin width 25 with edges: [-650. -625. -600. -575. -550. -525. -500. -475. -450. -425. -400. -375.
 -350. -325. -300. -275. -250. -225. -200. -175. -150. -125. -100.  -75.
  -50.  -25.    0.   25.   50.   75.  100.  125.  150.  175.  200.  225.
  250.  275.  300.  325.  350.  375.  400.  425.  450.  475.  500.  525.
  550.  575.  600.  625.  650.  675.])
DEBUG:radiomics.gldm: Calculating GLDM matrix in C
DEBUG:radiomics.gldm: Feature class initialized, calculated GLDM with shape (1, 52, 27)
DEBUG:radiomics.gldm: Calculating features
INFO:radiomics.imageoperations: Computing Wavelet LHH
DEBUG:radiomics.imageoperations: Yielding wavelet-LHH image
INFO:radiomics.featureextractor: Calculating features for wavelet-LHH image
DEBUG:radiomics.imageoperations: Cropping to size [98 97 78]
INFO:radiomics.featureextractor: Computing firstorder
DEBUG:radiomics.firstorder: Initializing feature class
DEBUG:radiomics.imageoperations: Discretizing gray levels inside ROI
DEBUG:radiomics.imageoperations: Calculated 9 bins for bin width 25 with edges: [-100.  -75.  -50.  -25.    0.   25.   50.   75.  100.  125.])
DEBUG:radiomics.firstorder: First order feature class initialized
DEBUG:radiomics.firstorder: Calculating features
INFO:radiomics.featureextractor: Computing glcm
DEBUG:radiomics.glcm: Initializing feature class
DEBUG:radiomics.imageoperations: Discretizing gray levels inside ROI
DEBUG:radiomics.imageoperations: Calculated 9 bins for bin width 25 with edges: [-100.  -75.  -50.  -25.    0.   25.   50.   75.  100.  125.])
DEBUG:radiomics.glcm: Calculating GLCM matrix in C
DEBUG:radiomics.glcm: Process calculated matrix
DEBUG:radiomics.glcm: Create symmetrical matrix
DEBUG:radiomics.glcm: No empty angles
DEBUG:radiomics.glcm: Calculating GLCM coefficients
DEBUG:radiomics.glcm: GLCM feature class initialized, calculated GLCM with shape (1, 8, 8, 13)
DEBUG:radiomics.glcm: Calculating features
INFO:radiomics.featureextractor: Computing glrlm
DEBUG:radiomics.glrlm: Initializing feature class
DEBUG:radiomics.imageoperations: Discretizing gray levels inside ROI
DEBUG:radiomics.imageoperations: Calculated 9 bins for bin width 25 with edges: [-100.  -75.  -50.  -25.    0.   25.   50.   75.  100.  125.])
DEBUG:radiomics.glrlm: Calculating GLRLM matrix in C
DEBUG:radiomics.glrlm: Process calculated matrix
DEBUG:radiomics.glrlm: No empty angles
DEBUG:radiomics.glrlm: Calculating GLRLM coefficients
DEBUG:radiomics.glrlm: GLRLM feature class initialized, calculated GLRLM with shape (1, 8, 35, 13)
DEBUG:radiomics.glrlm: Calculating features
INFO:radiomics.featureextractor: Computing glszm
DEBUG:radiomics.glszm: Initializing feature class
DEBUG:radiomics.imageoperations: Discretizing gray levels inside ROI
DEBUG:radiomics.imageoperations: Calculated 9 bins for bin width 25 with edges: [-100.  -75.  -50.  -25.    0.   25.   50.   75.  100.  125.])
DEBUG:radiomics.glszm: Calculating GLSZM matrix in C
DEBUG:radiomics.glszm: Calculating GLSZM coefficients
DEBUG:radiomics.glszm: GLSZM feature class initialized, calculated GLSZM with shape (1, 8, 46)
DEBUG:radiomics.glszm: Calculating features
INFO:radiomics.featureextractor: Computing gldm
DEBUG:radiomics.gldm: Initializing feature class
DEBUG:radiomics.imageoperations: Discretizing gray levels inside ROI
DEBUG:radiomics.imageoperations: Calculated 9 bins for bin width 25 with edges: [-100.  -75.  -50.  -25.    0.   25.   50.   75.  100.  125.])
DEBUG:radiomics.gldm: Calculating GLDM matrix in C
DEBUG:radiomics.gldm: Feature class initialized, calculated GLDM with shape (1, 8, 27)
DEBUG:radiomics.gldm: Calculating features
INFO:radiomics.imageoperations: Computing Wavelet HLL
DEBUG:radiomics.imageoperations: Yielding wavelet-HLL image
INFO:radiomics.featureextractor: Calculating features for wavelet-HLL image
DEBUG:radiomics.imageoperations: Cropping to size [98 97 78]
INFO:radiomics.featureextractor: Computing firstorder
DEBUG:radiomics.firstorder: Initializing feature class
DEBUG:radiomics.imageoperations: Discretizing gray levels inside ROI
DEBUG:radiomics.imageoperations: Calculated 64 bins for bin width 25 with edges: [-875. -850. -825. -800. -775. -750. -725. -700. -675. -650. -625. -600.
 -575. -550. -525. -500. -475. -450. -425. -400. -375. -350. -325. -300.
 -275. -250. -225. -200. -175. -150. -125. -100.  -75.  -50.  -25.    0.
   25.   50.   75.  100.  125.  150.  175.  200.  225.  250.  275.  300.
  325.  350.  375.  400.  425.  450.  475.  500.  525.  550.  575.  600.
  625.  650.  675.  700.  725.])
DEBUG:radiomics.firstorder: First order feature class initialized
DEBUG:radiomics.firstorder: Calculating features
INFO:radiomics.featureextractor: Computing glcm
DEBUG:radiomics.glcm: Initializing feature class
DEBUG:radiomics.imageoperations: Discretizing gray levels inside ROI
DEBUG:radiomics.imageoperations: Calculated 64 bins for bin width 25 with edges: [-875. -850. -825. -800. -775. -750. -725. -700. -675. -650. -625. -600.
 -575. -550. -525. -500. -475. -450. -425. -400. -375. -350. -325. -300.
 -275. -250. -225. -200. -175. -150. -125. -100.  -75.  -50.  -25.    0.
   25.   50.   75.  100.  125.  150.  175.  200.  225.  250.  275.  300.
  325.  350.  375.  400.  425.  450.  475.  500.  525.  550.  575.  600.
  625.  650.  675.  700.  725.])
DEBUG:radiomics.glcm: Calculating GLCM matrix in C
DEBUG:radiomics.glcm: Process calculated matrix
DEBUG:radiomics.glcm: Create symmetrical matrix
DEBUG:radiomics.glcm: No empty angles
DEBUG:radiomics.glcm: Calculating GLCM coefficients
DEBUG:radiomics.glcm: GLCM feature class initialized, calculated GLCM with shape (1, 62, 62, 13)
DEBUG:radiomics.glcm: Calculating features
INFO:radiomics.featureextractor: Computing glrlm
DEBUG:radiomics.glrlm: Initializing feature class
DEBUG:radiomics.imageoperations: Discretizing gray levels inside ROI
DEBUG:radiomics.imageoperations: Calculated 64 bins for bin width 25 with edges: [-875. -850. -825. -800. -775. -750. -725. -700. -675. -650. -625. -600.
 -575. -550. -525. -500. -475. -450. -425. -400. -375. -350. -325. -300.
 -275. -250. -225. -200. -175. -150. -125. -100.  -75.  -50.  -25.    0.
   25.   50.   75.  100.  125.  150.  175.  200.  225.  250.  275.  300.
  325.  350.  375.  400.  425.  450.  475.  500.  525.  550.  575.  600.
  625.  650.  675.  700.  725.])
DEBUG:radiomics.glrlm: Calculating GLRLM matrix in C
DEBUG:radiomics.glrlm: Process calculated matrix
DEBUG:radiomics.glrlm: No empty angles
DEBUG:radiomics.glrlm: Calculating GLRLM coefficients
DEBUG:radiomics.glrlm: GLRLM feature class initialized, calculated GLRLM with shape (1, 62, 34, 13)
DEBUG:radiomics.glrlm: Calculating features
INFO:radiomics.featureextractor: Computing glszm
DEBUG:radiomics.glszm: Initializing feature class
DEBUG:radiomics.imageoperations: Discretizing gray levels inside ROI
DEBUG:radiomics.imageoperations: Calculated 64 bins for bin width 25 with edges: [-875. -850. -825. -800. -775. -750. -725. -700. -675. -650. -625. -600.
 -575. -550. -525. -500. -475. -450. -425. -400. -375. -350. -325. -300.
 -275. -250. -225. -200. -175. -150. -125. -100.  -75.  -50.  -25.    0.
   25.   50.   75.  100.  125.  150.  175.  200.  225.  250.  275.  300.
  325.  350.  375.  400.  425.  450.  475.  500.  525.  550.  575.  600.
  625.  650.  675.  700.  725.])
DEBUG:radiomics.glszm: Calculating GLSZM matrix in C
DEBUG:radiomics.glszm: Calculating GLSZM coefficients
DEBUG:radiomics.glszm: GLSZM feature class initialized, calculated GLSZM with shape (1, 62, 141)
DEBUG:radiomics.glszm: Calculating features
INFO:radiomics.featureextractor: Computing gldm
DEBUG:radiomics.gldm: Initializing feature class
DEBUG:radiomics.imageoperations: Discretizing gray levels inside ROI
DEBUG:radiomics.imageoperations: Calculated 64 bins for bin width 25 with edges: [-875. -850. -825. -800. -775. -750. -725. -700. -675. -650. -625. -600.
 -575. -550. -525. -500. -475. -450. -425. -400. -375. -350. -325. -300.
 -275. -250. -225. -200. -175. -150. -125. -100.  -75.  -50.  -25.    0.
   25.   50.   75.  100.  125.  150.  175.  200.  225.  250.  275.  300.
  325.  350.  375.  400.  425.  450.  475.  500.  525.  550.  575.  600.
  625.  650.  675.  700.  725.])
DEBUG:radiomics.gldm: Calculating GLDM matrix in C
DEBUG:radiomics.gldm: Feature class initialized, calculated GLDM with shape (1, 62, 27)
DEBUG:radiomics.gldm: Calculating features
INFO:radiomics.imageoperations: Computing Wavelet HLH
DEBUG:radiomics.imageoperations: Yielding wavelet-HLH image
INFO:radiomics.featureextractor: Calculating features for wavelet-HLH image
DEBUG:radiomics.imageoperations: Cropping to size [98 97 78]
INFO:radiomics.featureextractor: Computing firstorder
DEBUG:radiomics.firstorder: Initializing feature class
DEBUG:radiomics.imageoperations: Discretizing gray levels inside ROI
DEBUG:radiomics.imageoperations: Calculated 9 bins for bin width 25 with edges: [-100.  -75.  -50.  -25.    0.   25.   50.   75.  100.  125.])
DEBUG:radiomics.firstorder: First order feature class initialized
DEBUG:radiomics.firstorder: Calculating features
INFO:radiomics.featureextractor: Computing glcm
DEBUG:radiomics.glcm: Initializing feature class
DEBUG:radiomics.imageoperations: Discretizing gray levels inside ROI
DEBUG:radiomics.imageoperations: Calculated 9 bins for bin width 25 with edges: [-100.  -75.  -50.  -25.    0.   25.   50.   75.  100.  125.])
DEBUG:radiomics.glcm: Calculating GLCM matrix in C
DEBUG:radiomics.glcm: Process calculated matrix
DEBUG:radiomics.glcm: Create symmetrical matrix
DEBUG:radiomics.glcm: No empty angles
DEBUG:radiomics.glcm: Calculating GLCM coefficients
DEBUG:radiomics.glcm: GLCM feature class initialized, calculated GLCM with shape (1, 8, 8, 13)
DEBUG:radiomics.glcm: Calculating features
INFO:radiomics.featureextractor: Computing glrlm
DEBUG:radiomics.glrlm: Initializing feature class
DEBUG:radiomics.imageoperations: Discretizing gray levels inside ROI
DEBUG:radiomics.imageoperations: Calculated 9 bins for bin width 25 with edges: [-100.  -75.  -50.  -25.    0.   25.   50.   75.  100.  125.])
DEBUG:radiomics.glrlm: Calculating GLRLM matrix in C
DEBUG:radiomics.glrlm: Process calculated matrix
DEBUG:radiomics.glrlm: No empty angles
DEBUG:radiomics.glrlm: Calculating GLRLM coefficients
DEBUG:radiomics.glrlm: GLRLM feature class initialized, calculated GLRLM with shape (1, 8, 29, 13)
DEBUG:radiomics.glrlm: Calculating features
INFO:radiomics.featureextractor: Computing glszm
DEBUG:radiomics.glszm: Initializing feature class
DEBUG:radiomics.imageoperations: Discretizing gray levels inside ROI
DEBUG:radiomics.imageoperations: Calculated 9 bins for bin width 25 with edges: [-100.  -75.  -50.  -25.    0.   25.   50.   75.  100.  125.])
DEBUG:radiomics.glszm: Calculating GLSZM matrix in C
DEBUG:radiomics.glszm: Calculating GLSZM coefficients
DEBUG:radiomics.glszm: GLSZM feature class initialized, calculated GLSZM with shape (1, 8, 28)
DEBUG:radiomics.glszm: Calculating features
INFO:radiomics.featureextractor: Computing gldm
DEBUG:radiomics.gldm: Initializing feature class
DEBUG:radiomics.imageoperations: Discretizing gray levels inside ROI
DEBUG:radiomics.imageoperations: Calculated 9 bins for bin width 25 with edges: [-100.  -75.  -50.  -25.    0.   25.   50.   75.  100.  125.])
DEBUG:radiomics.gldm: Calculating GLDM matrix in C
DEBUG:radiomics.gldm: Feature class initialized, calculated GLDM with shape (1, 8, 27)
DEBUG:radiomics.gldm: Calculating features
INFO:radiomics.imageoperations: Computing Wavelet HHL
DEBUG:radiomics.imageoperations: Yielding wavelet-HHL image
INFO:radiomics.featureextractor: Calculating features for wavelet-HHL image
DEBUG:radiomics.imageoperations: Cropping to size [98 97 78]
INFO:radiomics.featureextractor: Computing firstorder
DEBUG:radiomics.firstorder: Initializing feature class
DEBUG:radiomics.imageoperations: Discretizing gray levels inside ROI
DEBUG:radiomics.imageoperations: Calculated 20 bins for bin width 25 with edges: [-225. -200. -175. -150. -125. -100.  -75.  -50.  -25.    0.   25.   50.
   75.  100.  125.  150.  175.  200.  225.  250.  275.])
DEBUG:radiomics.firstorder: First order feature class initialized
DEBUG:radiomics.firstorder: Calculating features
INFO:radiomics.featureextractor: Computing glcm
DEBUG:radiomics.glcm: Initializing feature class
DEBUG:radiomics.imageoperations: Discretizing gray levels inside ROI
DEBUG:radiomics.imageoperations: Calculated 20 bins for bin width 25 with edges: [-225. -200. -175. -150. -125. -100.  -75.  -50.  -25.    0.   25.   50.
   75.  100.  125.  150.  175.  200.  225.  250.  275.])
DEBUG:radiomics.glcm: Calculating GLCM matrix in C
DEBUG:radiomics.glcm: Process calculated matrix
DEBUG:radiomics.glcm: Create symmetrical matrix
DEBUG:radiomics.glcm: No empty angles
DEBUG:radiomics.glcm: Calculating GLCM coefficients
DEBUG:radiomics.glcm: GLCM feature class initialized, calculated GLCM with shape (1, 19, 19, 13)
DEBUG:radiomics.glcm: Calculating features
INFO:radiomics.featureextractor: Computing glrlm
DEBUG:radiomics.glrlm: Initializing feature class
DEBUG:radiomics.imageoperations: Discretizing gray levels inside ROI
DEBUG:radiomics.imageoperations: Calculated 20 bins for bin width 25 with edges: [-225. -200. -175. -150. -125. -100.  -75.  -50.  -25.    0.   25.   50.
   75.  100.  125.  150.  175.  200.  225.  250.  275.])
DEBUG:radiomics.glrlm: Calculating GLRLM matrix in C
DEBUG:radiomics.glrlm: Process calculated matrix
DEBUG:radiomics.glrlm: No empty angles
DEBUG:radiomics.glrlm: Calculating GLRLM coefficients
DEBUG:radiomics.glrlm: GLRLM feature class initialized, calculated GLRLM with shape (1, 19, 38, 13)
DEBUG:radiomics.glrlm: Calculating features
INFO:radiomics.featureextractor: Computing glszm
DEBUG:radiomics.glszm: Initializing feature class
DEBUG:radiomics.imageoperations: Discretizing gray levels inside ROI
DEBUG:radiomics.imageoperations: Calculated 20 bins for bin width 25 with edges: [-225. -200. -175. -150. -125. -100.  -75.  -50.  -25.    0.   25.   50.
   75.  100.  125.  150.  175.  200.  225.  250.  275.])
DEBUG:radiomics.glszm: Calculating GLSZM matrix in C
DEBUG:radiomics.glszm: Calculating GLSZM coefficients
DEBUG:radiomics.glszm: GLSZM feature class initialized, calculated GLSZM with shape (1, 19, 108)
DEBUG:radiomics.glszm: Calculating features
INFO:radiomics.featureextractor: Computing gldm
DEBUG:radiomics.gldm: Initializing feature class
DEBUG:radiomics.imageoperations: Discretizing gray levels inside ROI
DEBUG:radiomics.imageoperations: Calculated 20 bins for bin width 25 with edges: [-225. -200. -175. -150. -125. -100.  -75.  -50.  -25.    0.   25.   50.
   75.  100.  125.  150.  175.  200.  225.  250.  275.])
DEBUG:radiomics.gldm: Calculating GLDM matrix in C
DEBUG:radiomics.gldm: Feature class initialized, calculated GLDM with shape (1, 19, 24)
DEBUG:radiomics.gldm: Calculating features
INFO:radiomics.imageoperations: Computing Wavelet HHH
DEBUG:radiomics.imageoperations: Yielding wavelet-HHH image
INFO:radiomics.featureextractor: Calculating features for wavelet-HHH image
DEBUG:radiomics.imageoperations: Cropping to size [98 97 78]
INFO:radiomics.featureextractor: Computing firstorder
DEBUG:radiomics.firstorder: Initializing feature class
DEBUG:radiomics.imageoperations: Discretizing gray levels inside ROI
DEBUG:radiomics.imageoperations: Calculated 5 bins for bin width 25 with edges: [-50. -25.   0.  25.  50.  75.])
DEBUG:radiomics.firstorder: First order feature class initialized
DEBUG:radiomics.firstorder: Calculating features
INFO:radiomics.featureextractor: Computing glcm
DEBUG:radiomics.glcm: Initializing feature class
DEBUG:radiomics.imageoperations: Discretizing gray levels inside ROI
DEBUG:radiomics.imageoperations: Calculated 5 bins for bin width 25 with edges: [-50. -25.   0.  25.  50.  75.])
DEBUG:radiomics.glcm: Calculating GLCM matrix in C
DEBUG:radiomics.glcm: Process calculated matrix
DEBUG:radiomics.glcm: Create symmetrical matrix
DEBUG:radiomics.glcm: No empty angles
DEBUG:radiomics.glcm: Calculating GLCM coefficients
DEBUG:radiomics.glcm: GLCM feature class initialized, calculated GLCM with shape (1, 4, 4, 13)
DEBUG:radiomics.glcm: Calculating features
INFO:radiomics.featureextractor: Computing glrlm
DEBUG:radiomics.glrlm: Initializing feature class
DEBUG:radiomics.imageoperations: Discretizing gray levels inside ROI
DEBUG:radiomics.imageoperations: Calculated 5 bins for bin width 25 with edges: [-50. -25.   0.  25.  50.  75.])
DEBUG:radiomics.glrlm: Calculating GLRLM matrix in C
DEBUG:radiomics.glrlm: Process calculated matrix
DEBUG:radiomics.glrlm: No empty angles
DEBUG:radiomics.glrlm: Calculating GLRLM coefficients
DEBUG:radiomics.glrlm: GLRLM feature class initialized, calculated GLRLM with shape (1, 4, 21, 13)
DEBUG:radiomics.glrlm: Calculating features
INFO:radiomics.featureextractor: Computing glszm
DEBUG:radiomics.glszm: Initializing feature class
DEBUG:radiomics.imageoperations: Discretizing gray levels inside ROI
DEBUG:radiomics.imageoperations: Calculated 5 bins for bin width 25 with edges: [-50. -25.   0.  25.  50.  75.])
DEBUG:radiomics.glszm: Calculating GLSZM matrix in C
DEBUG:radiomics.glszm: Calculating GLSZM coefficients
DEBUG:radiomics.glszm: GLSZM feature class initialized, calculated GLSZM with shape (1, 4, 5)
DEBUG:radiomics.glszm: Calculating features
INFO:radiomics.featureextractor: Computing gldm
DEBUG:radiomics.gldm: Initializing feature class
DEBUG:radiomics.imageoperations: Discretizing gray levels inside ROI
DEBUG:radiomics.imageoperations: Calculated 5 bins for bin width 25 with edges: [-50. -25.   0.  25.  50.  75.])
DEBUG:radiomics.gldm: Calculating GLDM matrix in C
DEBUG:radiomics.gldm: Feature class initialized, calculated GLDM with shape (1, 4, 24)
DEBUG:radiomics.gldm: Calculating features
DEBUG:radiomics.imageoperations: Yielding approximation (wavelet-LLL) image
INFO:radiomics.featureextractor: Calculating features for wavelet-LLL image
DEBUG:radiomics.imageoperations: Cropping to size [98 97 78]
INFO:radiomics.featureextractor: Computing firstorder
DEBUG:radiomics.firstorder: Initializing feature class
DEBUG:radiomics.imageoperations: Discretizing gray levels inside ROI
DEBUG:radiomics.imageoperations: Calculated 183 bins for bin width 25 with edges: [-2925. -2900. -2875. -2850. -2825. -2800. -2775. -2750. -2725. -2700.
 -2675. -2650. -2625. -2600. -2575. -2550. -2525. -2500. -2475. -2450.
 -2425. -2400. -2375. -2350. -2325. -2300. -2275. -2250. -2225. -2200.
 -2175. -2150. -2125. -2100. -2075. -2050. -2025. -2000. -1975. -1950.
 -1925. -1900. -1875. -1850. -1825. -1800. -1775. -1750. -1725. -1700.
 -1675. -1650. -1625. -1600. -1575. -1550. -1525. -1500. -1475. -1450.
 -1425. -1400. -1375. -1350. -1325. -1300. -1275. -1250. -1225. -1200.
 -1175. -1150. -1125. -1100. -1075. -1050. -1025. -1000.  -975.  -950.
  -925.  -900.  -875.  -850.  -825.  -800.  -775.  -750.  -725.  -700.
  -675.  -650.  -625.  -600.  -575.  -550.  -525.  -500.  -475.  -450.
  -425.  -400.  -375.  -350.  -325.  -300.  -275.  -250.  -225.  -200.
  -175.  -150.  -125.  -100.   -75.   -50.   -25.     0.    25.    50.
    75.   100.   125.   150.   175.   200.   225.   250.   275.   300.
   325.   350.   375.   400.   425.   450.   475.   500.   525.   550.
   575.   600.   625.   650.   675.   700.   725.   750.   775.   800.
   825.   850.   875.   900.   925.   950.   975.  1000.  1025.  1050.
  1075.  1100.  1125.  1150.  1175.  1200.  1225.  1250.  1275.  1300.
  1325.  1350.  1375.  1400.  1425.  1450.  1475.  1500.  1525.  1550.
  1575.  1600.  1625.  1650.])
DEBUG:radiomics.firstorder: First order feature class initialized
DEBUG:radiomics.firstorder: Calculating features
INFO:radiomics.featureextractor: Computing glcm
DEBUG:radiomics.glcm: Initializing feature class
DEBUG:radiomics.imageoperations: Discretizing gray levels inside ROI
DEBUG:radiomics.imageoperations: Calculated 183 bins for bin width 25 with edges: [-2925. -2900. -2875. -2850. -2825. -2800. -2775. -2750. -2725. -2700.
 -2675. -2650. -2625. -2600. -2575. -2550. -2525. -2500. -2475. -2450.
 -2425. -2400. -2375. -2350. -2325. -2300. -2275. -2250. -2225. -2200.
 -2175. -2150. -2125. -2100. -2075. -2050. -2025. -2000. -1975. -1950.
 -1925. -1900. -1875. -1850. -1825. -1800. -1775. -1750. -1725. -1700.
 -1675. -1650. -1625. -1600. -1575. -1550. -1525. -1500. -1475. -1450.
 -1425. -1400. -1375. -1350. -1325. -1300. -1275. -1250. -1225. -1200.
 -1175. -1150. -1125. -1100. -1075. -1050. -1025. -1000.  -975.  -950.
  -925.  -900.  -875.  -850.  -825.  -800.  -775.  -750.  -725.  -700.
  -675.  -650.  -625.  -600.  -575.  -550.  -525.  -500.  -475.  -450.
  -425.  -400.  -375.  -350.  -325.  -300.  -275.  -250.  -225.  -200.
  -175.  -150.  -125.  -100.   -75.   -50.   -25.     0.    25.    50.
    75.   100.   125.   150.   175.   200.   225.   250.   275.   300.
   325.   350.   375.   400.   425.   450.   475.   500.   525.   550.
   575.   600.   625.   650.   675.   700.   725.   750.   775.   800.
   825.   850.   875.   900.   925.   950.   975.  1000.  1025.  1050.
  1075.  1100.  1125.  1150.  1175.  1200.  1225.  1250.  1275.  1300.
  1325.  1350.  1375.  1400.  1425.  1450.  1475.  1500.  1525.  1550.
  1575.  1600.  1625.  1650.])
DEBUG:radiomics.glcm: Calculating GLCM matrix in C
DEBUG:radiomics.glcm: Process calculated matrix
DEBUG:radiomics.glcm: Create symmetrical matrix
DEBUG:radiomics.glcm: No empty angles
DEBUG:radiomics.glcm: Calculating GLCM coefficients
DEBUG:radiomics.glcm: GLCM feature class initialized, calculated GLCM with shape (1, 171, 171, 13)
DEBUG:radiomics.glcm: Calculating features
INFO:radiomics.featureextractor: Computing glrlm
DEBUG:radiomics.glrlm: Initializing feature class
DEBUG:radiomics.imageoperations: Discretizing gray levels inside ROI
DEBUG:radiomics.imageoperations: Calculated 183 bins for bin width 25 with edges: [-2925. -2900. -2875. -2850. -2825. -2800. -2775. -2750. -2725. -2700.
 -2675. -2650. -2625. -2600. -2575. -2550. -2525. -2500. -2475. -2450.
 -2425. -2400. -2375. -2350. -2325. -2300. -2275. -2250. -2225. -2200.
 -2175. -2150. -2125. -2100. -2075. -2050. -2025. -2000. -1975. -1950.
 -1925. -1900. -1875. -1850. -1825. -1800. -1775. -1750. -1725. -1700.
 -1675. -1650. -1625. -1600. -1575. -1550. -1525. -1500. -1475. -1450.
 -1425. -1400. -1375. -1350. -1325. -1300. -1275. -1250. -1225. -1200.
 -1175. -1150. -1125. -1100. -1075. -1050. -1025. -1000.  -975.  -950.
  -925.  -900.  -875.  -850.  -825.  -800.  -775.  -750.  -725.  -700.
  -675.  -650.  -625.  -600.  -575.  -550.  -525.  -500.  -475.  -450.
  -425.  -400.  -375.  -350.  -325.  -300.  -275.  -250.  -225.  -200.
  -175.  -150.  -125.  -100.   -75.   -50.   -25.     0.    25.    50.
    75.   100.   125.   150.   175.   200.   225.   250.   275.   300.
   325.   350.   375.   400.   425.   450.   475.   500.   525.   550.
   575.   600.   625.   650.   675.   700.   725.   750.   775.   800.
   825.   850.   875.   900.   925.   950.   975.  1000.  1025.  1050.
  1075.  1100.  1125.  1150.  1175.  1200.  1225.  1250.  1275.  1300.
  1325.  1350.  1375.  1400.  1425.  1450.  1475.  1500.  1525.  1550.
  1575.  1600.  1625.  1650.])
DEBUG:radiomics.glrlm: Calculating GLRLM matrix in C
DEBUG:radiomics.glrlm: Process calculated matrix
DEBUG:radiomics.glrlm: No empty angles
DEBUG:radiomics.glrlm: Calculating GLRLM coefficients
DEBUG:radiomics.glrlm: GLRLM feature class initialized, calculated GLRLM with shape (1, 171, 21, 13)
DEBUG:radiomics.glrlm: Calculating features
INFO:radiomics.featureextractor: Computing glszm
DEBUG:radiomics.glszm: Initializing feature class
DEBUG:radiomics.imageoperations: Discretizing gray levels inside ROI
DEBUG:radiomics.imageoperations: Calculated 183 bins for bin width 25 with edges: [-2925. -2900. -2875. -2850. -2825. -2800. -2775. -2750. -2725. -2700.
 -2675. -2650. -2625. -2600. -2575. -2550. -2525. -2500. -2475. -2450.
 -2425. -2400. -2375. -2350. -2325. -2300. -2275. -2250. -2225. -2200.
 -2175. -2150. -2125. -2100. -2075. -2050. -2025. -2000. -1975. -1950.
 -1925. -1900. -1875. -1850. -1825. -1800. -1775. -1750. -1725. -1700.
 -1675. -1650. -1625. -1600. -1575. -1550. -1525. -1500. -1475. -1450.
 -1425. -1400. -1375. -1350. -1325. -1300. -1275. -1250. -1225. -1200.
 -1175. -1150. -1125. -1100. -1075. -1050. -1025. -1000.  -975.  -950.
  -925.  -900.  -875.  -850.  -825.  -800.  -775.  -750.  -725.  -700.
  -675.  -650.  -625.  -600.  -575.  -550.  -525.  -500.  -475.  -450.
  -425.  -400.  -375.  -350.  -325.  -300.  -275.  -250.  -225.  -200.
  -175.  -150.  -125.  -100.   -75.   -50.   -25.     0.    25.    50.
    75.   100.   125.   150.   175.   200.   225.   250.   275.   300.
   325.   350.   375.   400.   425.   450.   475.   500.   525.   550.
   575.   600.   625.   650.   675.   700.   725.   750.   775.   800.
   825.   850.   875.   900.   925.   950.   975.  1000.  1025.  1050.
  1075.  1100.  1125.  1150.  1175.  1200.  1225.  1250.  1275.  1300.
  1325.  1350.  1375.  1400.  1425.  1450.  1475.  1500.  1525.  1550.
  1575.  1600.  1625.  1650.])
DEBUG:radiomics.glszm: Calculating GLSZM matrix in C
DEBUG:radiomics.glszm: Calculating GLSZM coefficients
DEBUG:radiomics.glszm: GLSZM feature class initialized, calculated GLSZM with shape (1, 171, 167)
DEBUG:radiomics.glszm: Calculating features
INFO:radiomics.featureextractor: Computing gldm
DEBUG:radiomics.gldm: Initializing feature class
DEBUG:radiomics.imageoperations: Discretizing gray levels inside ROI
DEBUG:radiomics.imageoperations: Calculated 183 bins for bin width 25 with edges: [-2925. -2900. -2875. -2850. -2825. -2800. -2775. -2750. -2725. -2700.
 -2675. -2650. -2625. -2600. -2575. -2550. -2525. -2500. -2475. -2450.
 -2425. -2400. -2375. -2350. -2325. -2300. -2275. -2250. -2225. -2200.
 -2175. -2150. -2125. -2100. -2075. -2050. -2025. -2000. -1975. -1950.
 -1925. -1900. -1875. -1850. -1825. -1800. -1775. -1750. -1725. -1700.
 -1675. -1650. -1625. -1600. -1575. -1550. -1525. -1500. -1475. -1450.
 -1425. -1400. -1375. -1350. -1325. -1300. -1275. -1250. -1225. -1200.
 -1175. -1150. -1125. -1100. -1075. -1050. -1025. -1000.  -975.  -950.
  -925.  -900.  -875.  -850.  -825.  -800.  -775.  -750.  -725.  -700.
  -675.  -650.  -625.  -600.  -575.  -550.  -525.  -500.  -475.  -450.
  -425.  -400.  -375.  -350.  -325.  -300.  -275.  -250.  -225.  -200.
  -175.  -150.  -125.  -100.   -75.   -50.   -25.     0.    25.    50.
    75.   100.   125.   150.   175.   200.   225.   250.   275.   300.
   325.   350.   375.   400.   425.   450.   475.   500.   525.   550.
   575.   600.   625.   650.   675.   700.   725.   750.   775.   800.
   825.   850.   875.   900.   925.   950.   975.  1000.  1025.  1050.
  1075.  1100.  1125.  1150.  1175.  1200.  1225.  1250.  1275.  1300.
  1325.  1350.  1375.  1400.  1425.  1450.  1475.  1500.  1525.  1550.
  1575.  1600.  1625.  1650.])
DEBUG:radiomics.gldm: Calculating GLDM matrix in C
DEBUG:radiomics.gldm: Feature class initialized, calculated GLDM with shape (1, 171, 27)
DEBUG:radiomics.gldm: Calculating features
DEBUG:radiomics.featureextractor: Features extracted
INFO:radiomics.featureextractor: Calculating features with label: 1
DEBUG:radiomics.featureextractor: Enabled images types: {'Original': {}, 'LoG': {'sigma': [1.0, 2.0, 3.0, 4.0, 5.0]}, 'Wavelet': {}}
DEBUG:radiomics.featureextractor: Enabled features: {'shape': None, 'firstorder': None, 'glcm': ['Autocorrelation', 'JointAverage', 'ClusterProminence', 'ClusterShade', 'ClusterTendency', 'Contrast', 'Correlation', 'DifferenceAverage', 'DifferenceEntropy', 'DifferenceVariance', 'JointEnergy', 'JointEntropy', 'Imc1', 'Imc2', 'Idm', 'Idmn', 'Id', 'Idn', 'InverseVariance', 'MaximumProbability', 'SumEntropy', 'SumSquares'], 'glrlm': None, 'glszm': None, 'gldm': None}
DEBUG:radiomics.featureextractor: Current settings: {'minimumROIDimensions': 2, 'minimumROISize': None, 'normalize': False, 'normalizeScale': 1, 'removeOutliers': None, 'resampledPixelSpacing': [1, 1, 1], 'interpolator': 'sitkBSpline', 'preCrop': False, 'padDistance': 10, 'distances': [1], 'force2D': False, 'force2Ddimension': 0, 'resegmentRange': None, 'label': 1, 'additionalInfo': True, 'binWidth': 25, 'voxelArrayShift': 1000}
INFO:radiomics.featureextractor: Loading image and mask
DEBUG:radiomics.imageoperations: Force casting mask to UInt32 to ensure correct datatype.
DEBUG:radiomics.imageoperations: Resampling image and mask
DEBUG:radiomics.imageoperations: Where resampled spacing is set to 0, set it to the original spacing (mask)
DEBUG:radiomics.imageoperations: Checking ROI validity
DEBUG:radiomics.imageoperations: Checking if label 1 is persent in the mask
DEBUG:radiomics.imageoperations: Comparing physical space of bounding box to physical space of image
DEBUG:radiomics.imageoperations: ROI bounds (image coordinate space): ((279.5, 218.50000000000003, 50.5), (324.5, 291.5, 67.5))
DEBUG:radiomics.imageoperations: ROI valid, calculating resampling grid
DEBUG:radiomics.imageoperations: Comparing resampled spacing to original spacing (image
INFO:radiomics.imageoperations: Applying resampling from spacing [0.977 0.977 3.   ] and size [512 512 107] to spacing [1. 1. 1.] and size [66, 93, 73]
DEBUG:radiomics.imageoperations: Resampling image
DEBUG:radiomics.imageoperations: Resampling mask
DEBUG:radiomics.imageoperations: Checking mask with label 1
DEBUG:radiomics.imageoperations: Calculating bounding box
DEBUG:radiomics.imageoperations: Checking minimum number of dimensions requirements (2)
DEBUG:radiomics.featureextractor: Image and Mask loaded and valid, starting extraction
DEBUG:radiomics.imageoperations: Cropping to size [44 71 51]
INFO:radiomics.featureextractor: Computing shape
DEBUG:radiomics.shape: Initializing feature class
DEBUG:radiomics.shape: Padding the mask with 0s
DEBUG:radiomics.shape: Pre-calculate Volume, Surface Area and Eigenvalues
DEBUG:radiomics.shape: Shape feature class initialized
DEBUG:radiomics.shape: Calculating features
DEBUG:radiomics.featureextractor: Creating image type iterator
INFO:radiomics.featureextractor: Adding image type "Original" with custom settings: {}
INFO:radiomics.featureextractor: Adding image type "LoG" with custom settings: {'sigma': [1.0, 2.0, 3.0, 4.0, 5.0]}
INFO:radiomics.featureextractor: Adding image type "Wavelet" with custom settings: {}
DEBUG:radiomics.featureextractor: Extracting features
DEBUG:radiomics.imageoperations: Yielding original image
INFO:radiomics.featureextractor: Calculating features for original image
DEBUG:radiomics.imageoperations: Cropping to size [44 71 51]
INFO:radiomics.featureextractor: Computing firstorder
DEBUG:radiomics.firstorder: Initializing feature class
DEBUG:radiomics.imageoperations: Discretizing gray levels inside ROI
DEBUG:radiomics.imageoperations: Calculated 50 bins for bin width 25 with edges: [-975 -950 -925 -900 -875 -850 -825 -800 -775 -750 -725 -700 -675 -650
 -625 -600 -575 -550 -525 -500 -475 -450 -425 -400 -375 -350 -325 -300
 -275 -250 -225 -200 -175 -150 -125 -100  -75  -50  -25    0   25   50
   75  100  125  150  175  200  225  250  275])
DEBUG:radiomics.firstorder: First order feature class initialized
DEBUG:radiomics.firstorder: Calculating features
INFO:radiomics.featureextractor: Computing glcm
DEBUG:radiomics.glcm: Initializing feature class
DEBUG:radiomics.imageoperations: Discretizing gray levels inside ROI
DEBUG:radiomics.imageoperations: Calculated 50 bins for bin width 25 with edges: [-975 -950 -925 -900 -875 -850 -825 -800 -775 -750 -725 -700 -675 -650
 -625 -600 -575 -550 -525 -500 -475 -450 -425 -400 -375 -350 -325 -300
 -275 -250 -225 -200 -175 -150 -125 -100  -75  -50  -25    0   25   50
   75  100  125  150  175  200  225  250  275])
DEBUG:radiomics.glcm: Calculating GLCM matrix in C
DEBUG:radiomics.glcm: Process calculated matrix
DEBUG:radiomics.glcm: Create symmetrical matrix
DEBUG:radiomics.glcm: No empty angles
DEBUG:radiomics.glcm: Calculating GLCM coefficients
DEBUG:radiomics.glcm: GLCM feature class initialized, calculated GLCM with shape (1, 49, 49, 13)
DEBUG:radiomics.glcm: Calculating features
INFO:radiomics.featureextractor: Computing glrlm
DEBUG:radiomics.glrlm: Initializing feature class
DEBUG:radiomics.imageoperations: Discretizing gray levels inside ROI
DEBUG:radiomics.imageoperations: Calculated 50 bins for bin width 25 with edges: [-975 -950 -925 -900 -875 -850 -825 -800 -775 -750 -725 -700 -675 -650
 -625 -600 -575 -550 -525 -500 -475 -450 -425 -400 -375 -350 -325 -300
 -275 -250 -225 -200 -175 -150 -125 -100  -75  -50  -25    0   25   50
   75  100  125  150  175  200  225  250  275])
DEBUG:radiomics.glrlm: Calculating GLRLM matrix in C
DEBUG:radiomics.glrlm: Process calculated matrix
DEBUG:radiomics.glrlm: No empty angles
DEBUG:radiomics.glrlm: Calculating GLRLM coefficients
DEBUG:radiomics.glrlm: GLRLM feature class initialized, calculated GLRLM with shape (1, 49, 16, 13)
DEBUG:radiomics.glrlm: Calculating features
INFO:radiomics.featureextractor: Computing glszm
DEBUG:radiomics.glszm: Initializing feature class
DEBUG:radiomics.imageoperations: Discretizing gray levels inside ROI
DEBUG:radiomics.imageoperations: Calculated 50 bins for bin width 25 with edges: [-975 -950 -925 -900 -875 -850 -825 -800 -775 -750 -725 -700 -675 -650
 -625 -600 -575 -550 -525 -500 -475 -450 -425 -400 -375 -350 -325 -300
 -275 -250 -225 -200 -175 -150 -125 -100  -75  -50  -25    0   25   50
   75  100  125  150  175  200  225  250  275])
DEBUG:radiomics.glszm: Calculating GLSZM matrix in C
DEBUG:radiomics.glszm: Calculating GLSZM coefficients
DEBUG:radiomics.glszm: GLSZM feature class initialized, calculated GLSZM with shape (1, 49, 62)
DEBUG:radiomics.glszm: Calculating features
INFO:radiomics.featureextractor: Computing gldm
DEBUG:radiomics.gldm: Initializing feature class
DEBUG:radiomics.imageoperations: Discretizing gray levels inside ROI
DEBUG:radiomics.imageoperations: Calculated 50 bins for bin width 25 with edges: [-975 -950 -925 -900 -875 -850 -825 -800 -775 -750 -725 -700 -675 -650
 -625 -600 -575 -550 -525 -500 -475 -450 -425 -400 -375 -350 -325 -300
 -275 -250 -225 -200 -175 -150 -125 -100  -75  -50  -25    0   25   50
   75  100  125  150  175  200  225  250  275])
DEBUG:radiomics.gldm: Calculating GLDM matrix in C
DEBUG:radiomics.gldm: Feature class initialized, calculated GLDM with shape (1, 49, 24)
DEBUG:radiomics.gldm: Calculating features
DEBUG:radiomics.imageoperations: Generating LoG images
INFO:radiomics.imageoperations: Computing LoG with sigma 1
DEBUG:radiomics.imageoperations: Yielding log-sigma-1-0-mm-3D image
INFO:radiomics.featureextractor: Calculating features for log-sigma-1-0-mm-3D image
DEBUG:radiomics.imageoperations: Cropping to size [44 71 51]
INFO:radiomics.featureextractor: Computing firstorder
DEBUG:radiomics.firstorder: Initializing feature class
DEBUG:radiomics.imageoperations: Discretizing gray levels inside ROI
DEBUG:radiomics.imageoperations: Calculated 33 bins for bin width 25 with edges: [-350. -325. -300. -275. -250. -225. -200. -175. -150. -125. -100.  -75.
  -50.  -25.    0.   25.   50.   75.  100.  125.  150.  175.  200.  225.
  250.  275.  300.  325.  350.  375.  400.  425.  450.  475.])
DEBUG:radiomics.firstorder: First order feature class initialized
DEBUG:radiomics.firstorder: Calculating features
INFO:radiomics.featureextractor: Computing glcm
DEBUG:radiomics.glcm: Initializing feature class
DEBUG:radiomics.imageoperations: Discretizing gray levels inside ROI
DEBUG:radiomics.imageoperations: Calculated 33 bins for bin width 25 with edges: [-350. -325. -300. -275. -250. -225. -200. -175. -150. -125. -100.  -75.
  -50.  -25.    0.   25.   50.   75.  100.  125.  150.  175.  200.  225.
  250.  275.  300.  325.  350.  375.  400.  425.  450.  475.])
DEBUG:radiomics.glcm: Calculating GLCM matrix in C
DEBUG:radiomics.glcm: Process calculated matrix
DEBUG:radiomics.glcm: Create symmetrical matrix
DEBUG:radiomics.glcm: No empty angles
DEBUG:radiomics.glcm: Calculating GLCM coefficients
DEBUG:radiomics.glcm: GLCM feature class initialized, calculated GLCM with shape (1, 32, 32, 13)
DEBUG:radiomics.glcm: Calculating features
INFO:radiomics.featureextractor: Computing glrlm
DEBUG:radiomics.glrlm: Initializing feature class
DEBUG:radiomics.imageoperations: Discretizing gray levels inside ROI
DEBUG:radiomics.imageoperations: Calculated 33 bins for bin width 25 with edges: [-350. -325. -300. -275. -250. -225. -200. -175. -150. -125. -100.  -75.
  -50.  -25.    0.   25.   50.   75.  100.  125.  150.  175.  200.  225.
  250.  275.  300.  325.  350.  375.  400.  425.  450.  475.])
DEBUG:radiomics.glrlm: Calculating GLRLM matrix in C
DEBUG:radiomics.glrlm: Process calculated matrix
DEBUG:radiomics.glrlm: No empty angles
DEBUG:radiomics.glrlm: Calculating GLRLM coefficients
DEBUG:radiomics.glrlm: GLRLM feature class initialized, calculated GLRLM with shape (1, 32, 20, 13)
DEBUG:radiomics.glrlm: Calculating features
INFO:radiomics.featureextractor: Computing glszm
DEBUG:radiomics.glszm: Initializing feature class
DEBUG:radiomics.imageoperations: Discretizing gray levels inside ROI
DEBUG:radiomics.imageoperations: Calculated 33 bins for bin width 25 with edges: [-350. -325. -300. -275. -250. -225. -200. -175. -150. -125. -100.  -75.
  -50.  -25.    0.   25.   50.   75.  100.  125.  150.  175.  200.  225.
  250.  275.  300.  325.  350.  375.  400.  425.  450.  475.])
DEBUG:radiomics.glszm: Calculating GLSZM matrix in C
DEBUG:radiomics.glszm: Calculating GLSZM coefficients
DEBUG:radiomics.glszm: GLSZM feature class initialized, calculated GLSZM with shape (1, 32, 87)
DEBUG:radiomics.glszm: Calculating features
INFO:radiomics.featureextractor: Computing gldm
DEBUG:radiomics.gldm: Initializing feature class
DEBUG:radiomics.imageoperations: Discretizing gray levels inside ROI
DEBUG:radiomics.imageoperations: Calculated 33 bins for bin width 25 with edges: [-350. -325. -300. -275. -250. -225. -200. -175. -150. -125. -100.  -75.
  -50.  -25.    0.   25.   50.   75.  100.  125.  150.  175.  200.  225.
  250.  275.  300.  325.  350.  375.  400.  425.  450.  475.])
DEBUG:radiomics.gldm: Calculating GLDM matrix in C
DEBUG:radiomics.gldm: Feature class initialized, calculated GLDM with shape (1, 32, 27)
DEBUG:radiomics.gldm: Calculating features
INFO:radiomics.imageoperations: Computing LoG with sigma 2
DEBUG:radiomics.imageoperations: Yielding log-sigma-2-0-mm-3D image
INFO:radiomics.featureextractor: Calculating features for log-sigma-2-0-mm-3D image
DEBUG:radiomics.imageoperations: Cropping to size [44 71 51]
INFO:radiomics.featureextractor: Computing firstorder
DEBUG:radiomics.firstorder: Initializing feature class
DEBUG:radiomics.imageoperations: Discretizing gray levels inside ROI
DEBUG:radiomics.imageoperations: Calculated 37 bins for bin width 25 with edges: [-425. -400. -375. -350. -325. -300. -275. -250. -225. -200. -175. -150.
 -125. -100.  -75.  -50.  -25.    0.   25.   50.   75.  100.  125.  150.
  175.  200.  225.  250.  275.  300.  325.  350.  375.  400.  425.  450.
  475.  500.])
DEBUG:radiomics.firstorder: First order feature class initialized
DEBUG:radiomics.firstorder: Calculating features
INFO:radiomics.featureextractor: Computing glcm
DEBUG:radiomics.glcm: Initializing feature class
DEBUG:radiomics.imageoperations: Discretizing gray levels inside ROI
DEBUG:radiomics.imageoperations: Calculated 37 bins for bin width 25 with edges: [-425. -400. -375. -350. -325. -300. -275. -250. -225. -200. -175. -150.
 -125. -100.  -75.  -50.  -25.    0.   25.   50.   75.  100.  125.  150.
  175.  200.  225.  250.  275.  300.  325.  350.  375.  400.  425.  450.
  475.  500.])
DEBUG:radiomics.glcm: Calculating GLCM matrix in C
DEBUG:radiomics.glcm: Process calculated matrix
DEBUG:radiomics.glcm: Create symmetrical matrix
DEBUG:radiomics.glcm: No empty angles
DEBUG:radiomics.glcm: Calculating GLCM coefficients
DEBUG:radiomics.glcm: GLCM feature class initialized, calculated GLCM with shape (1, 36, 36, 13)
DEBUG:radiomics.glcm: Calculating features
INFO:radiomics.featureextractor: Computing glrlm
DEBUG:radiomics.glrlm: Initializing feature class
DEBUG:radiomics.imageoperations: Discretizing gray levels inside ROI
DEBUG:radiomics.imageoperations: Calculated 37 bins for bin width 25 with edges: [-425. -400. -375. -350. -325. -300. -275. -250. -225. -200. -175. -150.
 -125. -100.  -75.  -50.  -25.    0.   25.   50.   75.  100.  125.  150.
  175.  200.  225.  250.  275.  300.  325.  350.  375.  400.  425.  450.
  475.  500.])
DEBUG:radiomics.glrlm: Calculating GLRLM matrix in C
DEBUG:radiomics.glrlm: Process calculated matrix
DEBUG:radiomics.glrlm: No empty angles
DEBUG:radiomics.glrlm: Calculating GLRLM coefficients
DEBUG:radiomics.glrlm: GLRLM feature class initialized, calculated GLRLM with shape (1, 36, 22, 13)
DEBUG:radiomics.glrlm: Calculating features
INFO:radiomics.featureextractor: Computing glszm
DEBUG:radiomics.glszm: Initializing feature class
DEBUG:radiomics.imageoperations: Discretizing gray levels inside ROI
DEBUG:radiomics.imageoperations: Calculated 37 bins for bin width 25 with edges: [-425. -400. -375. -350. -325. -300. -275. -250. -225. -200. -175. -150.
 -125. -100.  -75.  -50.  -25.    0.   25.   50.   75.  100.  125.  150.
  175.  200.  225.  250.  275.  300.  325.  350.  375.  400.  425.  450.
  475.  500.])
DEBUG:radiomics.glszm: Calculating GLSZM matrix in C
DEBUG:radiomics.glszm: Calculating GLSZM coefficients
DEBUG:radiomics.glszm: GLSZM feature class initialized, calculated GLSZM with shape (1, 36, 96)
DEBUG:radiomics.glszm: Calculating features
INFO:radiomics.featureextractor: Computing gldm
DEBUG:radiomics.gldm: Initializing feature class
DEBUG:radiomics.imageoperations: Discretizing gray levels inside ROI
DEBUG:radiomics.imageoperations: Calculated 37 bins for bin width 25 with edges: [-425. -400. -375. -350. -325. -300. -275. -250. -225. -200. -175. -150.
 -125. -100.  -75.  -50.  -25.    0.   25.   50.   75.  100.  125.  150.
  175.  200.  225.  250.  275.  300.  325.  350.  375.  400.  425.  450.
  475.  500.])
DEBUG:radiomics.gldm: Calculating GLDM matrix in C
DEBUG:radiomics.gldm: Feature class initialized, calculated GLDM with shape (1, 36, 27)
DEBUG:radiomics.gldm: Calculating features
INFO:radiomics.imageoperations: Computing LoG with sigma 3
DEBUG:radiomics.imageoperations: Yielding log-sigma-3-0-mm-3D image
INFO:radiomics.featureextractor: Calculating features for log-sigma-3-0-mm-3D image
DEBUG:radiomics.imageoperations: Cropping to size [44 71 51]
INFO:radiomics.featureextractor: Computing firstorder
DEBUG:radiomics.firstorder: Initializing feature class
DEBUG:radiomics.imageoperations: Discretizing gray levels inside ROI
DEBUG:radiomics.imageoperations: Calculated 36 bins for bin width 25 with edges: [-400. -375. -350. -325. -300. -275. -250. -225. -200. -175. -150. -125.
 -100.  -75.  -50.  -25.    0.   25.   50.   75.  100.  125.  150.  175.
  200.  225.  250.  275.  300.  325.  350.  375.  400.  425.  450.  475.
  500.])
DEBUG:radiomics.firstorder: First order feature class initialized
DEBUG:radiomics.firstorder: Calculating features
INFO:radiomics.featureextractor: Computing glcm
DEBUG:radiomics.glcm: Initializing feature class
DEBUG:radiomics.imageoperations: Discretizing gray levels inside ROI
DEBUG:radiomics.imageoperations: Calculated 36 bins for bin width 25 with edges: [-400. -375. -350. -325. -300. -275. -250. -225. -200. -175. -150. -125.
 -100.  -75.  -50.  -25.    0.   25.   50.   75.  100.  125.  150.  175.
  200.  225.  250.  275.  300.  325.  350.  375.  400.  425.  450.  475.
  500.])
DEBUG:radiomics.glcm: Calculating GLCM matrix in C
DEBUG:radiomics.glcm: Process calculated matrix
DEBUG:radiomics.glcm: Create symmetrical matrix
DEBUG:radiomics.glcm: No empty angles
DEBUG:radiomics.glcm: Calculating GLCM coefficients
DEBUG:radiomics.glcm: GLCM feature class initialized, calculated GLCM with shape (1, 35, 35, 13)
DEBUG:radiomics.glcm: Calculating features
INFO:radiomics.featureextractor: Computing glrlm
DEBUG:radiomics.glrlm: Initializing feature class
DEBUG:radiomics.imageoperations: Discretizing gray levels inside ROI
DEBUG:radiomics.imageoperations: Calculated 36 bins for bin width 25 with edges: [-400. -375. -350. -325. -300. -275. -250. -225. -200. -175. -150. -125.
 -100.  -75.  -50.  -25.    0.   25.   50.   75.  100.  125.  150.  175.
  200.  225.  250.  275.  300.  325.  350.  375.  400.  425.  450.  475.
  500.])
DEBUG:radiomics.glrlm: Calculating GLRLM matrix in C
DEBUG:radiomics.glrlm: Process calculated matrix
DEBUG:radiomics.glrlm: No empty angles
DEBUG:radiomics.glrlm: Calculating GLRLM coefficients
DEBUG:radiomics.glrlm: GLRLM feature class initialized, calculated GLRLM with shape (1, 35, 24, 13)
DEBUG:radiomics.glrlm: Calculating features
INFO:radiomics.featureextractor: Computing glszm
DEBUG:radiomics.glszm: Initializing feature class
DEBUG:radiomics.imageoperations: Discretizing gray levels inside ROI
DEBUG:radiomics.imageoperations: Calculated 36 bins for bin width 25 with edges: [-400. -375. -350. -325. -300. -275. -250. -225. -200. -175. -150. -125.
 -100.  -75.  -50.  -25.    0.   25.   50.   75.  100.  125.  150.  175.
  200.  225.  250.  275.  300.  325.  350.  375.  400.  425.  450.  475.
  500.])
DEBUG:radiomics.glszm: Calculating GLSZM matrix in C
DEBUG:radiomics.glszm: Calculating GLSZM coefficients
DEBUG:radiomics.glszm: GLSZM feature class initialized, calculated GLSZM with shape (1, 35, 105)
DEBUG:radiomics.glszm: Calculating features
INFO:radiomics.featureextractor: Computing gldm
DEBUG:radiomics.gldm: Initializing feature class
DEBUG:radiomics.imageoperations: Discretizing gray levels inside ROI
DEBUG:radiomics.imageoperations: Calculated 36 bins for bin width 25 with edges: [-400. -375. -350. -325. -300. -275. -250. -225. -200. -175. -150. -125.
 -100.  -75.  -50.  -25.    0.   25.   50.   75.  100.  125.  150.  175.
  200.  225.  250.  275.  300.  325.  350.  375.  400.  425.  450.  475.
  500.])
DEBUG:radiomics.gldm: Calculating GLDM matrix in C
DEBUG:radiomics.gldm: Feature class initialized, calculated GLDM with shape (1, 35, 27)
DEBUG:radiomics.gldm: Calculating features
INFO:radiomics.imageoperations: Computing LoG with sigma 4
DEBUG:radiomics.imageoperations: Yielding log-sigma-4-0-mm-3D image
INFO:radiomics.featureextractor: Calculating features for log-sigma-4-0-mm-3D image
DEBUG:radiomics.imageoperations: Cropping to size [44 71 51]
INFO:radiomics.featureextractor: Computing firstorder
DEBUG:radiomics.firstorder: Initializing feature class
DEBUG:radiomics.imageoperations: Discretizing gray levels inside ROI
DEBUG:radiomics.imageoperations: Calculated 40 bins for bin width 25 with edges: [-450. -425. -400. -375. -350. -325. -300. -275. -250. -225. -200. -175.
 -150. -125. -100.  -75.  -50.  -25.    0.   25.   50.   75.  100.  125.
  150.  175.  200.  225.  250.  275.  300.  325.  350.  375.  400.  425.
  450.  475.  500.  525.  550.])
DEBUG:radiomics.firstorder: First order feature class initialized
DEBUG:radiomics.firstorder: Calculating features
INFO:radiomics.featureextractor: Computing glcm
DEBUG:radiomics.glcm: Initializing feature class
DEBUG:radiomics.imageoperations: Discretizing gray levels inside ROI
DEBUG:radiomics.imageoperations: Calculated 40 bins for bin width 25 with edges: [-450. -425. -400. -375. -350. -325. -300. -275. -250. -225. -200. -175.
 -150. -125. -100.  -75.  -50.  -25.    0.   25.   50.   75.  100.  125.
  150.  175.  200.  225.  250.  275.  300.  325.  350.  375.  400.  425.
  450.  475.  500.  525.  550.])
DEBUG:radiomics.glcm: Calculating GLCM matrix in C
DEBUG:radiomics.glcm: Process calculated matrix
DEBUG:radiomics.glcm: Create symmetrical matrix
DEBUG:radiomics.glcm: No empty angles
DEBUG:radiomics.glcm: Calculating GLCM coefficients
DEBUG:radiomics.glcm: GLCM feature class initialized, calculated GLCM with shape (1, 39, 39, 13)
DEBUG:radiomics.glcm: Calculating features
INFO:radiomics.featureextractor: Computing glrlm
DEBUG:radiomics.glrlm: Initializing feature class
DEBUG:radiomics.imageoperations: Discretizing gray levels inside ROI
DEBUG:radiomics.imageoperations: Calculated 40 bins for bin width 25 with edges: [-450. -425. -400. -375. -350. -325. -300. -275. -250. -225. -200. -175.
 -150. -125. -100.  -75.  -50.  -25.    0.   25.   50.   75.  100.  125.
  150.  175.  200.  225.  250.  275.  300.  325.  350.  375.  400.  425.
  450.  475.  500.  525.  550.])
DEBUG:radiomics.glrlm: Calculating GLRLM matrix in C
DEBUG:radiomics.glrlm: Process calculated matrix
DEBUG:radiomics.glrlm: No empty angles
DEBUG:radiomics.glrlm: Calculating GLRLM coefficients
DEBUG:radiomics.glrlm: GLRLM feature class initialized, calculated GLRLM with shape (1, 39, 18, 13)
DEBUG:radiomics.glrlm: Calculating features
INFO:radiomics.featureextractor: Computing glszm
DEBUG:radiomics.glszm: Initializing feature class
DEBUG:radiomics.imageoperations: Discretizing gray levels inside ROI
DEBUG:radiomics.imageoperations: Calculated 40 bins for bin width 25 with edges: [-450. -425. -400. -375. -350. -325. -300. -275. -250. -225. -200. -175.
 -150. -125. -100.  -75.  -50.  -25.    0.   25.   50.   75.  100.  125.
  150.  175.  200.  225.  250.  275.  300.  325.  350.  375.  400.  425.
  450.  475.  500.  525.  550.])
DEBUG:radiomics.glszm: Calculating GLSZM matrix in C
DEBUG:radiomics.glszm: Calculating GLSZM coefficients
DEBUG:radiomics.glszm: GLSZM feature class initialized, calculated GLSZM with shape (1, 39, 97)
DEBUG:radiomics.glszm: Calculating features
INFO:radiomics.featureextractor: Computing gldm
DEBUG:radiomics.gldm: Initializing feature class
DEBUG:radiomics.imageoperations: Discretizing gray levels inside ROI
DEBUG:radiomics.imageoperations: Calculated 40 bins for bin width 25 with edges: [-450. -425. -400. -375. -350. -325. -300. -275. -250. -225. -200. -175.
 -150. -125. -100.  -75.  -50.  -25.    0.   25.   50.   75.  100.  125.
  150.  175.  200.  225.  250.  275.  300.  325.  350.  375.  400.  425.
  450.  475.  500.  525.  550.])
DEBUG:radiomics.gldm: Calculating GLDM matrix in C
DEBUG:radiomics.gldm: Feature class initialized, calculated GLDM with shape (1, 39, 27)
DEBUG:radiomics.gldm: Calculating features
INFO:radiomics.imageoperations: Computing LoG with sigma 5
DEBUG:radiomics.imageoperations: Yielding log-sigma-5-0-mm-3D image
INFO:radiomics.featureextractor: Calculating features for log-sigma-5-0-mm-3D image
DEBUG:radiomics.imageoperations: Cropping to size [44 71 51]
INFO:radiomics.featureextractor: Computing firstorder
DEBUG:radiomics.firstorder: Initializing feature class
DEBUG:radiomics.imageoperations: Discretizing gray levels inside ROI
DEBUG:radiomics.imageoperations: Calculated 39 bins for bin width 25 with edges: [-450. -425. -400. -375. -350. -325. -300. -275. -250. -225. -200. -175.
 -150. -125. -100.  -75.  -50.  -25.    0.   25.   50.   75.  100.  125.
  150.  175.  200.  225.  250.  275.  300.  325.  350.  375.  400.  425.
  450.  475.  500.  525.])
DEBUG:radiomics.firstorder: First order feature class initialized
DEBUG:radiomics.firstorder: Calculating features
INFO:radiomics.featureextractor: Computing glcm
DEBUG:radiomics.glcm: Initializing feature class
DEBUG:radiomics.imageoperations: Discretizing gray levels inside ROI
DEBUG:radiomics.imageoperations: Calculated 39 bins for bin width 25 with edges: [-450. -425. -400. -375. -350. -325. -300. -275. -250. -225. -200. -175.
 -150. -125. -100.  -75.  -50.  -25.    0.   25.   50.   75.  100.  125.
  150.  175.  200.  225.  250.  275.  300.  325.  350.  375.  400.  425.
  450.  475.  500.  525.])
DEBUG:radiomics.glcm: Calculating GLCM matrix in C
DEBUG:radiomics.glcm: Process calculated matrix
DEBUG:radiomics.glcm: Create symmetrical matrix
DEBUG:radiomics.glcm: No empty angles
DEBUG:radiomics.glcm: Calculating GLCM coefficients
DEBUG:radiomics.glcm: GLCM feature class initialized, calculated GLCM with shape (1, 38, 38, 13)
DEBUG:radiomics.glcm: Calculating features
INFO:radiomics.featureextractor: Computing glrlm
DEBUG:radiomics.glrlm: Initializing feature class
DEBUG:radiomics.imageoperations: Discretizing gray levels inside ROI
DEBUG:radiomics.imageoperations: Calculated 39 bins for bin width 25 with edges: [-450. -425. -400. -375. -350. -325. -300. -275. -250. -225. -200. -175.
 -150. -125. -100.  -75.  -50.  -25.    0.   25.   50.   75.  100.  125.
  150.  175.  200.  225.  250.  275.  300.  325.  350.  375.  400.  425.
  450.  475.  500.  525.])
DEBUG:radiomics.glrlm: Calculating GLRLM matrix in C
DEBUG:radiomics.glrlm: Process calculated matrix
DEBUG:radiomics.glrlm: No empty angles
DEBUG:radiomics.glrlm: Calculating GLRLM coefficients
DEBUG:radiomics.glrlm: GLRLM feature class initialized, calculated GLRLM with shape (1, 38, 19, 13)
DEBUG:radiomics.glrlm: Calculating features
INFO:radiomics.featureextractor: Computing glszm
DEBUG:radiomics.glszm: Initializing feature class
DEBUG:radiomics.imageoperations: Discretizing gray levels inside ROI
DEBUG:radiomics.imageoperations: Calculated 39 bins for bin width 25 with edges: [-450. -425. -400. -375. -350. -325. -300. -275. -250. -225. -200. -175.
 -150. -125. -100.  -75.  -50.  -25.    0.   25.   50.   75.  100.  125.
  150.  175.  200.  225.  250.  275.  300.  325.  350.  375.  400.  425.
  450.  475.  500.  525.])
DEBUG:radiomics.glszm: Calculating GLSZM matrix in C
DEBUG:radiomics.glszm: Calculating GLSZM coefficients
DEBUG:radiomics.glszm: GLSZM feature class initialized, calculated GLSZM with shape (1, 38, 93)
DEBUG:radiomics.glszm: Calculating features
INFO:radiomics.featureextractor: Computing gldm
DEBUG:radiomics.gldm: Initializing feature class
DEBUG:radiomics.imageoperations: Discretizing gray levels inside ROI
DEBUG:radiomics.imageoperations: Calculated 39 bins for bin width 25 with edges: [-450. -425. -400. -375. -350. -325. -300. -275. -250. -225. -200. -175.
 -150. -125. -100.  -75.  -50.  -25.    0.   25.   50.   75.  100.  125.
  150.  175.  200.  225.  250.  275.  300.  325.  350.  375.  400.  425.
  450.  475.  500.  525.])
DEBUG:radiomics.gldm: Calculating GLDM matrix in C
DEBUG:radiomics.gldm: Feature class initialized, calculated GLDM with shape (1, 38, 27)
DEBUG:radiomics.gldm: Calculating features
DEBUG:radiomics.imageoperations: Generating Wavelet images
INFO:radiomics.imageoperations: Computing Wavelet LLH
DEBUG:radiomics.imageoperations: Yielding wavelet-LLH image
INFO:radiomics.featureextractor: Calculating features for wavelet-LLH image
DEBUG:radiomics.imageoperations: Cropping to size [44 71 51]
INFO:radiomics.featureextractor: Computing firstorder
DEBUG:radiomics.firstorder: Initializing feature class
DEBUG:radiomics.imageoperations: Discretizing gray levels inside ROI
DEBUG:radiomics.imageoperations: Calculated 20 bins for bin width 25 with edges: [-250. -225. -200. -175. -150. -125. -100.  -75.  -50.  -25.    0.   25.
   50.   75.  100.  125.  150.  175.  200.  225.  250.])
DEBUG:radiomics.firstorder: First order feature class initialized
DEBUG:radiomics.firstorder: Calculating features
INFO:radiomics.featureextractor: Computing glcm
DEBUG:radiomics.glcm: Initializing feature class
DEBUG:radiomics.imageoperations: Discretizing gray levels inside ROI
DEBUG:radiomics.imageoperations: Calculated 20 bins for bin width 25 with edges: [-250. -225. -200. -175. -150. -125. -100.  -75.  -50.  -25.    0.   25.
   50.   75.  100.  125.  150.  175.  200.  225.  250.])
DEBUG:radiomics.glcm: Calculating GLCM matrix in C
DEBUG:radiomics.glcm: Process calculated matrix
DEBUG:radiomics.glcm: Create symmetrical matrix
DEBUG:radiomics.glcm: No empty angles
DEBUG:radiomics.glcm: Calculating GLCM coefficients
DEBUG:radiomics.glcm: GLCM feature class initialized, calculated GLCM with shape (1, 19, 19, 13)
DEBUG:radiomics.glcm: Calculating features
INFO:radiomics.featureextractor: Computing glrlm
DEBUG:radiomics.glrlm: Initializing feature class
DEBUG:radiomics.imageoperations: Discretizing gray levels inside ROI
DEBUG:radiomics.imageoperations: Calculated 20 bins for bin width 25 with edges: [-250. -225. -200. -175. -150. -125. -100.  -75.  -50.  -25.    0.   25.
   50.   75.  100.  125.  150.  175.  200.  225.  250.])
DEBUG:radiomics.glrlm: Calculating GLRLM matrix in C
DEBUG:radiomics.glrlm: Process calculated matrix
DEBUG:radiomics.glrlm: No empty angles
DEBUG:radiomics.glrlm: Calculating GLRLM coefficients
DEBUG:radiomics.glrlm: GLRLM feature class initialized, calculated GLRLM with shape (1, 19, 26, 13)
DEBUG:radiomics.glrlm: Calculating features
INFO:radiomics.featureextractor: Computing glszm
DEBUG:radiomics.glszm: Initializing feature class
DEBUG:radiomics.imageoperations: Discretizing gray levels inside ROI
DEBUG:radiomics.imageoperations: Calculated 20 bins for bin width 25 with edges: [-250. -225. -200. -175. -150. -125. -100.  -75.  -50.  -25.    0.   25.
   50.   75.  100.  125.  150.  175.  200.  225.  250.])
DEBUG:radiomics.glszm: Calculating GLSZM matrix in C
DEBUG:radiomics.glszm: Calculating GLSZM coefficients
DEBUG:radiomics.glszm: GLSZM feature class initialized, calculated GLSZM with shape (1, 19, 73)
DEBUG:radiomics.glszm: Calculating features
INFO:radiomics.featureextractor: Computing gldm
DEBUG:radiomics.gldm: Initializing feature class
DEBUG:radiomics.imageoperations: Discretizing gray levels inside ROI
DEBUG:radiomics.imageoperations: Calculated 20 bins for bin width 25 with edges: [-250. -225. -200. -175. -150. -125. -100.  -75.  -50.  -25.    0.   25.
   50.   75.  100.  125.  150.  175.  200.  225.  250.])
DEBUG:radiomics.gldm: Calculating GLDM matrix in C
DEBUG:radiomics.gldm: Feature class initialized, calculated GLDM with shape (1, 19, 27)
DEBUG:radiomics.gldm: Calculating features
INFO:radiomics.imageoperations: Computing Wavelet LHL
DEBUG:radiomics.imageoperations: Yielding wavelet-LHL image
INFO:radiomics.featureextractor: Calculating features for wavelet-LHL image
DEBUG:radiomics.imageoperations: Cropping to size [44 71 51]
INFO:radiomics.featureextractor: Computing firstorder
DEBUG:radiomics.firstorder: Initializing feature class
DEBUG:radiomics.imageoperations: Discretizing gray levels inside ROI
DEBUG:radiomics.imageoperations: Calculated 36 bins for bin width 25 with edges: [-400. -375. -350. -325. -300. -275. -250. -225. -200. -175. -150. -125.
 -100.  -75.  -50.  -25.    0.   25.   50.   75.  100.  125.  150.  175.
  200.  225.  250.  275.  300.  325.  350.  375.  400.  425.  450.  475.
  500.])
DEBUG:radiomics.firstorder: First order feature class initialized
DEBUG:radiomics.firstorder: Calculating features
INFO:radiomics.featureextractor: Computing glcm
DEBUG:radiomics.glcm: Initializing feature class
DEBUG:radiomics.imageoperations: Discretizing gray levels inside ROI
DEBUG:radiomics.imageoperations: Calculated 36 bins for bin width 25 with edges: [-400. -375. -350. -325. -300. -275. -250. -225. -200. -175. -150. -125.
 -100.  -75.  -50.  -25.    0.   25.   50.   75.  100.  125.  150.  175.
  200.  225.  250.  275.  300.  325.  350.  375.  400.  425.  450.  475.
  500.])
DEBUG:radiomics.glcm: Calculating GLCM matrix in C
DEBUG:radiomics.glcm: Process calculated matrix
DEBUG:radiomics.glcm: Create symmetrical matrix
DEBUG:radiomics.glcm: No empty angles
DEBUG:radiomics.glcm: Calculating GLCM coefficients
DEBUG:radiomics.glcm: GLCM feature class initialized, calculated GLCM with shape (1, 35, 35, 13)
DEBUG:radiomics.glcm: Calculating features
INFO:radiomics.featureextractor: Computing glrlm
DEBUG:radiomics.glrlm: Initializing feature class
DEBUG:radiomics.imageoperations: Discretizing gray levels inside ROI
DEBUG:radiomics.imageoperations: Calculated 36 bins for bin width 25 with edges: [-400. -375. -350. -325. -300. -275. -250. -225. -200. -175. -150. -125.
 -100.  -75.  -50.  -25.    0.   25.   50.   75.  100.  125.  150.  175.
  200.  225.  250.  275.  300.  325.  350.  375.  400.  425.  450.  475.
  500.])
DEBUG:radiomics.glrlm: Calculating GLRLM matrix in C
DEBUG:radiomics.glrlm: Process calculated matrix
DEBUG:radiomics.glrlm: No empty angles
DEBUG:radiomics.glrlm: Calculating GLRLM coefficients
DEBUG:radiomics.glrlm: GLRLM feature class initialized, calculated GLRLM with shape (1, 35, 15, 13)
DEBUG:radiomics.glrlm: Calculating features
INFO:radiomics.featureextractor: Computing glszm
DEBUG:radiomics.glszm: Initializing feature class
DEBUG:radiomics.imageoperations: Discretizing gray levels inside ROI
DEBUG:radiomics.imageoperations: Calculated 36 bins for bin width 25 with edges: [-400. -375. -350. -325. -300. -275. -250. -225. -200. -175. -150. -125.
 -100.  -75.  -50.  -25.    0.   25.   50.   75.  100.  125.  150.  175.
  200.  225.  250.  275.  300.  325.  350.  375.  400.  425.  450.  475.
  500.])
DEBUG:radiomics.glszm: Calculating GLSZM matrix in C
DEBUG:radiomics.glszm: Calculating GLSZM coefficients
DEBUG:radiomics.glszm: GLSZM feature class initialized, calculated GLSZM with shape (1, 35, 74)
DEBUG:radiomics.glszm: Calculating features
INFO:radiomics.featureextractor: Computing gldm
DEBUG:radiomics.gldm: Initializing feature class
DEBUG:radiomics.imageoperations: Discretizing gray levels inside ROI
DEBUG:radiomics.imageoperations: Calculated 36 bins for bin width 25 with edges: [-400. -375. -350. -325. -300. -275. -250. -225. -200. -175. -150. -125.
 -100.  -75.  -50.  -25.    0.   25.   50.   75.  100.  125.  150.  175.
  200.  225.  250.  275.  300.  325.  350.  375.  400.  425.  450.  475.
  500.])
DEBUG:radiomics.gldm: Calculating GLDM matrix in C
DEBUG:radiomics.gldm: Feature class initialized, calculated GLDM with shape (1, 35, 21)
DEBUG:radiomics.gldm: Calculating features
INFO:radiomics.imageoperations: Computing Wavelet LHH
DEBUG:radiomics.imageoperations: Yielding wavelet-LHH image
INFO:radiomics.featureextractor: Calculating features for wavelet-LHH image
DEBUG:radiomics.imageoperations: Cropping to size [44 71 51]
INFO:radiomics.featureextractor: Computing firstorder
DEBUG:radiomics.firstorder: Initializing feature class
DEBUG:radiomics.imageoperations: Discretizing gray levels inside ROI
DEBUG:radiomics.imageoperations: Calculated 7 bins for bin width 25 with edges: [-75. -50. -25.   0.  25.  50.  75. 100.])
DEBUG:radiomics.firstorder: First order feature class initialized
DEBUG:radiomics.firstorder: Calculating features
INFO:radiomics.featureextractor: Computing glcm
DEBUG:radiomics.glcm: Initializing feature class
DEBUG:radiomics.imageoperations: Discretizing gray levels inside ROI
DEBUG:radiomics.imageoperations: Calculated 7 bins for bin width 25 with edges: [-75. -50. -25.   0.  25.  50.  75. 100.])
DEBUG:radiomics.glcm: Calculating GLCM matrix in C
DEBUG:radiomics.glcm: Process calculated matrix
DEBUG:radiomics.glcm: Create symmetrical matrix
DEBUG:radiomics.glcm: No empty angles
DEBUG:radiomics.glcm: Calculating GLCM coefficients
DEBUG:radiomics.glcm: GLCM feature class initialized, calculated GLCM with shape (1, 6, 6, 13)
DEBUG:radiomics.glcm: Calculating features
INFO:radiomics.featureextractor: Computing glrlm
DEBUG:radiomics.glrlm: Initializing feature class
DEBUG:radiomics.imageoperations: Discretizing gray levels inside ROI
DEBUG:radiomics.imageoperations: Calculated 7 bins for bin width 25 with edges: [-75. -50. -25.   0.  25.  50.  75. 100.])
DEBUG:radiomics.glrlm: Calculating GLRLM matrix in C
DEBUG:radiomics.glrlm: Process calculated matrix
DEBUG:radiomics.glrlm: No empty angles
DEBUG:radiomics.glrlm: Calculating GLRLM coefficients
DEBUG:radiomics.glrlm: GLRLM feature class initialized, calculated GLRLM with shape (1, 6, 18, 13)
DEBUG:radiomics.glrlm: Calculating features
INFO:radiomics.featureextractor: Computing glszm
DEBUG:radiomics.glszm: Initializing feature class
DEBUG:radiomics.imageoperations: Discretizing gray levels inside ROI
DEBUG:radiomics.imageoperations: Calculated 7 bins for bin width 25 with edges: [-75. -50. -25.   0.  25.  50.  75. 100.])
DEBUG:radiomics.glszm: Calculating GLSZM matrix in C
DEBUG:radiomics.glszm: Calculating GLSZM coefficients
DEBUG:radiomics.glszm: GLSZM feature class initialized, calculated GLSZM with shape (1, 6, 14)
DEBUG:radiomics.glszm: Calculating features
INFO:radiomics.featureextractor: Computing gldm
DEBUG:radiomics.gldm: Initializing feature class
DEBUG:radiomics.imageoperations: Discretizing gray levels inside ROI
DEBUG:radiomics.imageoperations: Calculated 7 bins for bin width 25 with edges: [-75. -50. -25.   0.  25.  50.  75. 100.])
DEBUG:radiomics.gldm: Calculating GLDM matrix in C
DEBUG:radiomics.gldm: Feature class initialized, calculated GLDM with shape (1, 6, 27)
DEBUG:radiomics.gldm: Calculating features
INFO:radiomics.imageoperations: Computing Wavelet HLL
DEBUG:radiomics.imageoperations: Yielding wavelet-HLL image
INFO:radiomics.featureextractor: Calculating features for wavelet-HLL image
DEBUG:radiomics.imageoperations: Cropping to size [44 71 51]
INFO:radiomics.featureextractor: Computing firstorder
DEBUG:radiomics.firstorder: Initializing feature class
DEBUG:radiomics.imageoperations: Discretizing gray levels inside ROI
DEBUG:radiomics.imageoperations: Calculated 56 bins for bin width 25 with edges: [-625. -600. -575. -550. -525. -500. -475. -450. -425. -400. -375. -350.
 -325. -300. -275. -250. -225. -200. -175. -150. -125. -100.  -75.  -50.
  -25.    0.   25.   50.   75.  100.  125.  150.  175.  200.  225.  250.
  275.  300.  325.  350.  375.  400.  425.  450.  475.  500.  525.  550.
  575.  600.  625.  650.  675.  700.  725.  750.  775.])
DEBUG:radiomics.firstorder: First order feature class initialized
DEBUG:radiomics.firstorder: Calculating features
INFO:radiomics.featureextractor: Computing glcm
DEBUG:radiomics.glcm: Initializing feature class
DEBUG:radiomics.imageoperations: Discretizing gray levels inside ROI
DEBUG:radiomics.imageoperations: Calculated 56 bins for bin width 25 with edges: [-625. -600. -575. -550. -525. -500. -475. -450. -425. -400. -375. -350.
 -325. -300. -275. -250. -225. -200. -175. -150. -125. -100.  -75.  -50.
  -25.    0.   25.   50.   75.  100.  125.  150.  175.  200.  225.  250.
  275.  300.  325.  350.  375.  400.  425.  450.  475.  500.  525.  550.
  575.  600.  625.  650.  675.  700.  725.  750.  775.])
DEBUG:radiomics.glcm: Calculating GLCM matrix in C
DEBUG:radiomics.glcm: Process calculated matrix
DEBUG:radiomics.glcm: Create symmetrical matrix
DEBUG:radiomics.glcm: No empty angles
DEBUG:radiomics.glcm: Calculating GLCM coefficients
DEBUG:radiomics.glcm: GLCM feature class initialized, calculated GLCM with shape (1, 54, 54, 13)
DEBUG:radiomics.glcm: Calculating features
INFO:radiomics.featureextractor: Computing glrlm
DEBUG:radiomics.glrlm: Initializing feature class
DEBUG:radiomics.imageoperations: Discretizing gray levels inside ROI
DEBUG:radiomics.imageoperations: Calculated 56 bins for bin width 25 with edges: [-625. -600. -575. -550. -525. -500. -475. -450. -425. -400. -375. -350.
 -325. -300. -275. -250. -225. -200. -175. -150. -125. -100.  -75.  -50.
  -25.    0.   25.   50.   75.  100.  125.  150.  175.  200.  225.  250.
  275.  300.  325.  350.  375.  400.  425.  450.  475.  500.  525.  550.
  575.  600.  625.  650.  675.  700.  725.  750.  775.])
DEBUG:radiomics.glrlm: Calculating GLRLM matrix in C
DEBUG:radiomics.glrlm: Process calculated matrix
DEBUG:radiomics.glrlm: No empty angles
DEBUG:radiomics.glrlm: Calculating GLRLM coefficients
DEBUG:radiomics.glrlm: GLRLM feature class initialized, calculated GLRLM with shape (1, 54, 14, 13)
DEBUG:radiomics.glrlm: Calculating features
INFO:radiomics.featureextractor: Computing glszm
DEBUG:radiomics.glszm: Initializing feature class
DEBUG:radiomics.imageoperations: Discretizing gray levels inside ROI
DEBUG:radiomics.imageoperations: Calculated 56 bins for bin width 25 with edges: [-625. -600. -575. -550. -525. -500. -475. -450. -425. -400. -375. -350.
 -325. -300. -275. -250. -225. -200. -175. -150. -125. -100.  -75.  -50.
  -25.    0.   25.   50.   75.  100.  125.  150.  175.  200.  225.  250.
  275.  300.  325.  350.  375.  400.  425.  450.  475.  500.  525.  550.
  575.  600.  625.  650.  675.  700.  725.  750.  775.])
DEBUG:radiomics.glszm: Calculating GLSZM matrix in C
DEBUG:radiomics.glszm: Calculating GLSZM coefficients
DEBUG:radiomics.glszm: GLSZM feature class initialized, calculated GLSZM with shape (1, 54, 62)
DEBUG:radiomics.glszm: Calculating features
INFO:radiomics.featureextractor: Computing gldm
DEBUG:radiomics.gldm: Initializing feature class
DEBUG:radiomics.imageoperations: Discretizing gray levels inside ROI
DEBUG:radiomics.imageoperations: Calculated 56 bins for bin width 25 with edges: [-625. -600. -575. -550. -525. -500. -475. -450. -425. -400. -375. -350.
 -325. -300. -275. -250. -225. -200. -175. -150. -125. -100.  -75.  -50.
  -25.    0.   25.   50.   75.  100.  125.  150.  175.  200.  225.  250.
  275.  300.  325.  350.  375.  400.  425.  450.  475.  500.  525.  550.
  575.  600.  625.  650.  675.  700.  725.  750.  775.])
DEBUG:radiomics.gldm: Calculating GLDM matrix in C
DEBUG:radiomics.gldm: Feature class initialized, calculated GLDM with shape (1, 54, 21)
DEBUG:radiomics.gldm: Calculating features
INFO:radiomics.imageoperations: Computing Wavelet HLH
DEBUG:radiomics.imageoperations: Yielding wavelet-HLH image
INFO:radiomics.featureextractor: Calculating features for wavelet-HLH image
DEBUG:radiomics.imageoperations: Cropping to size [44 71 51]
INFO:radiomics.featureextractor: Computing firstorder
DEBUG:radiomics.firstorder: Initializing feature class
DEBUG:radiomics.imageoperations: Discretizing gray levels inside ROI
DEBUG:radiomics.imageoperations: Calculated 9 bins for bin width 25 with edges: [-100.  -75.  -50.  -25.    0.   25.   50.   75.  100.  125.])
DEBUG:radiomics.firstorder: First order feature class initialized
DEBUG:radiomics.firstorder: Calculating features
INFO:radiomics.featureextractor: Computing glcm
DEBUG:radiomics.glcm: Initializing feature class
DEBUG:radiomics.imageoperations: Discretizing gray levels inside ROI
DEBUG:radiomics.imageoperations: Calculated 9 bins for bin width 25 with edges: [-100.  -75.  -50.  -25.    0.   25.   50.   75.  100.  125.])
DEBUG:radiomics.glcm: Calculating GLCM matrix in C
DEBUG:radiomics.glcm: Process calculated matrix
DEBUG:radiomics.glcm: Create symmetrical matrix
DEBUG:radiomics.glcm: No empty angles
DEBUG:radiomics.glcm: Calculating GLCM coefficients
DEBUG:radiomics.glcm: GLCM feature class initialized, calculated GLCM with shape (1, 8, 8, 13)
DEBUG:radiomics.glcm: Calculating features
INFO:radiomics.featureextractor: Computing glrlm
DEBUG:radiomics.glrlm: Initializing feature class
DEBUG:radiomics.imageoperations: Discretizing gray levels inside ROI
DEBUG:radiomics.imageoperations: Calculated 9 bins for bin width 25 with edges: [-100.  -75.  -50.  -25.    0.   25.   50.   75.  100.  125.])
DEBUG:radiomics.glrlm: Calculating GLRLM matrix in C
DEBUG:radiomics.glrlm: Process calculated matrix
DEBUG:radiomics.glrlm: No empty angles
DEBUG:radiomics.glrlm: Calculating GLRLM coefficients
DEBUG:radiomics.glrlm: GLRLM feature class initialized, calculated GLRLM with shape (1, 8, 19, 13)
DEBUG:radiomics.glrlm: Calculating features
INFO:radiomics.featureextractor: Computing glszm
DEBUG:radiomics.glszm: Initializing feature class
DEBUG:radiomics.imageoperations: Discretizing gray levels inside ROI
DEBUG:radiomics.imageoperations: Calculated 9 bins for bin width 25 with edges: [-100.  -75.  -50.  -25.    0.   25.   50.   75.  100.  125.])
DEBUG:radiomics.glszm: Calculating GLSZM matrix in C
DEBUG:radiomics.glszm: Calculating GLSZM coefficients
DEBUG:radiomics.glszm: GLSZM feature class initialized, calculated GLSZM with shape (1, 8, 32)
DEBUG:radiomics.glszm: Calculating features
INFO:radiomics.featureextractor: Computing gldm
DEBUG:radiomics.gldm: Initializing feature class
DEBUG:radiomics.imageoperations: Discretizing gray levels inside ROI
DEBUG:radiomics.imageoperations: Calculated 9 bins for bin width 25 with edges: [-100.  -75.  -50.  -25.    0.   25.   50.   75.  100.  125.])
DEBUG:radiomics.gldm: Calculating GLDM matrix in C
DEBUG:radiomics.gldm: Feature class initialized, calculated GLDM with shape (1, 8, 27)
DEBUG:radiomics.gldm: Calculating features
INFO:radiomics.imageoperations: Computing Wavelet HHL
DEBUG:radiomics.imageoperations: Yielding wavelet-HHL image
INFO:radiomics.featureextractor: Calculating features for wavelet-HHL image
DEBUG:radiomics.imageoperations: Cropping to size [44 71 51]
INFO:radiomics.featureextractor: Computing firstorder
DEBUG:radiomics.firstorder: Initializing feature class
DEBUG:radiomics.imageoperations: Discretizing gray levels inside ROI
DEBUG:radiomics.imageoperations: Calculated 22 bins for bin width 25 with edges: [-275. -250. -225. -200. -175. -150. -125. -100.  -75.  -50.  -25.    0.
   25.   50.   75.  100.  125.  150.  175.  200.  225.  250.  275.])
DEBUG:radiomics.firstorder: First order feature class initialized
DEBUG:radiomics.firstorder: Calculating features
INFO:radiomics.featureextractor: Computing glcm
DEBUG:radiomics.glcm: Initializing feature class
DEBUG:radiomics.imageoperations: Discretizing gray levels inside ROI
DEBUG:radiomics.imageoperations: Calculated 22 bins for bin width 25 with edges: [-275. -250. -225. -200. -175. -150. -125. -100.  -75.  -50.  -25.    0.
   25.   50.   75.  100.  125.  150.  175.  200.  225.  250.  275.])
DEBUG:radiomics.glcm: Calculating GLCM matrix in C
DEBUG:radiomics.glcm: Process calculated matrix
DEBUG:radiomics.glcm: Create symmetrical matrix
DEBUG:radiomics.glcm: No empty angles
DEBUG:radiomics.glcm: Calculating GLCM coefficients
DEBUG:radiomics.glcm: GLCM feature class initialized, calculated GLCM with shape (1, 21, 21, 13)
DEBUG:radiomics.glcm: Calculating features
INFO:radiomics.featureextractor: Computing glrlm
DEBUG:radiomics.glrlm: Initializing feature class
DEBUG:radiomics.imageoperations: Discretizing gray levels inside ROI
DEBUG:radiomics.imageoperations: Calculated 22 bins for bin width 25 with edges: [-275. -250. -225. -200. -175. -150. -125. -100.  -75.  -50.  -25.    0.
   25.   50.   75.  100.  125.  150.  175.  200.  225.  250.  275.])
DEBUG:radiomics.glrlm: Calculating GLRLM matrix in C
DEBUG:radiomics.glrlm: Process calculated matrix
DEBUG:radiomics.glrlm: No empty angles
DEBUG:radiomics.glrlm: Calculating GLRLM coefficients
DEBUG:radiomics.glrlm: GLRLM feature class initialized, calculated GLRLM with shape (1, 21, 17, 13)
DEBUG:radiomics.glrlm: Calculating features
INFO:radiomics.featureextractor: Computing glszm
DEBUG:radiomics.glszm: Initializing feature class
DEBUG:radiomics.imageoperations: Discretizing gray levels inside ROI
DEBUG:radiomics.imageoperations: Calculated 22 bins for bin width 25 with edges: [-275. -250. -225. -200. -175. -150. -125. -100.  -75.  -50.  -25.    0.
   25.   50.   75.  100.  125.  150.  175.  200.  225.  250.  275.])
DEBUG:radiomics.glszm: Calculating GLSZM matrix in C
DEBUG:radiomics.glszm: Calculating GLSZM coefficients
DEBUG:radiomics.glszm: GLSZM feature class initialized, calculated GLSZM with shape (1, 21, 45)
DEBUG:radiomics.glszm: Calculating features
INFO:radiomics.featureextractor: Computing gldm
DEBUG:radiomics.gldm: Initializing feature class
DEBUG:radiomics.imageoperations: Discretizing gray levels inside ROI
DEBUG:radiomics.imageoperations: Calculated 22 bins for bin width 25 with edges: [-275. -250. -225. -200. -175. -150. -125. -100.  -75.  -50.  -25.    0.
   25.   50.   75.  100.  125.  150.  175.  200.  225.  250.  275.])
DEBUG:radiomics.gldm: Calculating GLDM matrix in C
DEBUG:radiomics.gldm: Feature class initialized, calculated GLDM with shape (1, 21, 22)
DEBUG:radiomics.gldm: Calculating features
INFO:radiomics.imageoperations: Computing Wavelet HHH
DEBUG:radiomics.imageoperations: Yielding wavelet-HHH image
INFO:radiomics.featureextractor: Calculating features for wavelet-HHH image
DEBUG:radiomics.imageoperations: Cropping to size [44 71 51]
INFO:radiomics.featureextractor: Computing firstorder
DEBUG:radiomics.firstorder: Initializing feature class
DEBUG:radiomics.imageoperations: Discretizing gray levels inside ROI
DEBUG:radiomics.imageoperations: Calculated 5 bins for bin width 25 with edges: [-50. -25.   0.  25.  50.  75.])
DEBUG:radiomics.firstorder: First order feature class initialized
DEBUG:radiomics.firstorder: Calculating features
INFO:radiomics.featureextractor: Computing glcm
DEBUG:radiomics.glcm: Initializing feature class
DEBUG:radiomics.imageoperations: Discretizing gray levels inside ROI
DEBUG:radiomics.imageoperations: Calculated 5 bins for bin width 25 with edges: [-50. -25.   0.  25.  50.  75.])
DEBUG:radiomics.glcm: Calculating GLCM matrix in C
DEBUG:radiomics.glcm: Process calculated matrix
DEBUG:radiomics.glcm: Create symmetrical matrix
DEBUG:radiomics.glcm: No empty angles
DEBUG:radiomics.glcm: Calculating GLCM coefficients
DEBUG:radiomics.glcm: GLCM feature class initialized, calculated GLCM with shape (1, 4, 4, 13)
DEBUG:radiomics.glcm: Calculating features
INFO:radiomics.featureextractor: Computing glrlm
DEBUG:radiomics.glrlm: Initializing feature class
DEBUG:radiomics.imageoperations: Discretizing gray levels inside ROI
DEBUG:radiomics.imageoperations: Calculated 5 bins for bin width 25 with edges: [-50. -25.   0.  25.  50.  75.])
DEBUG:radiomics.glrlm: Calculating GLRLM matrix in C
DEBUG:radiomics.glrlm: Process calculated matrix
DEBUG:radiomics.glrlm: No empty angles
DEBUG:radiomics.glrlm: Calculating GLRLM coefficients
DEBUG:radiomics.glrlm: GLRLM feature class initialized, calculated GLRLM with shape (1, 4, 17, 13)
DEBUG:radiomics.glrlm: Calculating features
INFO:radiomics.featureextractor: Computing glszm
DEBUG:radiomics.glszm: Initializing feature class
DEBUG:radiomics.imageoperations: Discretizing gray levels inside ROI
DEBUG:radiomics.imageoperations: Calculated 5 bins for bin width 25 with edges: [-50. -25.   0.  25.  50.  75.])
DEBUG:radiomics.glszm: Calculating GLSZM matrix in C
DEBUG:radiomics.glszm: Calculating GLSZM coefficients
DEBUG:radiomics.glszm: GLSZM feature class initialized, calculated GLSZM with shape (1, 4, 4)
DEBUG:radiomics.glszm: Calculating features
INFO:radiomics.featureextractor: Computing gldm
DEBUG:radiomics.gldm: Initializing feature class
DEBUG:radiomics.imageoperations: Discretizing gray levels inside ROI
DEBUG:radiomics.imageoperations: Calculated 5 bins for bin width 25 with edges: [-50. -25.   0.  25.  50.  75.])
DEBUG:radiomics.gldm: Calculating GLDM matrix in C
DEBUG:radiomics.gldm: Feature class initialized, calculated GLDM with shape (1, 4, 23)
DEBUG:radiomics.gldm: Calculating features
DEBUG:radiomics.imageoperations: Yielding approximation (wavelet-LLL) image
INFO:radiomics.featureextractor: Calculating features for wavelet-LLL image
DEBUG:radiomics.imageoperations: Cropping to size [44 71 51]
INFO:radiomics.featureextractor: Computing firstorder
DEBUG:radiomics.firstorder: Initializing feature class
DEBUG:radiomics.imageoperations: Discretizing gray levels inside ROI
DEBUG:radiomics.imageoperations: Calculated 130 bins for bin width 25 with edges: [-2575. -2550. -2525. -2500. -2475. -2450. -2425. -2400. -2375. -2350.
 -2325. -2300. -2275. -2250. -2225. -2200. -2175. -2150. -2125. -2100.
 -2075. -2050. -2025. -2000. -1975. -1950. -1925. -1900. -1875. -1850.
 -1825. -1800. -1775. -1750. -1725. -1700. -1675. -1650. -1625. -1600.
 -1575. -1550. -1525. -1500. -1475. -1450. -1425. -1400. -1375. -1350.
 -1325. -1300. -1275. -1250. -1225. -1200. -1175. -1150. -1125. -1100.
 -1075. -1050. -1025. -1000.  -975.  -950.  -925.  -900.  -875.  -850.
  -825.  -800.  -775.  -750.  -725.  -700.  -675.  -650.  -625.  -600.
  -575.  -550.  -525.  -500.  -475.  -450.  -425.  -400.  -375.  -350.
  -325.  -300.  -275.  -250.  -225.  -200.  -175.  -150.  -125.  -100.
   -75.   -50.   -25.     0.    25.    50.    75.   100.   125.   150.
   175.   200.   225.   250.   275.   300.   325.   350.   375.   400.
   425.   450.   475.   500.   525.   550.   575.   600.   625.   650.
   675.])
DEBUG:radiomics.firstorder: First order feature class initialized
DEBUG:radiomics.firstorder: Calculating features
INFO:radiomics.featureextractor: Computing glcm
DEBUG:radiomics.glcm: Initializing feature class
DEBUG:radiomics.imageoperations: Discretizing gray levels inside ROI
DEBUG:radiomics.imageoperations: Calculated 130 bins for bin width 25 with edges: [-2575. -2550. -2525. -2500. -2475. -2450. -2425. -2400. -2375. -2350.
 -2325. -2300. -2275. -2250. -2225. -2200. -2175. -2150. -2125. -2100.
 -2075. -2050. -2025. -2000. -1975. -1950. -1925. -1900. -1875. -1850.
 -1825. -1800. -1775. -1750. -1725. -1700. -1675. -1650. -1625. -1600.
 -1575. -1550. -1525. -1500. -1475. -1450. -1425. -1400. -1375. -1350.
 -1325. -1300. -1275. -1250. -1225. -1200. -1175. -1150. -1125. -1100.
 -1075. -1050. -1025. -1000.  -975.  -950.  -925.  -900.  -875.  -850.
  -825.  -800.  -775.  -750.  -725.  -700.  -675.  -650.  -625.  -600.
  -575.  -550.  -525.  -500.  -475.  -450.  -425.  -400.  -375.  -350.
  -325.  -300.  -275.  -250.  -225.  -200.  -175.  -150.  -125.  -100.
   -75.   -50.   -25.     0.    25.    50.    75.   100.   125.   150.
   175.   200.   225.   250.   275.   300.   325.   350.   375.   400.
   425.   450.   475.   500.   525.   550.   575.   600.   625.   650.
   675.])
DEBUG:radiomics.glcm: Calculating GLCM matrix in C
DEBUG:radiomics.glcm: Process calculated matrix
DEBUG:radiomics.glcm: Create symmetrical matrix
DEBUG:radiomics.glcm: No empty angles
DEBUG:radiomics.glcm: Calculating GLCM coefficients
DEBUG:radiomics.glcm: GLCM feature class initialized, calculated GLCM with shape (1, 129, 129, 13)
DEBUG:radiomics.glcm: Calculating features
INFO:radiomics.featureextractor: Computing glrlm
DEBUG:radiomics.glrlm: Initializing feature class
DEBUG:radiomics.imageoperations: Discretizing gray levels inside ROI
DEBUG:radiomics.imageoperations: Calculated 130 bins for bin width 25 with edges: [-2575. -2550. -2525. -2500. -2475. -2450. -2425. -2400. -2375. -2350.
 -2325. -2300. -2275. -2250. -2225. -2200. -2175. -2150. -2125. -2100.
 -2075. -2050. -2025. -2000. -1975. -1950. -1925. -1900. -1875. -1850.
 -1825. -1800. -1775. -1750. -1725. -1700. -1675. -1650. -1625. -1600.
 -1575. -1550. -1525. -1500. -1475. -1450. -1425. -1400. -1375. -1350.
 -1325. -1300. -1275. -1250. -1225. -1200. -1175. -1150. -1125. -1100.
 -1075. -1050. -1025. -1000.  -975.  -950.  -925.  -900.  -875.  -850.
  -825.  -800.  -775.  -750.  -725.  -700.  -675.  -650.  -625.  -600.
  -575.  -550.  -525.  -500.  -475.  -450.  -425.  -400.  -375.  -350.
  -325.  -300.  -275.  -250.  -225.  -200.  -175.  -150.  -125.  -100.
   -75.   -50.   -25.     0.    25.    50.    75.   100.   125.   150.
   175.   200.   225.   250.   275.   300.   325.   350.   375.   400.
   425.   450.   475.   500.   525.   550.   575.   600.   625.   650.
   675.])
DEBUG:radiomics.glrlm: Calculating GLRLM matrix in C
DEBUG:radiomics.glrlm: Process calculated matrix
DEBUG:radiomics.glrlm: No empty angles
DEBUG:radiomics.glrlm: Calculating GLRLM coefficients
DEBUG:radiomics.glrlm: GLRLM feature class initialized, calculated GLRLM with shape (1, 129, 12, 13)
DEBUG:radiomics.glrlm: Calculating features
INFO:radiomics.featureextractor: Computing glszm
DEBUG:radiomics.glszm: Initializing feature class
DEBUG:radiomics.imageoperations: Discretizing gray levels inside ROI
DEBUG:radiomics.imageoperations: Calculated 130 bins for bin width 25 with edges: [-2575. -2550. -2525. -2500. -2475. -2450. -2425. -2400. -2375. -2350.
 -2325. -2300. -2275. -2250. -2225. -2200. -2175. -2150. -2125. -2100.
 -2075. -2050. -2025. -2000. -1975. -1950. -1925. -1900. -1875. -1850.
 -1825. -1800. -1775. -1750. -1725. -1700. -1675. -1650. -1625. -1600.
 -1575. -1550. -1525. -1500. -1475. -1450. -1425. -1400. -1375. -1350.
 -1325. -1300. -1275. -1250. -1225. -1200. -1175. -1150. -1125. -1100.
 -1075. -1050. -1025. -1000.  -975.  -950.  -925.  -900.  -875.  -850.
  -825.  -800.  -775.  -750.  -725.  -700.  -675.  -650.  -625.  -600.
  -575.  -550.  -525.  -500.  -475.  -450.  -425.  -400.  -375.  -350.
  -325.  -300.  -275.  -250.  -225.  -200.  -175.  -150.  -125.  -100.
   -75.   -50.   -25.     0.    25.    50.    75.   100.   125.   150.
   175.   200.   225.   250.   275.   300.   325.   350.   375.   400.
   425.   450.   475.   500.   525.   550.   575.   600.   625.   650.
   675.])
DEBUG:radiomics.glszm: Calculating GLSZM matrix in C
DEBUG:radiomics.glszm: Calculating GLSZM coefficients
DEBUG:radiomics.glszm: GLSZM feature class initialized, calculated GLSZM with shape (1, 129, 66)
DEBUG:radiomics.glszm: Calculating features
INFO:radiomics.featureextractor: Computing gldm
DEBUG:radiomics.gldm: Initializing feature class
DEBUG:radiomics.imageoperations: Discretizing gray levels inside ROI
DEBUG:radiomics.imageoperations: Calculated 130 bins for bin width 25 with edges: [-2575. -2550. -2525. -2500. -2475. -2450. -2425. -2400. -2375. -2350.
 -2325. -2300. -2275. -2250. -2225. -2200. -2175. -2150. -2125. -2100.
 -2075. -2050. -2025. -2000. -1975. -1950. -1925. -1900. -1875. -1850.
 -1825. -1800. -1775. -1750. -1725. -1700. -1675. -1650. -1625. -1600.
 -1575. -1550. -1525. -1500. -1475. -1450. -1425. -1400. -1375. -1350.
 -1325. -1300. -1275. -1250. -1225. -1200. -1175. -1150. -1125. -1100.
 -1075. -1050. -1025. -1000.  -975.  -950.  -925.  -900.  -875.  -850.
  -825.  -800.  -775.  -750.  -725.  -700.  -675.  -650.  -625.  -600.
  -575.  -550.  -525.  -500.  -475.  -450.  -425.  -400.  -375.  -350.
  -325.  -300.  -275.  -250.  -225.  -200.  -175.  -150.  -125.  -100.
   -75.   -50.   -25.     0.    25.    50.    75.   100.   125.   150.
   175.   200.   225.   250.   275.   300.   325.   350.   375.   400.
   425.   450.   475.   500.   525.   550.   575.   600.   625.   650.
   675.])
DEBUG:radiomics.gldm: Calculating GLDM matrix in C
DEBUG:radiomics.gldm: Feature class initialized, calculated GLDM with shape (1, 129, 19)
DEBUG:radiomics.gldm: Calculating features
DEBUG:radiomics.featureextractor: Features extracted
INFO:radiomics.featureextractor: Calculating features with label: 1
DEBUG:radiomics.featureextractor: Enabled images types: {'Original': {}, 'LoG': {'sigma': [1.0, 2.0, 3.0, 4.0, 5.0]}, 'Wavelet': {}}
DEBUG:radiomics.featureextractor: Enabled features: {'shape': None, 'firstorder': None, 'glcm': ['Autocorrelation', 'JointAverage', 'ClusterProminence', 'ClusterShade', 'ClusterTendency', 'Contrast', 'Correlation', 'DifferenceAverage', 'DifferenceEntropy', 'DifferenceVariance', 'JointEnergy', 'JointEntropy', 'Imc1', 'Imc2', 'Idm', 'Idmn', 'Id', 'Idn', 'InverseVariance', 'MaximumProbability', 'SumEntropy', 'SumSquares'], 'glrlm': None, 'glszm': None, 'gldm': None}
DEBUG:radiomics.featureextractor: Current settings: {'minimumROIDimensions': 2, 'minimumROISize': None, 'normalize': False, 'normalizeScale': 1, 'removeOutliers': None, 'resampledPixelSpacing': [1, 1, 1], 'interpolator': 'sitkBSpline', 'preCrop': False, 'padDistance': 10, 'distances': [1], 'force2D': False, 'force2Ddimension': 0, 'resegmentRange': None, 'label': 1, 'additionalInfo': True, 'binWidth': 25, 'voxelArrayShift': 1000}
INFO:radiomics.featureextractor: Loading image and mask
DEBUG:radiomics.imageoperations: Force casting mask to UInt32 to ensure correct datatype.
DEBUG:radiomics.imageoperations: Resampling image and mask
DEBUG:radiomics.imageoperations: Where resampled spacing is set to 0, set it to the original spacing (mask)
DEBUG:radiomics.imageoperations: Checking ROI validity
DEBUG:radiomics.imageoperations: Checking if label 1 is persent in the mask
DEBUG:radiomics.imageoperations: Comparing physical space of bounding box to physical space of image
DEBUG:radiomics.imageoperations: ROI bounds (image coordinate space): ((301.50000000000006, 174.5, 76.5), (346.5, 224.5, 90.5))
DEBUG:radiomics.imageoperations: ROI valid, calculating resampling grid
DEBUG:radiomics.imageoperations: Comparing resampled spacing to original spacing (image
INFO:radiomics.imageoperations: Applying resampling from spacing [0.977 0.977 3.   ] and size [512 512 107] to spacing [1. 1. 1.] and size [66, 71, 64]
DEBUG:radiomics.imageoperations: Resampling image
DEBUG:radiomics.imageoperations: Resampling mask
DEBUG:radiomics.imageoperations: Checking mask with label 1
DEBUG:radiomics.imageoperations: Calculating bounding box
DEBUG:radiomics.imageoperations: Checking minimum number of dimensions requirements (2)
DEBUG:radiomics.featureextractor: Image and Mask loaded and valid, starting extraction
DEBUG:radiomics.imageoperations: Cropping to size [44 49 42]
INFO:radiomics.featureextractor: Computing shape
DEBUG:radiomics.shape: Initializing feature class
DEBUG:radiomics.shape: Padding the mask with 0s
DEBUG:radiomics.shape: Pre-calculate Volume, Surface Area and Eigenvalues
DEBUG:radiomics.shape: Shape feature class initialized
DEBUG:radiomics.shape: Calculating features
DEBUG:radiomics.featureextractor: Creating image type iterator
INFO:radiomics.featureextractor: Adding image type "Original" with custom settings: {}
INFO:radiomics.featureextractor: Adding image type "LoG" with custom settings: {'sigma': [1.0, 2.0, 3.0, 4.0, 5.0]}
INFO:radiomics.featureextractor: Adding image type "Wavelet" with custom settings: {}
DEBUG:radiomics.featureextractor: Extracting features
DEBUG:radiomics.imageoperations: Yielding original image
INFO:radiomics.featureextractor: Calculating features for original image
DEBUG:radiomics.imageoperations: Cropping to size [44 49 42]
INFO:radiomics.featureextractor: Computing firstorder
DEBUG:radiomics.firstorder: Initializing feature class
DEBUG:radiomics.imageoperations: Discretizing gray levels inside ROI
DEBUG:radiomics.imageoperations: Calculated 79 bins for bin width 25 with edges: [-350 -325 -300 -275 -250 -225 -200 -175 -150 -125 -100  -75  -50  -25
    0   25   50   75  100  125  150  175  200  225  250  275  300  325
  350  375  400  425  450  475  500  525  550  575  600  625  650  675
  700  725  750  775  800  825  850  875  900  925  950  975 1000 1025
 1050 1075 1100 1125 1150 1175 1200 1225 1250 1275 1300 1325 1350 1375
 1400 1425 1450 1475 1500 1525 1550 1575 1600 1625])
DEBUG:radiomics.firstorder: First order feature class initialized
DEBUG:radiomics.firstorder: Calculating features
INFO:radiomics.featureextractor: Computing glcm
DEBUG:radiomics.glcm: Initializing feature class
DEBUG:radiomics.imageoperations: Discretizing gray levels inside ROI
DEBUG:radiomics.imageoperations: Calculated 79 bins for bin width 25 with edges: [-350 -325 -300 -275 -250 -225 -200 -175 -150 -125 -100  -75  -50  -25
    0   25   50   75  100  125  150  175  200  225  250  275  300  325
  350  375  400  425  450  475  500  525  550  575  600  625  650  675
  700  725  750  775  800  825  850  875  900  925  950  975 1000 1025
 1050 1075 1100 1125 1150 1175 1200 1225 1250 1275 1300 1325 1350 1375
 1400 1425 1450 1475 1500 1525 1550 1575 1600 1625])
DEBUG:radiomics.glcm: Calculating GLCM matrix in C
DEBUG:radiomics.glcm: Process calculated matrix
DEBUG:radiomics.glcm: Create symmetrical matrix
DEBUG:radiomics.glcm: No empty angles
DEBUG:radiomics.glcm: Calculating GLCM coefficients
DEBUG:radiomics.glcm: GLCM feature class initialized, calculated GLCM with shape (1, 61, 61, 13)
DEBUG:radiomics.glcm: Calculating features
INFO:radiomics.featureextractor: Computing glrlm
DEBUG:radiomics.glrlm: Initializing feature class
DEBUG:radiomics.imageoperations: Discretizing gray levels inside ROI
DEBUG:radiomics.imageoperations: Calculated 79 bins for bin width 25 with edges: [-350 -325 -300 -275 -250 -225 -200 -175 -150 -125 -100  -75  -50  -25
    0   25   50   75  100  125  150  175  200  225  250  275  300  325
  350  375  400  425  450  475  500  525  550  575  600  625  650  675
  700  725  750  775  800  825  850  875  900  925  950  975 1000 1025
 1050 1075 1100 1125 1150 1175 1200 1225 1250 1275 1300 1325 1350 1375
 1400 1425 1450 1475 1500 1525 1550 1575 1600 1625])
DEBUG:radiomics.glrlm: Calculating GLRLM matrix in C
DEBUG:radiomics.glrlm: Process calculated matrix
DEBUG:radiomics.glrlm: No empty angles
DEBUG:radiomics.glrlm: Calculating GLRLM coefficients
DEBUG:radiomics.glrlm: GLRLM feature class initialized, calculated GLRLM with shape (1, 61, 24, 13)
DEBUG:radiomics.glrlm: Calculating features
INFO:radiomics.featureextractor: Computing glszm
DEBUG:radiomics.glszm: Initializing feature class
DEBUG:radiomics.imageoperations: Discretizing gray levels inside ROI
DEBUG:radiomics.imageoperations: Calculated 79 bins for bin width 25 with edges: [-350 -325 -300 -275 -250 -225 -200 -175 -150 -125 -100  -75  -50  -25
    0   25   50   75  100  125  150  175  200  225  250  275  300  325
  350  375  400  425  450  475  500  525  550  575  600  625  650  675
  700  725  750  775  800  825  850  875  900  925  950  975 1000 1025
 1050 1075 1100 1125 1150 1175 1200 1225 1250 1275 1300 1325 1350 1375
 1400 1425 1450 1475 1500 1525 1550 1575 1600 1625])
DEBUG:radiomics.glszm: Calculating GLSZM matrix in C
DEBUG:radiomics.glszm: Calculating GLSZM coefficients
DEBUG:radiomics.glszm: GLSZM feature class initialized, calculated GLSZM with shape (1, 61, 60)
DEBUG:radiomics.glszm: Calculating features
INFO:radiomics.featureextractor: Computing gldm
DEBUG:radiomics.gldm: Initializing feature class
DEBUG:radiomics.imageoperations: Discretizing gray levels inside ROI
DEBUG:radiomics.imageoperations: Calculated 79 bins for bin width 25 with edges: [-350 -325 -300 -275 -250 -225 -200 -175 -150 -125 -100  -75  -50  -25
    0   25   50   75  100  125  150  175  200  225  250  275  300  325
  350  375  400  425  450  475  500  525  550  575  600  625  650  675
  700  725  750  775  800  825  850  875  900  925  950  975 1000 1025
 1050 1075 1100 1125 1150 1175 1200 1225 1250 1275 1300 1325 1350 1375
 1400 1425 1450 1475 1500 1525 1550 1575 1600 1625])
DEBUG:radiomics.gldm: Calculating GLDM matrix in C
DEBUG:radiomics.gldm: Feature class initialized, calculated GLDM with shape (1, 61, 27)
DEBUG:radiomics.gldm: Calculating features
DEBUG:radiomics.imageoperations: Generating LoG images
INFO:radiomics.imageoperations: Computing LoG with sigma 1
DEBUG:radiomics.imageoperations: Yielding log-sigma-1-0-mm-3D image
INFO:radiomics.featureextractor: Calculating features for log-sigma-1-0-mm-3D image
DEBUG:radiomics.imageoperations: Cropping to size [44 49 42]
INFO:radiomics.featureextractor: Computing firstorder
DEBUG:radiomics.firstorder: Initializing feature class
DEBUG:radiomics.imageoperations: Discretizing gray levels inside ROI
DEBUG:radiomics.imageoperations: Calculated 33 bins for bin width 25 with edges: [-500. -475. -450. -425. -400. -375. -350. -325. -300. -275. -250. -225.
 -200. -175. -150. -125. -100.  -75.  -50.  -25.    0.   25.   50.   75.
  100.  125.  150.  175.  200.  225.  250.  275.  300.  325.])
DEBUG:radiomics.firstorder: First order feature class initialized
DEBUG:radiomics.firstorder: Calculating features
INFO:radiomics.featureextractor: Computing glcm
DEBUG:radiomics.glcm: Initializing feature class
DEBUG:radiomics.imageoperations: Discretizing gray levels inside ROI
DEBUG:radiomics.imageoperations: Calculated 33 bins for bin width 25 with edges: [-500. -475. -450. -425. -400. -375. -350. -325. -300. -275. -250. -225.
 -200. -175. -150. -125. -100.  -75.  -50.  -25.    0.   25.   50.   75.
  100.  125.  150.  175.  200.  225.  250.  275.  300.  325.])
DEBUG:radiomics.glcm: Calculating GLCM matrix in C
DEBUG:radiomics.glcm: Process calculated matrix
DEBUG:radiomics.glcm: Create symmetrical matrix
DEBUG:radiomics.glcm: No empty angles
DEBUG:radiomics.glcm: Calculating GLCM coefficients
DEBUG:radiomics.glcm: GLCM feature class initialized, calculated GLCM with shape (1, 30, 30, 13)
DEBUG:radiomics.glcm: Calculating features
INFO:radiomics.featureextractor: Computing glrlm
DEBUG:radiomics.glrlm: Initializing feature class
DEBUG:radiomics.imageoperations: Discretizing gray levels inside ROI
DEBUG:radiomics.imageoperations: Calculated 33 bins for bin width 25 with edges: [-500. -475. -450. -425. -400. -375. -350. -325. -300. -275. -250. -225.
 -200. -175. -150. -125. -100.  -75.  -50.  -25.    0.   25.   50.   75.
  100.  125.  150.  175.  200.  225.  250.  275.  300.  325.])
DEBUG:radiomics.glrlm: Calculating GLRLM matrix in C
DEBUG:radiomics.glrlm: Process calculated matrix
DEBUG:radiomics.glrlm: No empty angles
DEBUG:radiomics.glrlm: Calculating GLRLM coefficients
DEBUG:radiomics.glrlm: GLRLM feature class initialized, calculated GLRLM with shape (1, 30, 28, 13)
DEBUG:radiomics.glrlm: Calculating features
INFO:radiomics.featureextractor: Computing glszm
DEBUG:radiomics.glszm: Initializing feature class
DEBUG:radiomics.imageoperations: Discretizing gray levels inside ROI
DEBUG:radiomics.imageoperations: Calculated 33 bins for bin width 25 with edges: [-500. -475. -450. -425. -400. -375. -350. -325. -300. -275. -250. -225.
 -200. -175. -150. -125. -100.  -75.  -50.  -25.    0.   25.   50.   75.
  100.  125.  150.  175.  200.  225.  250.  275.  300.  325.])
DEBUG:radiomics.glszm: Calculating GLSZM matrix in C
DEBUG:radiomics.glszm: Calculating GLSZM coefficients
DEBUG:radiomics.glszm: GLSZM feature class initialized, calculated GLSZM with shape (1, 30, 50)
DEBUG:radiomics.glszm: Calculating features
INFO:radiomics.featureextractor: Computing gldm
DEBUG:radiomics.gldm: Initializing feature class
DEBUG:radiomics.imageoperations: Discretizing gray levels inside ROI
DEBUG:radiomics.imageoperations: Calculated 33 bins for bin width 25 with edges: [-500. -475. -450. -425. -400. -375. -350. -325. -300. -275. -250. -225.
 -200. -175. -150. -125. -100.  -75.  -50.  -25.    0.   25.   50.   75.
  100.  125.  150.  175.  200.  225.  250.  275.  300.  325.])
DEBUG:radiomics.gldm: Calculating GLDM matrix in C
DEBUG:radiomics.gldm: Feature class initialized, calculated GLDM with shape (1, 30, 27)
DEBUG:radiomics.gldm: Calculating features
INFO:radiomics.imageoperations: Computing LoG with sigma 2
DEBUG:radiomics.imageoperations: Yielding log-sigma-2-0-mm-3D image
INFO:radiomics.featureextractor: Calculating features for log-sigma-2-0-mm-3D image
DEBUG:radiomics.imageoperations: Cropping to size [44 49 42]
INFO:radiomics.featureextractor: Computing firstorder
DEBUG:radiomics.firstorder: Initializing feature class
DEBUG:radiomics.imageoperations: Discretizing gray levels inside ROI
DEBUG:radiomics.imageoperations: Calculated 40 bins for bin width 25 with edges: [-700. -675. -650. -625. -600. -575. -550. -525. -500. -475. -450. -425.
 -400. -375. -350. -325. -300. -275. -250. -225. -200. -175. -150. -125.
 -100.  -75.  -50.  -25.    0.   25.   50.   75.  100.  125.  150.  175.
  200.  225.  250.  275.  300.])
DEBUG:radiomics.firstorder: First order feature class initialized
DEBUG:radiomics.firstorder: Calculating features
INFO:radiomics.featureextractor: Computing glcm
DEBUG:radiomics.glcm: Initializing feature class
DEBUG:radiomics.imageoperations: Discretizing gray levels inside ROI
DEBUG:radiomics.imageoperations: Calculated 40 bins for bin width 25 with edges: [-700. -675. -650. -625. -600. -575. -550. -525. -500. -475. -450. -425.
 -400. -375. -350. -325. -300. -275. -250. -225. -200. -175. -150. -125.
 -100.  -75.  -50.  -25.    0.   25.   50.   75.  100.  125.  150.  175.
  200.  225.  250.  275.  300.])
DEBUG:radiomics.glcm: Calculating GLCM matrix in C
DEBUG:radiomics.glcm: Process calculated matrix
DEBUG:radiomics.glcm: Create symmetrical matrix
DEBUG:radiomics.glcm: No empty angles
DEBUG:radiomics.glcm: Calculating GLCM coefficients
DEBUG:radiomics.glcm: GLCM feature class initialized, calculated GLCM with shape (1, 35, 35, 13)
DEBUG:radiomics.glcm: Calculating features
INFO:radiomics.featureextractor: Computing glrlm
DEBUG:radiomics.glrlm: Initializing feature class
DEBUG:radiomics.imageoperations: Discretizing gray levels inside ROI
DEBUG:radiomics.imageoperations: Calculated 40 bins for bin width 25 with edges: [-700. -675. -650. -625. -600. -575. -550. -525. -500. -475. -450. -425.
 -400. -375. -350. -325. -300. -275. -250. -225. -200. -175. -150. -125.
 -100.  -75.  -50.  -25.    0.   25.   50.   75.  100.  125.  150.  175.
  200.  225.  250.  275.  300.])
DEBUG:radiomics.glrlm: Calculating GLRLM matrix in C
DEBUG:radiomics.glrlm: Process calculated matrix
DEBUG:radiomics.glrlm: No empty angles
DEBUG:radiomics.glrlm: Calculating GLRLM coefficients
DEBUG:radiomics.glrlm: GLRLM feature class initialized, calculated GLRLM with shape (1, 35, 35, 13)
DEBUG:radiomics.glrlm: Calculating features
INFO:radiomics.featureextractor: Computing glszm
DEBUG:radiomics.glszm: Initializing feature class
DEBUG:radiomics.imageoperations: Discretizing gray levels inside ROI
DEBUG:radiomics.imageoperations: Calculated 40 bins for bin width 25 with edges: [-700. -675. -650. -625. -600. -575. -550. -525. -500. -475. -450. -425.
 -400. -375. -350. -325. -300. -275. -250. -225. -200. -175. -150. -125.
 -100.  -75.  -50.  -25.    0.   25.   50.   75.  100.  125.  150.  175.
  200.  225.  250.  275.  300.])
DEBUG:radiomics.glszm: Calculating GLSZM matrix in C
DEBUG:radiomics.glszm: Calculating GLSZM coefficients
DEBUG:radiomics.glszm: GLSZM feature class initialized, calculated GLSZM with shape (1, 35, 68)
DEBUG:radiomics.glszm: Calculating features
INFO:radiomics.featureextractor: Computing gldm
DEBUG:radiomics.gldm: Initializing feature class
DEBUG:radiomics.imageoperations: Discretizing gray levels inside ROI
DEBUG:radiomics.imageoperations: Calculated 40 bins for bin width 25 with edges: [-700. -675. -650. -625. -600. -575. -550. -525. -500. -475. -450. -425.
 -400. -375. -350. -325. -300. -275. -250. -225. -200. -175. -150. -125.
 -100.  -75.  -50.  -25.    0.   25.   50.   75.  100.  125.  150.  175.
  200.  225.  250.  275.  300.])
DEBUG:radiomics.gldm: Calculating GLDM matrix in C
DEBUG:radiomics.gldm: Feature class initialized, calculated GLDM with shape (1, 35, 27)
DEBUG:radiomics.gldm: Calculating features
INFO:radiomics.imageoperations: Computing LoG with sigma 3
DEBUG:radiomics.imageoperations: Yielding log-sigma-3-0-mm-3D image
INFO:radiomics.featureextractor: Calculating features for log-sigma-3-0-mm-3D image
DEBUG:radiomics.imageoperations: Cropping to size [44 49 42]
INFO:radiomics.featureextractor: Computing firstorder
DEBUG:radiomics.firstorder: Initializing feature class
DEBUG:radiomics.imageoperations: Discretizing gray levels inside ROI
DEBUG:radiomics.imageoperations: Calculated 32 bins for bin width 25 with edges: [-575. -550. -525. -500. -475. -450. -425. -400. -375. -350. -325. -300.
 -275. -250. -225. -200. -175. -150. -125. -100.  -75.  -50.  -25.    0.
   25.   50.   75.  100.  125.  150.  175.  200.  225.])
DEBUG:radiomics.firstorder: First order feature class initialized
DEBUG:radiomics.firstorder: Calculating features
INFO:radiomics.featureextractor: Computing glcm
DEBUG:radiomics.glcm: Initializing feature class
DEBUG:radiomics.imageoperations: Discretizing gray levels inside ROI
DEBUG:radiomics.imageoperations: Calculated 32 bins for bin width 25 with edges: [-575. -550. -525. -500. -475. -450. -425. -400. -375. -350. -325. -300.
 -275. -250. -225. -200. -175. -150. -125. -100.  -75.  -50.  -25.    0.
   25.   50.   75.  100.  125.  150.  175.  200.  225.])
DEBUG:radiomics.glcm: Calculating GLCM matrix in C
DEBUG:radiomics.glcm: Process calculated matrix
DEBUG:radiomics.glcm: Create symmetrical matrix
DEBUG:radiomics.glcm: No empty angles
DEBUG:radiomics.glcm: Calculating GLCM coefficients
DEBUG:radiomics.glcm: GLCM feature class initialized, calculated GLCM with shape (1, 30, 30, 13)
DEBUG:radiomics.glcm: Calculating features
INFO:radiomics.featureextractor: Computing glrlm
DEBUG:radiomics.glrlm: Initializing feature class
DEBUG:radiomics.imageoperations: Discretizing gray levels inside ROI
DEBUG:radiomics.imageoperations: Calculated 32 bins for bin width 25 with edges: [-575. -550. -525. -500. -475. -450. -425. -400. -375. -350. -325. -300.
 -275. -250. -225. -200. -175. -150. -125. -100.  -75.  -50.  -25.    0.
   25.   50.   75.  100.  125.  150.  175.  200.  225.])
DEBUG:radiomics.glrlm: Calculating GLRLM matrix in C
DEBUG:radiomics.glrlm: Process calculated matrix
DEBUG:radiomics.glrlm: No empty angles
DEBUG:radiomics.glrlm: Calculating GLRLM coefficients
DEBUG:radiomics.glrlm: GLRLM feature class initialized, calculated GLRLM with shape (1, 30, 36, 13)
DEBUG:radiomics.glrlm: Calculating features
INFO:radiomics.featureextractor: Computing glszm
DEBUG:radiomics.glszm: Initializing feature class
DEBUG:radiomics.imageoperations: Discretizing gray levels inside ROI
DEBUG:radiomics.imageoperations: Calculated 32 bins for bin width 25 with edges: [-575. -550. -525. -500. -475. -450. -425. -400. -375. -350. -325. -300.
 -275. -250. -225. -200. -175. -150. -125. -100.  -75.  -50.  -25.    0.
   25.   50.   75.  100.  125.  150.  175.  200.  225.])
DEBUG:radiomics.glszm: Calculating GLSZM matrix in C
DEBUG:radiomics.glszm: Calculating GLSZM coefficients
DEBUG:radiomics.glszm: GLSZM feature class initialized, calculated GLSZM with shape (1, 30, 48)
DEBUG:radiomics.glszm: Calculating features
INFO:radiomics.featureextractor: Computing gldm
DEBUG:radiomics.gldm: Initializing feature class
DEBUG:radiomics.imageoperations: Discretizing gray levels inside ROI
DEBUG:radiomics.imageoperations: Calculated 32 bins for bin width 25 with edges: [-575. -550. -525. -500. -475. -450. -425. -400. -375. -350. -325. -300.
 -275. -250. -225. -200. -175. -150. -125. -100.  -75.  -50.  -25.    0.
   25.   50.   75.  100.  125.  150.  175.  200.  225.])
DEBUG:radiomics.gldm: Calculating GLDM matrix in C
DEBUG:radiomics.gldm: Feature class initialized, calculated GLDM with shape (1, 30, 27)
DEBUG:radiomics.gldm: Calculating features
INFO:radiomics.imageoperations: Computing LoG with sigma 4
DEBUG:radiomics.imageoperations: Yielding log-sigma-4-0-mm-3D image
INFO:radiomics.featureextractor: Calculating features for log-sigma-4-0-mm-3D image
DEBUG:radiomics.imageoperations: Cropping to size [44 49 42]
INFO:radiomics.featureextractor: Computing firstorder
DEBUG:radiomics.firstorder: Initializing feature class
DEBUG:radiomics.imageoperations: Discretizing gray levels inside ROI
DEBUG:radiomics.imageoperations: Calculated 25 bins for bin width 25 with edges: [-450. -425. -400. -375. -350. -325. -300. -275. -250. -225. -200. -175.
 -150. -125. -100.  -75.  -50.  -25.    0.   25.   50.   75.  100.  125.
  150.  175.])
DEBUG:radiomics.firstorder: First order feature class initialized
DEBUG:radiomics.firstorder: Calculating features
INFO:radiomics.featureextractor: Computing glcm
DEBUG:radiomics.glcm: Initializing feature class
DEBUG:radiomics.imageoperations: Discretizing gray levels inside ROI
DEBUG:radiomics.imageoperations: Calculated 25 bins for bin width 25 with edges: [-450. -425. -400. -375. -350. -325. -300. -275. -250. -225. -200. -175.
 -150. -125. -100.  -75.  -50.  -25.    0.   25.   50.   75.  100.  125.
  150.  175.])
DEBUG:radiomics.glcm: Calculating GLCM matrix in C
DEBUG:radiomics.glcm: Process calculated matrix
DEBUG:radiomics.glcm: Create symmetrical matrix
DEBUG:radiomics.glcm: No empty angles
DEBUG:radiomics.glcm: Calculating GLCM coefficients
DEBUG:radiomics.glcm: GLCM feature class initialized, calculated GLCM with shape (1, 24, 24, 13)
DEBUG:radiomics.glcm: Calculating features
INFO:radiomics.featureextractor: Computing glrlm
DEBUG:radiomics.glrlm: Initializing feature class
DEBUG:radiomics.imageoperations: Discretizing gray levels inside ROI
DEBUG:radiomics.imageoperations: Calculated 25 bins for bin width 25 with edges: [-450. -425. -400. -375. -350. -325. -300. -275. -250. -225. -200. -175.
 -150. -125. -100.  -75.  -50.  -25.    0.   25.   50.   75.  100.  125.
  150.  175.])
DEBUG:radiomics.glrlm: Calculating GLRLM matrix in C
DEBUG:radiomics.glrlm: Process calculated matrix
DEBUG:radiomics.glrlm: No empty angles
DEBUG:radiomics.glrlm: Calculating GLRLM coefficients
DEBUG:radiomics.glrlm: GLRLM feature class initialized, calculated GLRLM with shape (1, 24, 39, 13)
DEBUG:radiomics.glrlm: Calculating features
INFO:radiomics.featureextractor: Computing glszm
DEBUG:radiomics.glszm: Initializing feature class
DEBUG:radiomics.imageoperations: Discretizing gray levels inside ROI
DEBUG:radiomics.imageoperations: Calculated 25 bins for bin width 25 with edges: [-450. -425. -400. -375. -350. -325. -300. -275. -250. -225. -200. -175.
 -150. -125. -100.  -75.  -50.  -25.    0.   25.   50.   75.  100.  125.
  150.  175.])
DEBUG:radiomics.glszm: Calculating GLSZM matrix in C
DEBUG:radiomics.glszm: Calculating GLSZM coefficients
DEBUG:radiomics.glszm: GLSZM feature class initialized, calculated GLSZM with shape (1, 24, 49)
DEBUG:radiomics.glszm: Calculating features
INFO:radiomics.featureextractor: Computing gldm
DEBUG:radiomics.gldm: Initializing feature class
DEBUG:radiomics.imageoperations: Discretizing gray levels inside ROI
DEBUG:radiomics.imageoperations: Calculated 25 bins for bin width 25 with edges: [-450. -425. -400. -375. -350. -325. -300. -275. -250. -225. -200. -175.
 -150. -125. -100.  -75.  -50.  -25.    0.   25.   50.   75.  100.  125.
  150.  175.])
DEBUG:radiomics.gldm: Calculating GLDM matrix in C
DEBUG:radiomics.gldm: Feature class initialized, calculated GLDM with shape (1, 24, 27)
DEBUG:radiomics.gldm: Calculating features
INFO:radiomics.imageoperations: Computing LoG with sigma 5
DEBUG:radiomics.imageoperations: Yielding log-sigma-5-0-mm-3D image
INFO:radiomics.featureextractor: Calculating features for log-sigma-5-0-mm-3D image
DEBUG:radiomics.imageoperations: Cropping to size [44 49 42]
INFO:radiomics.featureextractor: Computing firstorder
DEBUG:radiomics.firstorder: Initializing feature class
DEBUG:radiomics.imageoperations: Discretizing gray levels inside ROI
DEBUG:radiomics.imageoperations: Calculated 23 bins for bin width 25 with edges: [-425. -400. -375. -350. -325. -300. -275. -250. -225. -200. -175. -150.
 -125. -100.  -75.  -50.  -25.    0.   25.   50.   75.  100.  125.  150.])
DEBUG:radiomics.firstorder: First order feature class initialized
DEBUG:radiomics.firstorder: Calculating features
INFO:radiomics.featureextractor: Computing glcm
DEBUG:radiomics.glcm: Initializing feature class
DEBUG:radiomics.imageoperations: Discretizing gray levels inside ROI
DEBUG:radiomics.imageoperations: Calculated 23 bins for bin width 25 with edges: [-425. -400. -375. -350. -325. -300. -275. -250. -225. -200. -175. -150.
 -125. -100.  -75.  -50.  -25.    0.   25.   50.   75.  100.  125.  150.])
DEBUG:radiomics.glcm: Calculating GLCM matrix in C
DEBUG:radiomics.glcm: Process calculated matrix
DEBUG:radiomics.glcm: Create symmetrical matrix
DEBUG:radiomics.glcm: No empty angles
DEBUG:radiomics.glcm: Calculating GLCM coefficients
DEBUG:radiomics.glcm: GLCM feature class initialized, calculated GLCM with shape (1, 22, 22, 13)
DEBUG:radiomics.glcm: Calculating features
INFO:radiomics.featureextractor: Computing glrlm
DEBUG:radiomics.glrlm: Initializing feature class
DEBUG:radiomics.imageoperations: Discretizing gray levels inside ROI
DEBUG:radiomics.imageoperations: Calculated 23 bins for bin width 25 with edges: [-425. -400. -375. -350. -325. -300. -275. -250. -225. -200. -175. -150.
 -125. -100.  -75.  -50.  -25.    0.   25.   50.   75.  100.  125.  150.])
DEBUG:radiomics.glrlm: Calculating GLRLM matrix in C
DEBUG:radiomics.glrlm: Process calculated matrix
DEBUG:radiomics.glrlm: No empty angles
DEBUG:radiomics.glrlm: Calculating GLRLM coefficients
DEBUG:radiomics.glrlm: GLRLM feature class initialized, calculated GLRLM with shape (1, 22, 36, 13)
DEBUG:radiomics.glrlm: Calculating features
INFO:radiomics.featureextractor: Computing glszm
DEBUG:radiomics.glszm: Initializing feature class
DEBUG:radiomics.imageoperations: Discretizing gray levels inside ROI
DEBUG:radiomics.imageoperations: Calculated 23 bins for bin width 25 with edges: [-425. -400. -375. -350. -325. -300. -275. -250. -225. -200. -175. -150.
 -125. -100.  -75.  -50.  -25.    0.   25.   50.   75.  100.  125.  150.])
DEBUG:radiomics.glszm: Calculating GLSZM matrix in C
DEBUG:radiomics.glszm: Calculating GLSZM coefficients
DEBUG:radiomics.glszm: GLSZM feature class initialized, calculated GLSZM with shape (1, 22, 46)
DEBUG:radiomics.glszm: Calculating features
INFO:radiomics.featureextractor: Computing gldm
DEBUG:radiomics.gldm: Initializing feature class
DEBUG:radiomics.imageoperations: Discretizing gray levels inside ROI
DEBUG:radiomics.imageoperations: Calculated 23 bins for bin width 25 with edges: [-425. -400. -375. -350. -325. -300. -275. -250. -225. -200. -175. -150.
 -125. -100.  -75.  -50.  -25.    0.   25.   50.   75.  100.  125.  150.])
DEBUG:radiomics.gldm: Calculating GLDM matrix in C
DEBUG:radiomics.gldm: Feature class initialized, calculated GLDM with shape (1, 22, 27)
DEBUG:radiomics.gldm: Calculating features
DEBUG:radiomics.imageoperations: Generating Wavelet images
INFO:radiomics.imageoperations: Computing Wavelet LLH
DEBUG:radiomics.imageoperations: Yielding wavelet-LLH image
INFO:radiomics.featureextractor: Calculating features for wavelet-LLH image
DEBUG:radiomics.imageoperations: Cropping to size [44 49 42]
INFO:radiomics.featureextractor: Computing firstorder
DEBUG:radiomics.firstorder: Initializing feature class
DEBUG:radiomics.imageoperations: Discretizing gray levels inside ROI
DEBUG:radiomics.imageoperations: Calculated 21 bins for bin width 25 with edges: [-225. -200. -175. -150. -125. -100.  -75.  -50.  -25.    0.   25.   50.
   75.  100.  125.  150.  175.  200.  225.  250.  275.  300.])
DEBUG:radiomics.firstorder: First order feature class initialized
DEBUG:radiomics.firstorder: Calculating features
INFO:radiomics.featureextractor: Computing glcm
DEBUG:radiomics.glcm: Initializing feature class
DEBUG:radiomics.imageoperations: Discretizing gray levels inside ROI
DEBUG:radiomics.imageoperations: Calculated 21 bins for bin width 25 with edges: [-225. -200. -175. -150. -125. -100.  -75.  -50.  -25.    0.   25.   50.
   75.  100.  125.  150.  175.  200.  225.  250.  275.  300.])
DEBUG:radiomics.glcm: Calculating GLCM matrix in C
DEBUG:radiomics.glcm: Process calculated matrix
DEBUG:radiomics.glcm: Create symmetrical matrix
DEBUG:radiomics.glcm: No empty angles
DEBUG:radiomics.glcm: Calculating GLCM coefficients
DEBUG:radiomics.glcm: GLCM feature class initialized, calculated GLCM with shape (1, 20, 20, 13)
DEBUG:radiomics.glcm: Calculating features
INFO:radiomics.featureextractor: Computing glrlm
DEBUG:radiomics.glrlm: Initializing feature class
DEBUG:radiomics.imageoperations: Discretizing gray levels inside ROI
DEBUG:radiomics.imageoperations: Calculated 21 bins for bin width 25 with edges: [-225. -200. -175. -150. -125. -100.  -75.  -50.  -25.    0.   25.   50.
   75.  100.  125.  150.  175.  200.  225.  250.  275.  300.])
DEBUG:radiomics.glrlm: Calculating GLRLM matrix in C
DEBUG:radiomics.glrlm: Process calculated matrix
DEBUG:radiomics.glrlm: No empty angles
DEBUG:radiomics.glrlm: Calculating GLRLM coefficients
DEBUG:radiomics.glrlm: GLRLM feature class initialized, calculated GLRLM with shape (1, 20, 43, 13)
DEBUG:radiomics.glrlm: Calculating features
INFO:radiomics.featureextractor: Computing glszm
DEBUG:radiomics.glszm: Initializing feature class
DEBUG:radiomics.imageoperations: Discretizing gray levels inside ROI
DEBUG:radiomics.imageoperations: Calculated 21 bins for bin width 25 with edges: [-225. -200. -175. -150. -125. -100.  -75.  -50.  -25.    0.   25.   50.
   75.  100.  125.  150.  175.  200.  225.  250.  275.  300.])
DEBUG:radiomics.glszm: Calculating GLSZM matrix in C
DEBUG:radiomics.glszm: Calculating GLSZM coefficients
DEBUG:radiomics.glszm: GLSZM feature class initialized, calculated GLSZM with shape (1, 20, 42)
DEBUG:radiomics.glszm: Calculating features
INFO:radiomics.featureextractor: Computing gldm
DEBUG:radiomics.gldm: Initializing feature class
DEBUG:radiomics.imageoperations: Discretizing gray levels inside ROI
DEBUG:radiomics.imageoperations: Calculated 21 bins for bin width 25 with edges: [-225. -200. -175. -150. -125. -100.  -75.  -50.  -25.    0.   25.   50.
   75.  100.  125.  150.  175.  200.  225.  250.  275.  300.])
DEBUG:radiomics.gldm: Calculating GLDM matrix in C
DEBUG:radiomics.gldm: Feature class initialized, calculated GLDM with shape (1, 20, 27)
DEBUG:radiomics.gldm: Calculating features
INFO:radiomics.imageoperations: Computing Wavelet LHL
DEBUG:radiomics.imageoperations: Yielding wavelet-LHL image
INFO:radiomics.featureextractor: Calculating features for wavelet-LHL image
DEBUG:radiomics.imageoperations: Cropping to size [44 49 42]
INFO:radiomics.featureextractor: Computing firstorder
DEBUG:radiomics.firstorder: Initializing feature class
DEBUG:radiomics.imageoperations: Discretizing gray levels inside ROI
DEBUG:radiomics.imageoperations: Calculated 34 bins for bin width 25 with edges: [-425. -400. -375. -350. -325. -300. -275. -250. -225. -200. -175. -150.
 -125. -100.  -75.  -50.  -25.    0.   25.   50.   75.  100.  125.  150.
  175.  200.  225.  250.  275.  300.  325.  350.  375.  400.  425.])
DEBUG:radiomics.firstorder: First order feature class initialized
DEBUG:radiomics.firstorder: Calculating features
INFO:radiomics.featureextractor: Computing glcm
DEBUG:radiomics.glcm: Initializing feature class
DEBUG:radiomics.imageoperations: Discretizing gray levels inside ROI
DEBUG:radiomics.imageoperations: Calculated 34 bins for bin width 25 with edges: [-425. -400. -375. -350. -325. -300. -275. -250. -225. -200. -175. -150.
 -125. -100.  -75.  -50.  -25.    0.   25.   50.   75.  100.  125.  150.
  175.  200.  225.  250.  275.  300.  325.  350.  375.  400.  425.])
DEBUG:radiomics.glcm: Calculating GLCM matrix in C
DEBUG:radiomics.glcm: Process calculated matrix
DEBUG:radiomics.glcm: Create symmetrical matrix
DEBUG:radiomics.glcm: No empty angles
DEBUG:radiomics.glcm: Calculating GLCM coefficients
DEBUG:radiomics.glcm: GLCM feature class initialized, calculated GLCM with shape (1, 27, 27, 13)
DEBUG:radiomics.glcm: Calculating features
INFO:radiomics.featureextractor: Computing glrlm
DEBUG:radiomics.glrlm: Initializing feature class
DEBUG:radiomics.imageoperations: Discretizing gray levels inside ROI
DEBUG:radiomics.imageoperations: Calculated 34 bins for bin width 25 with edges: [-425. -400. -375. -350. -325. -300. -275. -250. -225. -200. -175. -150.
 -125. -100.  -75.  -50.  -25.    0.   25.   50.   75.  100.  125.  150.
  175.  200.  225.  250.  275.  300.  325.  350.  375.  400.  425.])
DEBUG:radiomics.glrlm: Calculating GLRLM matrix in C
DEBUG:radiomics.glrlm: Process calculated matrix
DEBUG:radiomics.glrlm: No empty angles
DEBUG:radiomics.glrlm: Calculating GLRLM coefficients
DEBUG:radiomics.glrlm: GLRLM feature class initialized, calculated GLRLM with shape (1, 27, 25, 13)
DEBUG:radiomics.glrlm: Calculating features
INFO:radiomics.featureextractor: Computing glszm
DEBUG:radiomics.glszm: Initializing feature class
DEBUG:radiomics.imageoperations: Discretizing gray levels inside ROI
DEBUG:radiomics.imageoperations: Calculated 34 bins for bin width 25 with edges: [-425. -400. -375. -350. -325. -300. -275. -250. -225. -200. -175. -150.
 -125. -100.  -75.  -50.  -25.    0.   25.   50.   75.  100.  125.  150.
  175.  200.  225.  250.  275.  300.  325.  350.  375.  400.  425.])
DEBUG:radiomics.glszm: Calculating GLSZM matrix in C
DEBUG:radiomics.glszm: Calculating GLSZM coefficients
DEBUG:radiomics.glszm: GLSZM feature class initialized, calculated GLSZM with shape (1, 27, 72)
DEBUG:radiomics.glszm: Calculating features
INFO:radiomics.featureextractor: Computing gldm
DEBUG:radiomics.gldm: Initializing feature class
DEBUG:radiomics.imageoperations: Discretizing gray levels inside ROI
DEBUG:radiomics.imageoperations: Calculated 34 bins for bin width 25 with edges: [-425. -400. -375. -350. -325. -300. -275. -250. -225. -200. -175. -150.
 -125. -100.  -75.  -50.  -25.    0.   25.   50.   75.  100.  125.  150.
  175.  200.  225.  250.  275.  300.  325.  350.  375.  400.  425.])
DEBUG:radiomics.gldm: Calculating GLDM matrix in C
DEBUG:radiomics.gldm: Feature class initialized, calculated GLDM with shape (1, 27, 26)
DEBUG:radiomics.gldm: Calculating features
INFO:radiomics.imageoperations: Computing Wavelet LHH
DEBUG:radiomics.imageoperations: Yielding wavelet-LHH image
INFO:radiomics.featureextractor: Calculating features for wavelet-LHH image
DEBUG:radiomics.imageoperations: Cropping to size [44 49 42]
INFO:radiomics.featureextractor: Computing firstorder
DEBUG:radiomics.firstorder: Initializing feature class
DEBUG:radiomics.imageoperations: Discretizing gray levels inside ROI
DEBUG:radiomics.imageoperations: Calculated 6 bins for bin width 25 with edges: [-50. -25.   0.  25.  50.  75. 100.])
DEBUG:radiomics.firstorder: First order feature class initialized
DEBUG:radiomics.firstorder: Calculating features
INFO:radiomics.featureextractor: Computing glcm
DEBUG:radiomics.glcm: Initializing feature class
DEBUG:radiomics.imageoperations: Discretizing gray levels inside ROI
DEBUG:radiomics.imageoperations: Calculated 6 bins for bin width 25 with edges: [-50. -25.   0.  25.  50.  75. 100.])
DEBUG:radiomics.glcm: Calculating GLCM matrix in C
DEBUG:radiomics.glcm: Process calculated matrix
DEBUG:radiomics.glcm: Create symmetrical matrix
DEBUG:radiomics.glcm: No empty angles
DEBUG:radiomics.glcm: Calculating GLCM coefficients
DEBUG:radiomics.glcm: GLCM feature class initialized, calculated GLCM with shape (1, 5, 5, 13)
DEBUG:radiomics.glcm: Calculating features
INFO:radiomics.featureextractor: Computing glrlm
DEBUG:radiomics.glrlm: Initializing feature class
DEBUG:radiomics.imageoperations: Discretizing gray levels inside ROI
DEBUG:radiomics.imageoperations: Calculated 6 bins for bin width 25 with edges: [-50. -25.   0.  25.  50.  75. 100.])
DEBUG:radiomics.glrlm: Calculating GLRLM matrix in C
DEBUG:radiomics.glrlm: Process calculated matrix
DEBUG:radiomics.glrlm: No empty angles
DEBUG:radiomics.glrlm: Calculating GLRLM coefficients
DEBUG:radiomics.glrlm: GLRLM feature class initialized, calculated GLRLM with shape (1, 5, 21, 13)
DEBUG:radiomics.glrlm: Calculating features
INFO:radiomics.featureextractor: Computing glszm
DEBUG:radiomics.glszm: Initializing feature class
DEBUG:radiomics.imageoperations: Discretizing gray levels inside ROI
DEBUG:radiomics.imageoperations: Calculated 6 bins for bin width 25 with edges: [-50. -25.   0.  25.  50.  75. 100.])
DEBUG:radiomics.glszm: Calculating GLSZM matrix in C
DEBUG:radiomics.glszm: Calculating GLSZM coefficients
DEBUG:radiomics.glszm: GLSZM feature class initialized, calculated GLSZM with shape (1, 5, 8)
DEBUG:radiomics.glszm: Calculating features
INFO:radiomics.featureextractor: Computing gldm
DEBUG:radiomics.gldm: Initializing feature class
DEBUG:radiomics.imageoperations: Discretizing gray levels inside ROI
DEBUG:radiomics.imageoperations: Calculated 6 bins for bin width 25 with edges: [-50. -25.   0.  25.  50.  75. 100.])
DEBUG:radiomics.gldm: Calculating GLDM matrix in C
DEBUG:radiomics.gldm: Feature class initialized, calculated GLDM with shape (1, 5, 27)
DEBUG:radiomics.gldm: Calculating features
INFO:radiomics.imageoperations: Computing Wavelet HLL
DEBUG:radiomics.imageoperations: Yielding wavelet-HLL image
INFO:radiomics.featureextractor: Calculating features for wavelet-HLL image
DEBUG:radiomics.imageoperations: Cropping to size [44 49 42]
INFO:radiomics.featureextractor: Computing firstorder
DEBUG:radiomics.firstorder: Initializing feature class
DEBUG:radiomics.imageoperations: Discretizing gray levels inside ROI
DEBUG:radiomics.imageoperations: Calculated 37 bins for bin width 25 with edges: [-375. -350. -325. -300. -275. -250. -225. -200. -175. -150. -125. -100.
  -75.  -50.  -25.    0.   25.   50.   75.  100.  125.  150.  175.  200.
  225.  250.  275.  300.  325.  350.  375.  400.  425.  450.  475.  500.
  525.  550.])
DEBUG:radiomics.firstorder: First order feature class initialized
DEBUG:radiomics.firstorder: Calculating features
INFO:radiomics.featureextractor: Computing glcm
DEBUG:radiomics.glcm: Initializing feature class
DEBUG:radiomics.imageoperations: Discretizing gray levels inside ROI
DEBUG:radiomics.imageoperations: Calculated 37 bins for bin width 25 with edges: [-375. -350. -325. -300. -275. -250. -225. -200. -175. -150. -125. -100.
  -75.  -50.  -25.    0.   25.   50.   75.  100.  125.  150.  175.  200.
  225.  250.  275.  300.  325.  350.  375.  400.  425.  450.  475.  500.
  525.  550.])
DEBUG:radiomics.glcm: Calculating GLCM matrix in C
DEBUG:radiomics.glcm: Process calculated matrix
DEBUG:radiomics.glcm: Create symmetrical matrix
DEBUG:radiomics.glcm: No empty angles
DEBUG:radiomics.glcm: Calculating GLCM coefficients
DEBUG:radiomics.glcm: GLCM feature class initialized, calculated GLCM with shape (1, 36, 36, 13)
DEBUG:radiomics.glcm: Calculating features
INFO:radiomics.featureextractor: Computing glrlm
DEBUG:radiomics.glrlm: Initializing feature class
DEBUG:radiomics.imageoperations: Discretizing gray levels inside ROI
DEBUG:radiomics.imageoperations: Calculated 37 bins for bin width 25 with edges: [-375. -350. -325. -300. -275. -250. -225. -200. -175. -150. -125. -100.
  -75.  -50.  -25.    0.   25.   50.   75.  100.  125.  150.  175.  200.
  225.  250.  275.  300.  325.  350.  375.  400.  425.  450.  475.  500.
  525.  550.])
DEBUG:radiomics.glrlm: Calculating GLRLM matrix in C
DEBUG:radiomics.glrlm: Process calculated matrix
DEBUG:radiomics.glrlm: No empty angles
DEBUG:radiomics.glrlm: Calculating GLRLM coefficients
DEBUG:radiomics.glrlm: GLRLM feature class initialized, calculated GLRLM with shape (1, 36, 25, 13)
DEBUG:radiomics.glrlm: Calculating features
INFO:radiomics.featureextractor: Computing glszm
DEBUG:radiomics.glszm: Initializing feature class
DEBUG:radiomics.imageoperations: Discretizing gray levels inside ROI
DEBUG:radiomics.imageoperations: Calculated 37 bins for bin width 25 with edges: [-375. -350. -325. -300. -275. -250. -225. -200. -175. -150. -125. -100.
  -75.  -50.  -25.    0.   25.   50.   75.  100.  125.  150.  175.  200.
  225.  250.  275.  300.  325.  350.  375.  400.  425.  450.  475.  500.
  525.  550.])
DEBUG:radiomics.glszm: Calculating GLSZM matrix in C
DEBUG:radiomics.glszm: Calculating GLSZM coefficients
DEBUG:radiomics.glszm: GLSZM feature class initialized, calculated GLSZM with shape (1, 36, 65)
DEBUG:radiomics.glszm: Calculating features
INFO:radiomics.featureextractor: Computing gldm
DEBUG:radiomics.gldm: Initializing feature class
DEBUG:radiomics.imageoperations: Discretizing gray levels inside ROI
DEBUG:radiomics.imageoperations: Calculated 37 bins for bin width 25 with edges: [-375. -350. -325. -300. -275. -250. -225. -200. -175. -150. -125. -100.
  -75.  -50.  -25.    0.   25.   50.   75.  100.  125.  150.  175.  200.
  225.  250.  275.  300.  325.  350.  375.  400.  425.  450.  475.  500.
  525.  550.])
DEBUG:radiomics.gldm: Calculating GLDM matrix in C
DEBUG:radiomics.gldm: Feature class initialized, calculated GLDM with shape (1, 36, 26)
DEBUG:radiomics.gldm: Calculating features
INFO:radiomics.imageoperations: Computing Wavelet HLH
DEBUG:radiomics.imageoperations: Yielding wavelet-HLH image
INFO:radiomics.featureextractor: Calculating features for wavelet-HLH image
DEBUG:radiomics.imageoperations: Cropping to size [44 49 42]
INFO:radiomics.featureextractor: Computing firstorder
DEBUG:radiomics.firstorder: Initializing feature class
DEBUG:radiomics.imageoperations: Discretizing gray levels inside ROI
DEBUG:radiomics.imageoperations: Calculated 8 bins for bin width 25 with edges: [-100.  -75.  -50.  -25.    0.   25.   50.   75.  100.])
DEBUG:radiomics.firstorder: First order feature class initialized
DEBUG:radiomics.firstorder: Calculating features
INFO:radiomics.featureextractor: Computing glcm
DEBUG:radiomics.glcm: Initializing feature class
DEBUG:radiomics.imageoperations: Discretizing gray levels inside ROI
DEBUG:radiomics.imageoperations: Calculated 8 bins for bin width 25 with edges: [-100.  -75.  -50.  -25.    0.   25.   50.   75.  100.])
DEBUG:radiomics.glcm: Calculating GLCM matrix in C
DEBUG:radiomics.glcm: Process calculated matrix
DEBUG:radiomics.glcm: Create symmetrical matrix
DEBUG:radiomics.glcm: No empty angles
DEBUG:radiomics.glcm: Calculating GLCM coefficients
DEBUG:radiomics.glcm: GLCM feature class initialized, calculated GLCM with shape (1, 7, 7, 13)
DEBUG:radiomics.glcm: Calculating features
INFO:radiomics.featureextractor: Computing glrlm
DEBUG:radiomics.glrlm: Initializing feature class
DEBUG:radiomics.imageoperations: Discretizing gray levels inside ROI
DEBUG:radiomics.imageoperations: Calculated 8 bins for bin width 25 with edges: [-100.  -75.  -50.  -25.    0.   25.   50.   75.  100.])
DEBUG:radiomics.glrlm: Calculating GLRLM matrix in C
DEBUG:radiomics.glrlm: Process calculated matrix
DEBUG:radiomics.glrlm: No empty angles
DEBUG:radiomics.glrlm: Calculating GLRLM coefficients
DEBUG:radiomics.glrlm: GLRLM feature class initialized, calculated GLRLM with shape (1, 7, 22, 13)
DEBUG:radiomics.glrlm: Calculating features
INFO:radiomics.featureextractor: Computing glszm
DEBUG:radiomics.glszm: Initializing feature class
DEBUG:radiomics.imageoperations: Discretizing gray levels inside ROI
DEBUG:radiomics.imageoperations: Calculated 8 bins for bin width 25 with edges: [-100.  -75.  -50.  -25.    0.   25.   50.   75.  100.])
DEBUG:radiomics.glszm: Calculating GLSZM matrix in C
DEBUG:radiomics.glszm: Calculating GLSZM coefficients
DEBUG:radiomics.glszm: GLSZM feature class initialized, calculated GLSZM with shape (1, 7, 20)
DEBUG:radiomics.glszm: Calculating features
INFO:radiomics.featureextractor: Computing gldm
DEBUG:radiomics.gldm: Initializing feature class
DEBUG:radiomics.imageoperations: Discretizing gray levels inside ROI
DEBUG:radiomics.imageoperations: Calculated 8 bins for bin width 25 with edges: [-100.  -75.  -50.  -25.    0.   25.   50.   75.  100.])
DEBUG:radiomics.gldm: Calculating GLDM matrix in C
DEBUG:radiomics.gldm: Feature class initialized, calculated GLDM with shape (1, 7, 27)
DEBUG:radiomics.gldm: Calculating features
INFO:radiomics.imageoperations: Computing Wavelet HHL
DEBUG:radiomics.imageoperations: Yielding wavelet-HHL image
INFO:radiomics.featureextractor: Calculating features for wavelet-HHL image
DEBUG:radiomics.imageoperations: Cropping to size [44 49 42]
INFO:radiomics.featureextractor: Computing firstorder
DEBUG:radiomics.firstorder: Initializing feature class
DEBUG:radiomics.imageoperations: Discretizing gray levels inside ROI
DEBUG:radiomics.imageoperations: Calculated 15 bins for bin width 25 with edges: [-200. -175. -150. -125. -100.  -75.  -50.  -25.    0.   25.   50.   75.
  100.  125.  150.  175.])
DEBUG:radiomics.firstorder: First order feature class initialized
DEBUG:radiomics.firstorder: Calculating features
INFO:radiomics.featureextractor: Computing glcm
DEBUG:radiomics.glcm: Initializing feature class
DEBUG:radiomics.imageoperations: Discretizing gray levels inside ROI
DEBUG:radiomics.imageoperations: Calculated 15 bins for bin width 25 with edges: [-200. -175. -150. -125. -100.  -75.  -50.  -25.    0.   25.   50.   75.
  100.  125.  150.  175.])
DEBUG:radiomics.glcm: Calculating GLCM matrix in C
DEBUG:radiomics.glcm: Process calculated matrix
DEBUG:radiomics.glcm: Create symmetrical matrix
DEBUG:radiomics.glcm: No empty angles
DEBUG:radiomics.glcm: Calculating GLCM coefficients
DEBUG:radiomics.glcm: GLCM feature class initialized, calculated GLCM with shape (1, 14, 14, 13)
DEBUG:radiomics.glcm: Calculating features
INFO:radiomics.featureextractor: Computing glrlm
DEBUG:radiomics.glrlm: Initializing feature class
DEBUG:radiomics.imageoperations: Discretizing gray levels inside ROI
DEBUG:radiomics.imageoperations: Calculated 15 bins for bin width 25 with edges: [-200. -175. -150. -125. -100.  -75.  -50.  -25.    0.   25.   50.   75.
  100.  125.  150.  175.])
DEBUG:radiomics.glrlm: Calculating GLRLM matrix in C
DEBUG:radiomics.glrlm: Process calculated matrix
DEBUG:radiomics.glrlm: No empty angles
DEBUG:radiomics.glrlm: Calculating GLRLM coefficients
DEBUG:radiomics.glrlm: GLRLM feature class initialized, calculated GLRLM with shape (1, 14, 26, 13)
DEBUG:radiomics.glrlm: Calculating features
INFO:radiomics.featureextractor: Computing glszm
DEBUG:radiomics.glszm: Initializing feature class
DEBUG:radiomics.imageoperations: Discretizing gray levels inside ROI
DEBUG:radiomics.imageoperations: Calculated 15 bins for bin width 25 with edges: [-200. -175. -150. -125. -100.  -75.  -50.  -25.    0.   25.   50.   75.
  100.  125.  150.  175.])
DEBUG:radiomics.glszm: Calculating GLSZM matrix in C
DEBUG:radiomics.glszm: Calculating GLSZM coefficients
DEBUG:radiomics.glszm: GLSZM feature class initialized, calculated GLSZM with shape (1, 14, 24)
DEBUG:radiomics.glszm: Calculating features
INFO:radiomics.featureextractor: Computing gldm
DEBUG:radiomics.gldm: Initializing feature class
DEBUG:radiomics.imageoperations: Discretizing gray levels inside ROI
DEBUG:radiomics.imageoperations: Calculated 15 bins for bin width 25 with edges: [-200. -175. -150. -125. -100.  -75.  -50.  -25.    0.   25.   50.   75.
  100.  125.  150.  175.])
DEBUG:radiomics.gldm: Calculating GLDM matrix in C
DEBUG:radiomics.gldm: Feature class initialized, calculated GLDM with shape (1, 14, 23)
DEBUG:radiomics.gldm: Calculating features
INFO:radiomics.imageoperations: Computing Wavelet HHH
DEBUG:radiomics.imageoperations: Yielding wavelet-HHH image
INFO:radiomics.featureextractor: Calculating features for wavelet-HHH image
DEBUG:radiomics.imageoperations: Cropping to size [44 49 42]
INFO:radiomics.featureextractor: Computing firstorder
DEBUG:radiomics.firstorder: Initializing feature class
DEBUG:radiomics.imageoperations: Discretizing gray levels inside ROI
DEBUG:radiomics.imageoperations: Calculated 4 bins for bin width 25 with edges: [-50. -25.   0.  25.  50.])
DEBUG:radiomics.firstorder: First order feature class initialized
DEBUG:radiomics.firstorder: Calculating features
INFO:radiomics.featureextractor: Computing glcm
DEBUG:radiomics.glcm: Initializing feature class
DEBUG:radiomics.imageoperations: Discretizing gray levels inside ROI
DEBUG:radiomics.imageoperations: Calculated 4 bins for bin width 25 with edges: [-50. -25.   0.  25.  50.])
DEBUG:radiomics.glcm: Calculating GLCM matrix in C
DEBUG:radiomics.glcm: Process calculated matrix
DEBUG:radiomics.glcm: Create symmetrical matrix
DEBUG:radiomics.glcm: No empty angles
DEBUG:radiomics.glcm: Calculating GLCM coefficients
DEBUG:radiomics.glcm: GLCM feature class initialized, calculated GLCM with shape (1, 3, 3, 13)
DEBUG:radiomics.glcm: Calculating features
INFO:radiomics.featureextractor: Computing glrlm
DEBUG:radiomics.glrlm: Initializing feature class
DEBUG:radiomics.imageoperations: Discretizing gray levels inside ROI
DEBUG:radiomics.imageoperations: Calculated 4 bins for bin width 25 with edges: [-50. -25.   0.  25.  50.])
DEBUG:radiomics.glrlm: Calculating GLRLM matrix in C
DEBUG:radiomics.glrlm: Process calculated matrix
DEBUG:radiomics.glrlm: No empty angles
DEBUG:radiomics.glrlm: Calculating GLRLM coefficients
DEBUG:radiomics.glrlm: GLRLM feature class initialized, calculated GLRLM with shape (1, 3, 18, 13)
DEBUG:radiomics.glrlm: Calculating features
INFO:radiomics.featureextractor: Computing glszm
DEBUG:radiomics.glszm: Initializing feature class
DEBUG:radiomics.imageoperations: Discretizing gray levels inside ROI
DEBUG:radiomics.imageoperations: Calculated 4 bins for bin width 25 with edges: [-50. -25.   0.  25.  50.])
DEBUG:radiomics.glszm: Calculating GLSZM matrix in C
DEBUG:radiomics.glszm: Calculating GLSZM coefficients
DEBUG:radiomics.glszm: GLSZM feature class initialized, calculated GLSZM with shape (1, 3, 3)
DEBUG:radiomics.glszm: Calculating features
INFO:radiomics.featureextractor: Computing gldm
DEBUG:radiomics.gldm: Initializing feature class
DEBUG:radiomics.imageoperations: Discretizing gray levels inside ROI
DEBUG:radiomics.imageoperations: Calculated 4 bins for bin width 25 with edges: [-50. -25.   0.  25.  50.])
DEBUG:radiomics.gldm: Calculating GLDM matrix in C
DEBUG:radiomics.gldm: Feature class initialized, calculated GLDM with shape (1, 3, 24)
DEBUG:radiomics.gldm: Calculating features
DEBUG:radiomics.imageoperations: Yielding approximation (wavelet-LLL) image
INFO:radiomics.featureextractor: Calculating features for wavelet-LLL image
DEBUG:radiomics.imageoperations: Cropping to size [44 49 42]
INFO:radiomics.featureextractor: Computing firstorder
DEBUG:radiomics.firstorder: Initializing feature class
DEBUG:radiomics.imageoperations: Discretizing gray levels inside ROI
DEBUG:radiomics.imageoperations: Calculated 223 bins for bin width 25 with edges: [-975. -950. -925. -900. -875. -850. -825. -800. -775. -750. -725. -700.
 -675. -650. -625. -600. -575. -550. -525. -500. -475. -450. -425. -400.
 -375. -350. -325. -300. -275. -250. -225. -200. -175. -150. -125. -100.
  -75.  -50.  -25.    0.   25.   50.   75.  100.  125.  150.  175.  200.
  225.  250.  275.  300.  325.  350.  375.  400.  425.  450.  475.  500.
  525.  550.  575.  600.  625.  650.  675.  700.  725.  750.  775.  800.
  825.  850.  875.  900.  925.  950.  975. 1000. 1025. 1050. 1075. 1100.
 1125. 1150. 1175. 1200. 1225. 1250. 1275. 1300. 1325. 1350. 1375. 1400.
 1425. 1450. 1475. 1500. 1525. 1550. 1575. 1600. 1625. 1650. 1675. 1700.
 1725. 1750. 1775. 1800. 1825. 1850. 1875. 1900. 1925. 1950. 1975. 2000.
 2025. 2050. 2075. 2100. 2125. 2150. 2175. 2200. 2225. 2250. 2275. 2300.
 2325. 2350. 2375. 2400. 2425. 2450. 2475. 2500. 2525. 2550. 2575. 2600.
 2625. 2650. 2675. 2700. 2725. 2750. 2775. 2800. 2825. 2850. 2875. 2900.
 2925. 2950. 2975. 3000. 3025. 3050. 3075. 3100. 3125. 3150. 3175. 3200.
 3225. 3250. 3275. 3300. 3325. 3350. 3375. 3400. 3425. 3450. 3475. 3500.
 3525. 3550. 3575. 3600. 3625. 3650. 3675. 3700. 3725. 3750. 3775. 3800.
 3825. 3850. 3875. 3900. 3925. 3950. 3975. 4000. 4025. 4050. 4075. 4100.
 4125. 4150. 4175. 4200. 4225. 4250. 4275. 4300. 4325. 4350. 4375. 4400.
 4425. 4450. 4475. 4500. 4525. 4550. 4575. 4600.])
DEBUG:radiomics.firstorder: First order feature class initialized
DEBUG:radiomics.firstorder: Calculating features
INFO:radiomics.featureextractor: Computing glcm
DEBUG:radiomics.glcm: Initializing feature class
DEBUG:radiomics.imageoperations: Discretizing gray levels inside ROI
DEBUG:radiomics.imageoperations: Calculated 223 bins for bin width 25 with edges: [-975. -950. -925. -900. -875. -850. -825. -800. -775. -750. -725. -700.
 -675. -650. -625. -600. -575. -550. -525. -500. -475. -450. -425. -400.
 -375. -350. -325. -300. -275. -250. -225. -200. -175. -150. -125. -100.
  -75.  -50.  -25.    0.   25.   50.   75.  100.  125.  150.  175.  200.
  225.  250.  275.  300.  325.  350.  375.  400.  425.  450.  475.  500.
  525.  550.  575.  600.  625.  650.  675.  700.  725.  750.  775.  800.
  825.  850.  875.  900.  925.  950.  975. 1000. 1025. 1050. 1075. 1100.
 1125. 1150. 1175. 1200. 1225. 1250. 1275. 1300. 1325. 1350. 1375. 1400.
 1425. 1450. 1475. 1500. 1525. 1550. 1575. 1600. 1625. 1650. 1675. 1700.
 1725. 1750. 1775. 1800. 1825. 1850. 1875. 1900. 1925. 1950. 1975. 2000.
 2025. 2050. 2075. 2100. 2125. 2150. 2175. 2200. 2225. 2250. 2275. 2300.
 2325. 2350. 2375. 2400. 2425. 2450. 2475. 2500. 2525. 2550. 2575. 2600.
 2625. 2650. 2675. 2700. 2725. 2750. 2775. 2800. 2825. 2850. 2875. 2900.
 2925. 2950. 2975. 3000. 3025. 3050. 3075. 3100. 3125. 3150. 3175. 3200.
 3225. 3250. 3275. 3300. 3325. 3350. 3375. 3400. 3425. 3450. 3475. 3500.
 3525. 3550. 3575. 3600. 3625. 3650. 3675. 3700. 3725. 3750. 3775. 3800.
 3825. 3850. 3875. 3900. 3925. 3950. 3975. 4000. 4025. 4050. 4075. 4100.
 4125. 4150. 4175. 4200. 4225. 4250. 4275. 4300. 4325. 4350. 4375. 4400.
 4425. 4450. 4475. 4500. 4525. 4550. 4575. 4600.])
DEBUG:radiomics.glcm: Calculating GLCM matrix in C
DEBUG:radiomics.glcm: Process calculated matrix
DEBUG:radiomics.glcm: Create symmetrical matrix
DEBUG:radiomics.glcm: No empty angles
DEBUG:radiomics.glcm: Calculating GLCM coefficients
DEBUG:radiomics.glcm: GLCM feature class initialized, calculated GLCM with shape (1, 125, 125, 13)
DEBUG:radiomics.glcm: Calculating features
INFO:radiomics.featureextractor: Computing glrlm
DEBUG:radiomics.glrlm: Initializing feature class
DEBUG:radiomics.imageoperations: Discretizing gray levels inside ROI
DEBUG:radiomics.imageoperations: Calculated 223 bins for bin width 25 with edges: [-975. -950. -925. -900. -875. -850. -825. -800. -775. -750. -725. -700.
 -675. -650. -625. -600. -575. -550. -525. -500. -475. -450. -425. -400.
 -375. -350. -325. -300. -275. -250. -225. -200. -175. -150. -125. -100.
  -75.  -50.  -25.    0.   25.   50.   75.  100.  125.  150.  175.  200.
  225.  250.  275.  300.  325.  350.  375.  400.  425.  450.  475.  500.
  525.  550.  575.  600.  625.  650.  675.  700.  725.  750.  775.  800.
  825.  850.  875.  900.  925.  950.  975. 1000. 1025. 1050. 1075. 1100.
 1125. 1150. 1175. 1200. 1225. 1250. 1275. 1300. 1325. 1350. 1375. 1400.
 1425. 1450. 1475. 1500. 1525. 1550. 1575. 1600. 1625. 1650. 1675. 1700.
 1725. 1750. 1775. 1800. 1825. 1850. 1875. 1900. 1925. 1950. 1975. 2000.
 2025. 2050. 2075. 2100. 2125. 2150. 2175. 2200. 2225. 2250. 2275. 2300.
 2325. 2350. 2375. 2400. 2425. 2450. 2475. 2500. 2525. 2550. 2575. 2600.
 2625. 2650. 2675. 2700. 2725. 2750. 2775. 2800. 2825. 2850. 2875. 2900.
 2925. 2950. 2975. 3000. 3025. 3050. 3075. 3100. 3125. 3150. 3175. 3200.
 3225. 3250. 3275. 3300. 3325. 3350. 3375. 3400. 3425. 3450. 3475. 3500.
 3525. 3550. 3575. 3600. 3625. 3650. 3675. 3700. 3725. 3750. 3775. 3800.
 3825. 3850. 3875. 3900. 3925. 3950. 3975. 4000. 4025. 4050. 4075. 4100.
 4125. 4150. 4175. 4200. 4225. 4250. 4275. 4300. 4325. 4350. 4375. 4400.
 4425. 4450. 4475. 4500. 4525. 4550. 4575. 4600.])
DEBUG:radiomics.glrlm: Calculating GLRLM matrix in C
DEBUG:radiomics.glrlm: Process calculated matrix
DEBUG:radiomics.glrlm: No empty angles
DEBUG:radiomics.glrlm: Calculating GLRLM coefficients
DEBUG:radiomics.glrlm: GLRLM feature class initialized, calculated GLRLM with shape (1, 125, 14, 13)
DEBUG:radiomics.glrlm: Calculating features
INFO:radiomics.featureextractor: Computing glszm
DEBUG:radiomics.glszm: Initializing feature class
DEBUG:radiomics.imageoperations: Discretizing gray levels inside ROI
DEBUG:radiomics.imageoperations: Calculated 223 bins for bin width 25 with edges: [-975. -950. -925. -900. -875. -850. -825. -800. -775. -750. -725. -700.
 -675. -650. -625. -600. -575. -550. -525. -500. -475. -450. -425. -400.
 -375. -350. -325. -300. -275. -250. -225. -200. -175. -150. -125. -100.
  -75.  -50.  -25.    0.   25.   50.   75.  100.  125.  150.  175.  200.
  225.  250.  275.  300.  325.  350.  375.  400.  425.  450.  475.  500.
  525.  550.  575.  600.  625.  650.  675.  700.  725.  750.  775.  800.
  825.  850.  875.  900.  925.  950.  975. 1000. 1025. 1050. 1075. 1100.
 1125. 1150. 1175. 1200. 1225. 1250. 1275. 1300. 1325. 1350. 1375. 1400.
 1425. 1450. 1475. 1500. 1525. 1550. 1575. 1600. 1625. 1650. 1675. 1700.
 1725. 1750. 1775. 1800. 1825. 1850. 1875. 1900. 1925. 1950. 1975. 2000.
 2025. 2050. 2075. 2100. 2125. 2150. 2175. 2200. 2225. 2250. 2275. 2300.
 2325. 2350. 2375. 2400. 2425. 2450. 2475. 2500. 2525. 2550. 2575. 2600.
 2625. 2650. 2675. 2700. 2725. 2750. 2775. 2800. 2825. 2850. 2875. 2900.
 2925. 2950. 2975. 3000. 3025. 3050. 3075. 3100. 3125. 3150. 3175. 3200.
 3225. 3250. 3275. 3300. 3325. 3350. 3375. 3400. 3425. 3450. 3475. 3500.
 3525. 3550. 3575. 3600. 3625. 3650. 3675. 3700. 3725. 3750. 3775. 3800.
 3825. 3850. 3875. 3900. 3925. 3950. 3975. 4000. 4025. 4050. 4075. 4100.
 4125. 4150. 4175. 4200. 4225. 4250. 4275. 4300. 4325. 4350. 4375. 4400.
 4425. 4450. 4475. 4500. 4525. 4550. 4575. 4600.])
DEBUG:radiomics.glszm: Calculating GLSZM matrix in C
DEBUG:radiomics.glszm: Calculating GLSZM coefficients
DEBUG:radiomics.glszm: GLSZM feature class initialized, calculated GLSZM with shape (1, 125, 84)
DEBUG:radiomics.glszm: Calculating features
INFO:radiomics.featureextractor: Computing gldm
DEBUG:radiomics.gldm: Initializing feature class
DEBUG:radiomics.imageoperations: Discretizing gray levels inside ROI
DEBUG:radiomics.imageoperations: Calculated 223 bins for bin width 25 with edges: [-975. -950. -925. -900. -875. -850. -825. -800. -775. -750. -725. -700.
 -675. -650. -625. -600. -575. -550. -525. -500. -475. -450. -425. -400.
 -375. -350. -325. -300. -275. -250. -225. -200. -175. -150. -125. -100.
  -75.  -50.  -25.    0.   25.   50.   75.  100.  125.  150.  175.  200.
  225.  250.  275.  300.  325.  350.  375.  400.  425.  450.  475.  500.
  525.  550.  575.  600.  625.  650.  675.  700.  725.  750.  775.  800.
  825.  850.  875.  900.  925.  950.  975. 1000. 1025. 1050. 1075. 1100.
 1125. 1150. 1175. 1200. 1225. 1250. 1275. 1300. 1325. 1350. 1375. 1400.
 1425. 1450. 1475. 1500. 1525. 1550. 1575. 1600. 1625. 1650. 1675. 1700.
 1725. 1750. 1775. 1800. 1825. 1850. 1875. 1900. 1925. 1950. 1975. 2000.
 2025. 2050. 2075. 2100. 2125. 2150. 2175. 2200. 2225. 2250. 2275. 2300.
 2325. 2350. 2375. 2400. 2425. 2450. 2475. 2500. 2525. 2550. 2575. 2600.
 2625. 2650. 2675. 2700. 2725. 2750. 2775. 2800. 2825. 2850. 2875. 2900.
 2925. 2950. 2975. 3000. 3025. 3050. 3075. 3100. 3125. 3150. 3175. 3200.
 3225. 3250. 3275. 3300. 3325. 3350. 3375. 3400. 3425. 3450. 3475. 3500.
 3525. 3550. 3575. 3600. 3625. 3650. 3675. 3700. 3725. 3750. 3775. 3800.
 3825. 3850. 3875. 3900. 3925. 3950. 3975. 4000. 4025. 4050. 4075. 4100.
 4125. 4150. 4175. 4200. 4225. 4250. 4275. 4300. 4325. 4350. 4375. 4400.
 4425. 4450. 4475. 4500. 4525. 4550. 4575. 4600.])
DEBUG:radiomics.gldm: Calculating GLDM matrix in C
DEBUG:radiomics.gldm: Feature class initialized, calculated GLDM with shape (1, 125, 26)
DEBUG:radiomics.gldm: Calculating features
DEBUG:radiomics.featureextractor: Features extracted
INFO:radiomics.featureextractor: Calculating features with label: 1
DEBUG:radiomics.featureextractor: Enabled images types: {'Original': {}, 'LoG': {'sigma': [1.0, 2.0, 3.0, 4.0, 5.0]}, 'Wavelet': {}}
DEBUG:radiomics.featureextractor: Enabled features: {'shape': None, 'firstorder': None, 'glcm': ['Autocorrelation', 'JointAverage', 'ClusterProminence', 'ClusterShade', 'ClusterTendency', 'Contrast', 'Correlation', 'DifferenceAverage', 'DifferenceEntropy', 'DifferenceVariance', 'JointEnergy', 'JointEntropy', 'Imc1', 'Imc2', 'Idm', 'Idmn', 'Id', 'Idn', 'InverseVariance', 'MaximumProbability', 'SumEntropy', 'SumSquares'], 'glrlm': None, 'glszm': None, 'gldm': None}
DEBUG:radiomics.featureextractor: Current settings: {'minimumROIDimensions': 2, 'minimumROISize': None, 'normalize': False, 'normalizeScale': 1, 'removeOutliers': None, 'resampledPixelSpacing': [1, 1, 1], 'interpolator': 'sitkBSpline', 'preCrop': False, 'padDistance': 10, 'distances': [1], 'force2D': False, 'force2Ddimension': 0, 'resegmentRange': None, 'label': 1, 'additionalInfo': True, 'binWidth': 25, 'voxelArrayShift': 1000}
INFO:radiomics.featureextractor: Loading image and mask
DEBUG:radiomics.imageoperations: Force casting mask to UInt32 to ensure correct datatype.
DEBUG:radiomics.imageoperations: Resampling image and mask
DEBUG:radiomics.imageoperations: Where resampled spacing is set to 0, set it to the original spacing (mask)
DEBUG:radiomics.imageoperations: Checking ROI validity
DEBUG:radiomics.imageoperations: Checking if label 1 is persent in the mask
DEBUG:radiomics.imageoperations: Comparing physical space of bounding box to physical space of image
DEBUG:radiomics.imageoperations: ROI bounds (image coordinate space): ((229.5, 202.5, 45.5), (283.5, 231.5, 54.5))
DEBUG:radiomics.imageoperations: ROI valid, calculating resampling grid
DEBUG:radiomics.imageoperations: Comparing resampled spacing to original spacing (image
INFO:radiomics.imageoperations: Applying resampling from spacing [0.977 0.977 3.   ] and size [512 512 107] to spacing [1. 1. 1.] and size [74, 51, 49]
DEBUG:radiomics.imageoperations: Resampling image
DEBUG:radiomics.imageoperations: Resampling mask
DEBUG:radiomics.imageoperations: Checking mask with label 1
DEBUG:radiomics.imageoperations: Calculating bounding box
DEBUG:radiomics.imageoperations: Checking minimum number of dimensions requirements (2)
DEBUG:radiomics.featureextractor: Image and Mask loaded and valid, starting extraction
DEBUG:radiomics.imageoperations: Cropping to size [52 29 27]
INFO:radiomics.featureextractor: Computing shape
DEBUG:radiomics.shape: Initializing feature class
DEBUG:radiomics.shape: Padding the mask with 0s
DEBUG:radiomics.shape: Pre-calculate Volume, Surface Area and Eigenvalues
DEBUG:radiomics.shape: Shape feature class initialized
DEBUG:radiomics.shape: Calculating features
DEBUG:radiomics.featureextractor: Creating image type iterator
INFO:radiomics.featureextractor: Adding image type "Original" with custom settings: {}
INFO:radiomics.featureextractor: Adding image type "LoG" with custom settings: {'sigma': [1.0, 2.0, 3.0, 4.0, 5.0]}
INFO:radiomics.featureextractor: Adding image type "Wavelet" with custom settings: {}
DEBUG:radiomics.featureextractor: Extracting features
DEBUG:radiomics.imageoperations: Yielding original image
INFO:radiomics.featureextractor: Calculating features for original image
DEBUG:radiomics.imageoperations: Cropping to size [52 29 27]
INFO:radiomics.featureextractor: Computing firstorder
DEBUG:radiomics.firstorder: Initializing feature class
DEBUG:radiomics.imageoperations: Discretizing gray levels inside ROI
DEBUG:radiomics.imageoperations: Calculated 51 bins for bin width 25 with edges: [-1000  -975  -950  -925  -900  -875  -850  -825  -800  -775  -750  -725
  -700  -675  -650  -625  -600  -575  -550  -525  -500  -475  -450  -425
  -400  -375  -350  -325  -300  -275  -250  -225  -200  -175  -150  -125
  -100   -75   -50   -25     0    25    50    75   100   125   150   175
   200   225   250   275])
DEBUG:radiomics.firstorder: First order feature class initialized
DEBUG:radiomics.firstorder: Calculating features
INFO:radiomics.featureextractor: Computing glcm
DEBUG:radiomics.glcm: Initializing feature class
DEBUG:radiomics.imageoperations: Discretizing gray levels inside ROI
DEBUG:radiomics.imageoperations: Calculated 51 bins for bin width 25 with edges: [-1000  -975  -950  -925  -900  -875  -850  -825  -800  -775  -750  -725
  -700  -675  -650  -625  -600  -575  -550  -525  -500  -475  -450  -425
  -400  -375  -350  -325  -300  -275  -250  -225  -200  -175  -150  -125
  -100   -75   -50   -25     0    25    50    75   100   125   150   175
   200   225   250   275])
DEBUG:radiomics.glcm: Calculating GLCM matrix in C
DEBUG:radiomics.glcm: Process calculated matrix
DEBUG:radiomics.glcm: Create symmetrical matrix
DEBUG:radiomics.glcm: No empty angles
DEBUG:radiomics.glcm: Calculating GLCM coefficients
DEBUG:radiomics.glcm: GLCM feature class initialized, calculated GLCM with shape (1, 39, 39, 13)
DEBUG:radiomics.glcm: Calculating features
INFO:radiomics.featureextractor: Computing glrlm
DEBUG:radiomics.glrlm: Initializing feature class
DEBUG:radiomics.imageoperations: Discretizing gray levels inside ROI
DEBUG:radiomics.imageoperations: Calculated 51 bins for bin width 25 with edges: [-1000  -975  -950  -925  -900  -875  -850  -825  -800  -775  -750  -725
  -700  -675  -650  -625  -600  -575  -550  -525  -500  -475  -450  -425
  -400  -375  -350  -325  -300  -275  -250  -225  -200  -175  -150  -125
  -100   -75   -50   -25     0    25    50    75   100   125   150   175
   200   225   250   275])
DEBUG:radiomics.glrlm: Calculating GLRLM matrix in C
DEBUG:radiomics.glrlm: Process calculated matrix
DEBUG:radiomics.glrlm: No empty angles
DEBUG:radiomics.glrlm: Calculating GLRLM coefficients
DEBUG:radiomics.glrlm: GLRLM feature class initialized, calculated GLRLM with shape (1, 39, 14, 13)
DEBUG:radiomics.glrlm: Calculating features
INFO:radiomics.featureextractor: Computing glszm
DEBUG:radiomics.glszm: Initializing feature class
DEBUG:radiomics.imageoperations: Discretizing gray levels inside ROI
DEBUG:radiomics.imageoperations: Calculated 51 bins for bin width 25 with edges: [-1000  -975  -950  -925  -900  -875  -850  -825  -800  -775  -750  -725
  -700  -675  -650  -625  -600  -575  -550  -525  -500  -475  -450  -425
  -400  -375  -350  -325  -300  -275  -250  -225  -200  -175  -150  -125
  -100   -75   -50   -25     0    25    50    75   100   125   150   175
   200   225   250   275])
DEBUG:radiomics.glszm: Calculating GLSZM matrix in C
DEBUG:radiomics.glszm: Calculating GLSZM coefficients
DEBUG:radiomics.glszm: GLSZM feature class initialized, calculated GLSZM with shape (1, 39, 48)
DEBUG:radiomics.glszm: Calculating features
INFO:radiomics.featureextractor: Computing gldm
DEBUG:radiomics.gldm: Initializing feature class
DEBUG:radiomics.imageoperations: Discretizing gray levels inside ROI
DEBUG:radiomics.imageoperations: Calculated 51 bins for bin width 25 with edges: [-1000  -975  -950  -925  -900  -875  -850  -825  -800  -775  -750  -725
  -700  -675  -650  -625  -600  -575  -550  -525  -500  -475  -450  -425
  -400  -375  -350  -325  -300  -275  -250  -225  -200  -175  -150  -125
  -100   -75   -50   -25     0    25    50    75   100   125   150   175
   200   225   250   275])
DEBUG:radiomics.gldm: Calculating GLDM matrix in C
DEBUG:radiomics.gldm: Feature class initialized, calculated GLDM with shape (1, 39, 21)
DEBUG:radiomics.gldm: Calculating features
DEBUG:radiomics.imageoperations: Generating LoG images
INFO:radiomics.imageoperations: Computing LoG with sigma 1
DEBUG:radiomics.imageoperations: Yielding log-sigma-1-0-mm-3D image
INFO:radiomics.featureextractor: Calculating features for log-sigma-1-0-mm-3D image
DEBUG:radiomics.imageoperations: Cropping to size [52 29 27]
INFO:radiomics.featureextractor: Computing firstorder
DEBUG:radiomics.firstorder: Initializing feature class
DEBUG:radiomics.imageoperations: Discretizing gray levels inside ROI
DEBUG:radiomics.imageoperations: Calculated 22 bins for bin width 25 with edges: [-275. -250. -225. -200. -175. -150. -125. -100.  -75.  -50.  -25.    0.
   25.   50.   75.  100.  125.  150.  175.  200.  225.  250.  275.])
DEBUG:radiomics.firstorder: First order feature class initialized
DEBUG:radiomics.firstorder: Calculating features
INFO:radiomics.featureextractor: Computing glcm
DEBUG:radiomics.glcm: Initializing feature class
DEBUG:radiomics.imageoperations: Discretizing gray levels inside ROI
DEBUG:radiomics.imageoperations: Calculated 22 bins for bin width 25 with edges: [-275. -250. -225. -200. -175. -150. -125. -100.  -75.  -50.  -25.    0.
   25.   50.   75.  100.  125.  150.  175.  200.  225.  250.  275.])
DEBUG:radiomics.glcm: Calculating GLCM matrix in C
DEBUG:radiomics.glcm: Process calculated matrix
DEBUG:radiomics.glcm: Create symmetrical matrix
DEBUG:radiomics.glcm: No empty angles
DEBUG:radiomics.glcm: Calculating GLCM coefficients
DEBUG:radiomics.glcm: GLCM feature class initialized, calculated GLCM with shape (1, 20, 20, 13)
DEBUG:radiomics.glcm: Calculating features
INFO:radiomics.featureextractor: Computing glrlm
DEBUG:radiomics.glrlm: Initializing feature class
DEBUG:radiomics.imageoperations: Discretizing gray levels inside ROI
DEBUG:radiomics.imageoperations: Calculated 22 bins for bin width 25 with edges: [-275. -250. -225. -200. -175. -150. -125. -100.  -75.  -50.  -25.    0.
   25.   50.   75.  100.  125.  150.  175.  200.  225.  250.  275.])
DEBUG:radiomics.glrlm: Calculating GLRLM matrix in C
DEBUG:radiomics.glrlm: Process calculated matrix
DEBUG:radiomics.glrlm: No empty angles
DEBUG:radiomics.glrlm: Calculating GLRLM coefficients
DEBUG:radiomics.glrlm: GLRLM feature class initialized, calculated GLRLM with shape (1, 20, 18, 13)
DEBUG:radiomics.glrlm: Calculating features
INFO:radiomics.featureextractor: Computing glszm
DEBUG:radiomics.glszm: Initializing feature class
DEBUG:radiomics.imageoperations: Discretizing gray levels inside ROI
DEBUG:radiomics.imageoperations: Calculated 22 bins for bin width 25 with edges: [-275. -250. -225. -200. -175. -150. -125. -100.  -75.  -50.  -25.    0.
   25.   50.   75.  100.  125.  150.  175.  200.  225.  250.  275.])
DEBUG:radiomics.glszm: Calculating GLSZM matrix in C
DEBUG:radiomics.glszm: Calculating GLSZM coefficients
DEBUG:radiomics.glszm: GLSZM feature class initialized, calculated GLSZM with shape (1, 20, 33)
DEBUG:radiomics.glszm: Calculating features
INFO:radiomics.featureextractor: Computing gldm
DEBUG:radiomics.gldm: Initializing feature class
DEBUG:radiomics.imageoperations: Discretizing gray levels inside ROI
DEBUG:radiomics.imageoperations: Calculated 22 bins for bin width 25 with edges: [-275. -250. -225. -200. -175. -150. -125. -100.  -75.  -50.  -25.    0.
   25.   50.   75.  100.  125.  150.  175.  200.  225.  250.  275.])
DEBUG:radiomics.gldm: Calculating GLDM matrix in C
DEBUG:radiomics.gldm: Feature class initialized, calculated GLDM with shape (1, 20, 27)
DEBUG:radiomics.gldm: Calculating features
INFO:radiomics.imageoperations: Computing LoG with sigma 2
DEBUG:radiomics.imageoperations: Yielding log-sigma-2-0-mm-3D image
INFO:radiomics.featureextractor: Calculating features for log-sigma-2-0-mm-3D image
DEBUG:radiomics.imageoperations: Cropping to size [52 29 27]
INFO:radiomics.featureextractor: Computing firstorder
DEBUG:radiomics.firstorder: Initializing feature class
DEBUG:radiomics.imageoperations: Discretizing gray levels inside ROI
DEBUG:radiomics.imageoperations: Calculated 22 bins for bin width 25 with edges: [-300. -275. -250. -225. -200. -175. -150. -125. -100.  -75.  -50.  -25.
    0.   25.   50.   75.  100.  125.  150.  175.  200.  225.  250.])
DEBUG:radiomics.firstorder: First order feature class initialized
DEBUG:radiomics.firstorder: Calculating features
INFO:radiomics.featureextractor: Computing glcm
DEBUG:radiomics.glcm: Initializing feature class
DEBUG:radiomics.imageoperations: Discretizing gray levels inside ROI
DEBUG:radiomics.imageoperations: Calculated 22 bins for bin width 25 with edges: [-300. -275. -250. -225. -200. -175. -150. -125. -100.  -75.  -50.  -25.
    0.   25.   50.   75.  100.  125.  150.  175.  200.  225.  250.])
DEBUG:radiomics.glcm: Calculating GLCM matrix in C
DEBUG:radiomics.glcm: Process calculated matrix
DEBUG:radiomics.glcm: Create symmetrical matrix
DEBUG:radiomics.glcm: No empty angles
DEBUG:radiomics.glcm: Calculating GLCM coefficients
DEBUG:radiomics.glcm: GLCM feature class initialized, calculated GLCM with shape (1, 21, 21, 13)
DEBUG:radiomics.glcm: Calculating features
INFO:radiomics.featureextractor: Computing glrlm
DEBUG:radiomics.glrlm: Initializing feature class
DEBUG:radiomics.imageoperations: Discretizing gray levels inside ROI
DEBUG:radiomics.imageoperations: Calculated 22 bins for bin width 25 with edges: [-300. -275. -250. -225. -200. -175. -150. -125. -100.  -75.  -50.  -25.
    0.   25.   50.   75.  100.  125.  150.  175.  200.  225.  250.])
DEBUG:radiomics.glrlm: Calculating GLRLM matrix in C
DEBUG:radiomics.glrlm: Process calculated matrix
DEBUG:radiomics.glrlm: No empty angles
DEBUG:radiomics.glrlm: Calculating GLRLM coefficients
DEBUG:radiomics.glrlm: GLRLM feature class initialized, calculated GLRLM with shape (1, 21, 17, 13)
DEBUG:radiomics.glrlm: Calculating features
INFO:radiomics.featureextractor: Computing glszm
DEBUG:radiomics.glszm: Initializing feature class
DEBUG:radiomics.imageoperations: Discretizing gray levels inside ROI
DEBUG:radiomics.imageoperations: Calculated 22 bins for bin width 25 with edges: [-300. -275. -250. -225. -200. -175. -150. -125. -100.  -75.  -50.  -25.
    0.   25.   50.   75.  100.  125.  150.  175.  200.  225.  250.])
DEBUG:radiomics.glszm: Calculating GLSZM matrix in C
DEBUG:radiomics.glszm: Calculating GLSZM coefficients
DEBUG:radiomics.glszm: GLSZM feature class initialized, calculated GLSZM with shape (1, 21, 46)
DEBUG:radiomics.glszm: Calculating features
INFO:radiomics.featureextractor: Computing gldm
DEBUG:radiomics.gldm: Initializing feature class
DEBUG:radiomics.imageoperations: Discretizing gray levels inside ROI
DEBUG:radiomics.imageoperations: Calculated 22 bins for bin width 25 with edges: [-300. -275. -250. -225. -200. -175. -150. -125. -100.  -75.  -50.  -25.
    0.   25.   50.   75.  100.  125.  150.  175.  200.  225.  250.])
DEBUG:radiomics.gldm: Calculating GLDM matrix in C
DEBUG:radiomics.gldm: Feature class initialized, calculated GLDM with shape (1, 21, 27)
DEBUG:radiomics.gldm: Calculating features
INFO:radiomics.imageoperations: Computing LoG with sigma 3
DEBUG:radiomics.imageoperations: Yielding log-sigma-3-0-mm-3D image
INFO:radiomics.featureextractor: Calculating features for log-sigma-3-0-mm-3D image
DEBUG:radiomics.imageoperations: Cropping to size [52 29 27]
INFO:radiomics.featureextractor: Computing firstorder
DEBUG:radiomics.firstorder: Initializing feature class
DEBUG:radiomics.imageoperations: Discretizing gray levels inside ROI
DEBUG:radiomics.imageoperations: Calculated 22 bins for bin width 25 with edges: [-325. -300. -275. -250. -225. -200. -175. -150. -125. -100.  -75.  -50.
  -25.    0.   25.   50.   75.  100.  125.  150.  175.  200.  225.])
DEBUG:radiomics.firstorder: First order feature class initialized
DEBUG:radiomics.firstorder: Calculating features
INFO:radiomics.featureextractor: Computing glcm
DEBUG:radiomics.glcm: Initializing feature class
DEBUG:radiomics.imageoperations: Discretizing gray levels inside ROI
DEBUG:radiomics.imageoperations: Calculated 22 bins for bin width 25 with edges: [-325. -300. -275. -250. -225. -200. -175. -150. -125. -100.  -75.  -50.
  -25.    0.   25.   50.   75.  100.  125.  150.  175.  200.  225.])
DEBUG:radiomics.glcm: Calculating GLCM matrix in C
DEBUG:radiomics.glcm: Process calculated matrix
DEBUG:radiomics.glcm: Create symmetrical matrix
DEBUG:radiomics.glcm: No empty angles
DEBUG:radiomics.glcm: Calculating GLCM coefficients
DEBUG:radiomics.glcm: GLCM feature class initialized, calculated GLCM with shape (1, 21, 21, 13)
DEBUG:radiomics.glcm: Calculating features
INFO:radiomics.featureextractor: Computing glrlm
DEBUG:radiomics.glrlm: Initializing feature class
DEBUG:radiomics.imageoperations: Discretizing gray levels inside ROI
DEBUG:radiomics.imageoperations: Calculated 22 bins for bin width 25 with edges: [-325. -300. -275. -250. -225. -200. -175. -150. -125. -100.  -75.  -50.
  -25.    0.   25.   50.   75.  100.  125.  150.  175.  200.  225.])
DEBUG:radiomics.glrlm: Calculating GLRLM matrix in C
DEBUG:radiomics.glrlm: Process calculated matrix
DEBUG:radiomics.glrlm: No empty angles
DEBUG:radiomics.glrlm: Calculating GLRLM coefficients
DEBUG:radiomics.glrlm: GLRLM feature class initialized, calculated GLRLM with shape (1, 21, 15, 13)
DEBUG:radiomics.glrlm: Calculating features
INFO:radiomics.featureextractor: Computing glszm
DEBUG:radiomics.glszm: Initializing feature class
DEBUG:radiomics.imageoperations: Discretizing gray levels inside ROI
DEBUG:radiomics.imageoperations: Calculated 22 bins for bin width 25 with edges: [-325. -300. -275. -250. -225. -200. -175. -150. -125. -100.  -75.  -50.
  -25.    0.   25.   50.   75.  100.  125.  150.  175.  200.  225.])
DEBUG:radiomics.glszm: Calculating GLSZM matrix in C
DEBUG:radiomics.glszm: Calculating GLSZM coefficients
DEBUG:radiomics.glszm: GLSZM feature class initialized, calculated GLSZM with shape (1, 21, 42)
DEBUG:radiomics.glszm: Calculating features
INFO:radiomics.featureextractor: Computing gldm
DEBUG:radiomics.gldm: Initializing feature class
DEBUG:radiomics.imageoperations: Discretizing gray levels inside ROI
DEBUG:radiomics.imageoperations: Calculated 22 bins for bin width 25 with edges: [-325. -300. -275. -250. -225. -200. -175. -150. -125. -100.  -75.  -50.
  -25.    0.   25.   50.   75.  100.  125.  150.  175.  200.  225.])
DEBUG:radiomics.gldm: Calculating GLDM matrix in C
DEBUG:radiomics.gldm: Feature class initialized, calculated GLDM with shape (1, 21, 27)
DEBUG:radiomics.gldm: Calculating features
INFO:radiomics.imageoperations: Computing LoG with sigma 4
DEBUG:radiomics.imageoperations: Yielding log-sigma-4-0-mm-3D image
INFO:radiomics.featureextractor: Calculating features for log-sigma-4-0-mm-3D image
DEBUG:radiomics.imageoperations: Cropping to size [52 29 27]
INFO:radiomics.featureextractor: Computing firstorder
DEBUG:radiomics.firstorder: Initializing feature class
DEBUG:radiomics.imageoperations: Discretizing gray levels inside ROI
DEBUG:radiomics.imageoperations: Calculated 23 bins for bin width 25 with edges: [-350. -325. -300. -275. -250. -225. -200. -175. -150. -125. -100.  -75.
  -50.  -25.    0.   25.   50.   75.  100.  125.  150.  175.  200.  225.])
DEBUG:radiomics.firstorder: First order feature class initialized
DEBUG:radiomics.firstorder: Calculating features
INFO:radiomics.featureextractor: Computing glcm
DEBUG:radiomics.glcm: Initializing feature class
DEBUG:radiomics.imageoperations: Discretizing gray levels inside ROI
DEBUG:radiomics.imageoperations: Calculated 23 bins for bin width 25 with edges: [-350. -325. -300. -275. -250. -225. -200. -175. -150. -125. -100.  -75.
  -50.  -25.    0.   25.   50.   75.  100.  125.  150.  175.  200.  225.])
DEBUG:radiomics.glcm: Calculating GLCM matrix in C
DEBUG:radiomics.glcm: Process calculated matrix
DEBUG:radiomics.glcm: Create symmetrical matrix
DEBUG:radiomics.glcm: No empty angles
DEBUG:radiomics.glcm: Calculating GLCM coefficients
DEBUG:radiomics.glcm: GLCM feature class initialized, calculated GLCM with shape (1, 22, 22, 13)
DEBUG:radiomics.glcm: Calculating features
INFO:radiomics.featureextractor: Computing glrlm
DEBUG:radiomics.glrlm: Initializing feature class
DEBUG:radiomics.imageoperations: Discretizing gray levels inside ROI
DEBUG:radiomics.imageoperations: Calculated 23 bins for bin width 25 with edges: [-350. -325. -300. -275. -250. -225. -200. -175. -150. -125. -100.  -75.
  -50.  -25.    0.   25.   50.   75.  100.  125.  150.  175.  200.  225.])
DEBUG:radiomics.glrlm: Calculating GLRLM matrix in C
DEBUG:radiomics.glrlm: Process calculated matrix
DEBUG:radiomics.glrlm: No empty angles
DEBUG:radiomics.glrlm: Calculating GLRLM coefficients
DEBUG:radiomics.glrlm: GLRLM feature class initialized, calculated GLRLM with shape (1, 22, 15, 13)
DEBUG:radiomics.glrlm: Calculating features
INFO:radiomics.featureextractor: Computing glszm
DEBUG:radiomics.glszm: Initializing feature class
DEBUG:radiomics.imageoperations: Discretizing gray levels inside ROI
DEBUG:radiomics.imageoperations: Calculated 23 bins for bin width 25 with edges: [-350. -325. -300. -275. -250. -225. -200. -175. -150. -125. -100.  -75.
  -50.  -25.    0.   25.   50.   75.  100.  125.  150.  175.  200.  225.])
DEBUG:radiomics.glszm: Calculating GLSZM matrix in C
DEBUG:radiomics.glszm: Calculating GLSZM coefficients
DEBUG:radiomics.glszm: GLSZM feature class initialized, calculated GLSZM with shape (1, 22, 39)
DEBUG:radiomics.glszm: Calculating features
INFO:radiomics.featureextractor: Computing gldm
DEBUG:radiomics.gldm: Initializing feature class
DEBUG:radiomics.imageoperations: Discretizing gray levels inside ROI
DEBUG:radiomics.imageoperations: Calculated 23 bins for bin width 25 with edges: [-350. -325. -300. -275. -250. -225. -200. -175. -150. -125. -100.  -75.
  -50.  -25.    0.   25.   50.   75.  100.  125.  150.  175.  200.  225.])
DEBUG:radiomics.gldm: Calculating GLDM matrix in C
DEBUG:radiomics.gldm: Feature class initialized, calculated GLDM with shape (1, 22, 27)
DEBUG:radiomics.gldm: Calculating features
INFO:radiomics.imageoperations: Computing LoG with sigma 5
DEBUG:radiomics.imageoperations: Yielding log-sigma-5-0-mm-3D image
INFO:radiomics.featureextractor: Calculating features for log-sigma-5-0-mm-3D image
DEBUG:radiomics.imageoperations: Cropping to size [52 29 27]
INFO:radiomics.featureextractor: Computing firstorder
DEBUG:radiomics.firstorder: Initializing feature class
DEBUG:radiomics.imageoperations: Discretizing gray levels inside ROI
DEBUG:radiomics.imageoperations: Calculated 23 bins for bin width 25 with edges: [-325. -300. -275. -250. -225. -200. -175. -150. -125. -100.  -75.  -50.
  -25.    0.   25.   50.   75.  100.  125.  150.  175.  200.  225.  250.])
DEBUG:radiomics.firstorder: First order feature class initialized
DEBUG:radiomics.firstorder: Calculating features
INFO:radiomics.featureextractor: Computing glcm
DEBUG:radiomics.glcm: Initializing feature class
DEBUG:radiomics.imageoperations: Discretizing gray levels inside ROI
DEBUG:radiomics.imageoperations: Calculated 23 bins for bin width 25 with edges: [-325. -300. -275. -250. -225. -200. -175. -150. -125. -100.  -75.  -50.
  -25.    0.   25.   50.   75.  100.  125.  150.  175.  200.  225.  250.])
DEBUG:radiomics.glcm: Calculating GLCM matrix in C
DEBUG:radiomics.glcm: Process calculated matrix
DEBUG:radiomics.glcm: Create symmetrical matrix
DEBUG:radiomics.glcm: No empty angles
DEBUG:radiomics.glcm: Calculating GLCM coefficients
DEBUG:radiomics.glcm: GLCM feature class initialized, calculated GLCM with shape (1, 22, 22, 13)
DEBUG:radiomics.glcm: Calculating features
INFO:radiomics.featureextractor: Computing glrlm
DEBUG:radiomics.glrlm: Initializing feature class
DEBUG:radiomics.imageoperations: Discretizing gray levels inside ROI
DEBUG:radiomics.imageoperations: Calculated 23 bins for bin width 25 with edges: [-325. -300. -275. -250. -225. -200. -175. -150. -125. -100.  -75.  -50.
  -25.    0.   25.   50.   75.  100.  125.  150.  175.  200.  225.  250.])
DEBUG:radiomics.glrlm: Calculating GLRLM matrix in C
DEBUG:radiomics.glrlm: Process calculated matrix
DEBUG:radiomics.glrlm: No empty angles
DEBUG:radiomics.glrlm: Calculating GLRLM coefficients
DEBUG:radiomics.glrlm: GLRLM feature class initialized, calculated GLRLM with shape (1, 22, 17, 13)
DEBUG:radiomics.glrlm: Calculating features
INFO:radiomics.featureextractor: Computing glszm
DEBUG:radiomics.glszm: Initializing feature class
DEBUG:radiomics.imageoperations: Discretizing gray levels inside ROI
DEBUG:radiomics.imageoperations: Calculated 23 bins for bin width 25 with edges: [-325. -300. -275. -250. -225. -200. -175. -150. -125. -100.  -75.  -50.
  -25.    0.   25.   50.   75.  100.  125.  150.  175.  200.  225.  250.])
DEBUG:radiomics.glszm: Calculating GLSZM matrix in C
DEBUG:radiomics.glszm: Calculating GLSZM coefficients
DEBUG:radiomics.glszm: GLSZM feature class initialized, calculated GLSZM with shape (1, 22, 39)
DEBUG:radiomics.glszm: Calculating features
INFO:radiomics.featureextractor: Computing gldm
DEBUG:radiomics.gldm: Initializing feature class
DEBUG:radiomics.imageoperations: Discretizing gray levels inside ROI
DEBUG:radiomics.imageoperations: Calculated 23 bins for bin width 25 with edges: [-325. -300. -275. -250. -225. -200. -175. -150. -125. -100.  -75.  -50.
  -25.    0.   25.   50.   75.  100.  125.  150.  175.  200.  225.  250.])
DEBUG:radiomics.gldm: Calculating GLDM matrix in C
DEBUG:radiomics.gldm: Feature class initialized, calculated GLDM with shape (1, 22, 27)
DEBUG:radiomics.gldm: Calculating features
DEBUG:radiomics.imageoperations: Generating Wavelet images
INFO:radiomics.imageoperations: Computing Wavelet LLH
DEBUG:radiomics.imageoperations: Yielding wavelet-LLH image
INFO:radiomics.featureextractor: Calculating features for wavelet-LLH image
DEBUG:radiomics.imageoperations: Cropping to size [52 29 27]
INFO:radiomics.featureextractor: Computing firstorder
DEBUG:radiomics.firstorder: Initializing feature class
DEBUG:radiomics.imageoperations: Discretizing gray levels inside ROI
DEBUG:radiomics.imageoperations: Calculated 10 bins for bin width 25 with edges: [-150. -125. -100.  -75.  -50.  -25.    0.   25.   50.   75.  100.])
DEBUG:radiomics.firstorder: First order feature class initialized
DEBUG:radiomics.firstorder: Calculating features
INFO:radiomics.featureextractor: Computing glcm
DEBUG:radiomics.glcm: Initializing feature class
DEBUG:radiomics.imageoperations: Discretizing gray levels inside ROI
DEBUG:radiomics.imageoperations: Calculated 10 bins for bin width 25 with edges: [-150. -125. -100.  -75.  -50.  -25.    0.   25.   50.   75.  100.])
DEBUG:radiomics.glcm: Calculating GLCM matrix in C
DEBUG:radiomics.glcm: Process calculated matrix
DEBUG:radiomics.glcm: Create symmetrical matrix
DEBUG:radiomics.glcm: No empty angles
DEBUG:radiomics.glcm: Calculating GLCM coefficients
DEBUG:radiomics.glcm: GLCM feature class initialized, calculated GLCM with shape (1, 9, 9, 13)
DEBUG:radiomics.glcm: Calculating features
INFO:radiomics.featureextractor: Computing glrlm
DEBUG:radiomics.glrlm: Initializing feature class
DEBUG:radiomics.imageoperations: Discretizing gray levels inside ROI
DEBUG:radiomics.imageoperations: Calculated 10 bins for bin width 25 with edges: [-150. -125. -100.  -75.  -50.  -25.    0.   25.   50.   75.  100.])
DEBUG:radiomics.glrlm: Calculating GLRLM matrix in C
DEBUG:radiomics.glrlm: Process calculated matrix
DEBUG:radiomics.glrlm: No empty angles
DEBUG:radiomics.glrlm: Calculating GLRLM coefficients
DEBUG:radiomics.glrlm: GLRLM feature class initialized, calculated GLRLM with shape (1, 9, 18, 13)
DEBUG:radiomics.glrlm: Calculating features
INFO:radiomics.featureextractor: Computing glszm
DEBUG:radiomics.glszm: Initializing feature class
DEBUG:radiomics.imageoperations: Discretizing gray levels inside ROI
DEBUG:radiomics.imageoperations: Calculated 10 bins for bin width 25 with edges: [-150. -125. -100.  -75.  -50.  -25.    0.   25.   50.   75.  100.])
DEBUG:radiomics.glszm: Calculating GLSZM matrix in C
DEBUG:radiomics.glszm: Calculating GLSZM coefficients
DEBUG:radiomics.glszm: GLSZM feature class initialized, calculated GLSZM with shape (1, 9, 26)
DEBUG:radiomics.glszm: Calculating features
INFO:radiomics.featureextractor: Computing gldm
DEBUG:radiomics.gldm: Initializing feature class
DEBUG:radiomics.imageoperations: Discretizing gray levels inside ROI
DEBUG:radiomics.imageoperations: Calculated 10 bins for bin width 25 with edges: [-150. -125. -100.  -75.  -50.  -25.    0.   25.   50.   75.  100.])
DEBUG:radiomics.gldm: Calculating GLDM matrix in C
DEBUG:radiomics.gldm: Feature class initialized, calculated GLDM with shape (1, 9, 27)
DEBUG:radiomics.gldm: Calculating features
INFO:radiomics.imageoperations: Computing Wavelet LHL
DEBUG:radiomics.imageoperations: Yielding wavelet-LHL image
INFO:radiomics.featureextractor: Calculating features for wavelet-LHL image
DEBUG:radiomics.imageoperations: Cropping to size [52 29 27]
INFO:radiomics.featureextractor: Computing firstorder
DEBUG:radiomics.firstorder: Initializing feature class
DEBUG:radiomics.imageoperations: Discretizing gray levels inside ROI
DEBUG:radiomics.imageoperations: Calculated 29 bins for bin width 25 with edges: [-375. -350. -325. -300. -275. -250. -225. -200. -175. -150. -125. -100.
  -75.  -50.  -25.    0.   25.   50.   75.  100.  125.  150.  175.  200.
  225.  250.  275.  300.  325.  350.])
DEBUG:radiomics.firstorder: First order feature class initialized
DEBUG:radiomics.firstorder: Calculating features
INFO:radiomics.featureextractor: Computing glcm
DEBUG:radiomics.glcm: Initializing feature class
DEBUG:radiomics.imageoperations: Discretizing gray levels inside ROI
DEBUG:radiomics.imageoperations: Calculated 29 bins for bin width 25 with edges: [-375. -350. -325. -300. -275. -250. -225. -200. -175. -150. -125. -100.
  -75.  -50.  -25.    0.   25.   50.   75.  100.  125.  150.  175.  200.
  225.  250.  275.  300.  325.  350.])
DEBUG:radiomics.glcm: Calculating GLCM matrix in C
DEBUG:radiomics.glcm: Process calculated matrix
DEBUG:radiomics.glcm: Create symmetrical matrix
DEBUG:radiomics.glcm: No empty angles
DEBUG:radiomics.glcm: Calculating GLCM coefficients
DEBUG:radiomics.glcm: GLCM feature class initialized, calculated GLCM with shape (1, 27, 27, 13)
DEBUG:radiomics.glcm: Calculating features
INFO:radiomics.featureextractor: Computing glrlm
DEBUG:radiomics.glrlm: Initializing feature class
DEBUG:radiomics.imageoperations: Discretizing gray levels inside ROI
DEBUG:radiomics.imageoperations: Calculated 29 bins for bin width 25 with edges: [-375. -350. -325. -300. -275. -250. -225. -200. -175. -150. -125. -100.
  -75.  -50.  -25.    0.   25.   50.   75.  100.  125.  150.  175.  200.
  225.  250.  275.  300.  325.  350.])
DEBUG:radiomics.glrlm: Calculating GLRLM matrix in C
DEBUG:radiomics.glrlm: Process calculated matrix
DEBUG:radiomics.glrlm: No empty angles
DEBUG:radiomics.glrlm: Calculating GLRLM coefficients
DEBUG:radiomics.glrlm: GLRLM feature class initialized, calculated GLRLM with shape (1, 27, 14, 13)
DEBUG:radiomics.glrlm: Calculating features
INFO:radiomics.featureextractor: Computing glszm
DEBUG:radiomics.glszm: Initializing feature class
DEBUG:radiomics.imageoperations: Discretizing gray levels inside ROI
DEBUG:radiomics.imageoperations: Calculated 29 bins for bin width 25 with edges: [-375. -350. -325. -300. -275. -250. -225. -200. -175. -150. -125. -100.
  -75.  -50.  -25.    0.   25.   50.   75.  100.  125.  150.  175.  200.
  225.  250.  275.  300.  325.  350.])
DEBUG:radiomics.glszm: Calculating GLSZM matrix in C
DEBUG:radiomics.glszm: Calculating GLSZM coefficients
DEBUG:radiomics.glszm: GLSZM feature class initialized, calculated GLSZM with shape (1, 27, 38)
DEBUG:radiomics.glszm: Calculating features
INFO:radiomics.featureextractor: Computing gldm
DEBUG:radiomics.gldm: Initializing feature class
DEBUG:radiomics.imageoperations: Discretizing gray levels inside ROI
DEBUG:radiomics.imageoperations: Calculated 29 bins for bin width 25 with edges: [-375. -350. -325. -300. -275. -250. -225. -200. -175. -150. -125. -100.
  -75.  -50.  -25.    0.   25.   50.   75.  100.  125.  150.  175.  200.
  225.  250.  275.  300.  325.  350.])
DEBUG:radiomics.gldm: Calculating GLDM matrix in C
DEBUG:radiomics.gldm: Feature class initialized, calculated GLDM with shape (1, 27, 21)
DEBUG:radiomics.gldm: Calculating features
INFO:radiomics.imageoperations: Computing Wavelet LHH
DEBUG:radiomics.imageoperations: Yielding wavelet-LHH image
INFO:radiomics.featureextractor: Calculating features for wavelet-LHH image
DEBUG:radiomics.imageoperations: Cropping to size [52 29 27]
INFO:radiomics.featureextractor: Computing firstorder
DEBUG:radiomics.firstorder: Initializing feature class
DEBUG:radiomics.imageoperations: Discretizing gray levels inside ROI
DEBUG:radiomics.imageoperations: Calculated 6 bins for bin width 25 with edges: [-50. -25.   0.  25.  50.  75. 100.])
DEBUG:radiomics.firstorder: First order feature class initialized
DEBUG:radiomics.firstorder: Calculating features
INFO:radiomics.featureextractor: Computing glcm
DEBUG:radiomics.glcm: Initializing feature class
DEBUG:radiomics.imageoperations: Discretizing gray levels inside ROI
DEBUG:radiomics.imageoperations: Calculated 6 bins for bin width 25 with edges: [-50. -25.   0.  25.  50.  75. 100.])
DEBUG:radiomics.glcm: Calculating GLCM matrix in C
DEBUG:radiomics.glcm: Process calculated matrix
DEBUG:radiomics.glcm: Create symmetrical matrix
DEBUG:radiomics.glcm: No empty angles
DEBUG:radiomics.glcm: Calculating GLCM coefficients
DEBUG:radiomics.glcm: GLCM feature class initialized, calculated GLCM with shape (1, 5, 5, 13)
DEBUG:radiomics.glcm: Calculating features
INFO:radiomics.featureextractor: Computing glrlm
DEBUG:radiomics.glrlm: Initializing feature class
DEBUG:radiomics.imageoperations: Discretizing gray levels inside ROI
DEBUG:radiomics.imageoperations: Calculated 6 bins for bin width 25 with edges: [-50. -25.   0.  25.  50.  75. 100.])
DEBUG:radiomics.glrlm: Calculating GLRLM matrix in C
DEBUG:radiomics.glrlm: Process calculated matrix
DEBUG:radiomics.glrlm: No empty angles
DEBUG:radiomics.glrlm: Calculating GLRLM coefficients
DEBUG:radiomics.glrlm: GLRLM feature class initialized, calculated GLRLM with shape (1, 5, 15, 13)
DEBUG:radiomics.glrlm: Calculating features
INFO:radiomics.featureextractor: Computing glszm
DEBUG:radiomics.glszm: Initializing feature class
DEBUG:radiomics.imageoperations: Discretizing gray levels inside ROI
DEBUG:radiomics.imageoperations: Calculated 6 bins for bin width 25 with edges: [-50. -25.   0.  25.  50.  75. 100.])
DEBUG:radiomics.glszm: Calculating GLSZM matrix in C
DEBUG:radiomics.glszm: Calculating GLSZM coefficients
DEBUG:radiomics.glszm: GLSZM feature class initialized, calculated GLSZM with shape (1, 5, 9)
DEBUG:radiomics.glszm: Calculating features
INFO:radiomics.featureextractor: Computing gldm
DEBUG:radiomics.gldm: Initializing feature class
DEBUG:radiomics.imageoperations: Discretizing gray levels inside ROI
DEBUG:radiomics.imageoperations: Calculated 6 bins for bin width 25 with edges: [-50. -25.   0.  25.  50.  75. 100.])
DEBUG:radiomics.gldm: Calculating GLDM matrix in C
DEBUG:radiomics.gldm: Feature class initialized, calculated GLDM with shape (1, 5, 26)
DEBUG:radiomics.gldm: Calculating features
INFO:radiomics.imageoperations: Computing Wavelet HLL
DEBUG:radiomics.imageoperations: Yielding wavelet-HLL image
INFO:radiomics.featureextractor: Calculating features for wavelet-HLL image
DEBUG:radiomics.imageoperations: Cropping to size [52 29 27]
INFO:radiomics.featureextractor: Computing firstorder
DEBUG:radiomics.firstorder: Initializing feature class
DEBUG:radiomics.imageoperations: Discretizing gray levels inside ROI
DEBUG:radiomics.imageoperations: Calculated 35 bins for bin width 25 with edges: [-500. -475. -450. -425. -400. -375. -350. -325. -300. -275. -250. -225.
 -200. -175. -150. -125. -100.  -75.  -50.  -25.    0.   25.   50.   75.
  100.  125.  150.  175.  200.  225.  250.  275.  300.  325.  350.  375.])
DEBUG:radiomics.firstorder: First order feature class initialized
DEBUG:radiomics.firstorder: Calculating features
INFO:radiomics.featureextractor: Computing glcm
DEBUG:radiomics.glcm: Initializing feature class
DEBUG:radiomics.imageoperations: Discretizing gray levels inside ROI
DEBUG:radiomics.imageoperations: Calculated 35 bins for bin width 25 with edges: [-500. -475. -450. -425. -400. -375. -350. -325. -300. -275. -250. -225.
 -200. -175. -150. -125. -100.  -75.  -50.  -25.    0.   25.   50.   75.
  100.  125.  150.  175.  200.  225.  250.  275.  300.  325.  350.  375.])
DEBUG:radiomics.glcm: Calculating GLCM matrix in C
DEBUG:radiomics.glcm: Process calculated matrix
DEBUG:radiomics.glcm: Create symmetrical matrix
DEBUG:radiomics.glcm: No empty angles
DEBUG:radiomics.glcm: Calculating GLCM coefficients
DEBUG:radiomics.glcm: GLCM feature class initialized, calculated GLCM with shape (1, 32, 32, 13)
DEBUG:radiomics.glcm: Calculating features
INFO:radiomics.featureextractor: Computing glrlm
DEBUG:radiomics.glrlm: Initializing feature class
DEBUG:radiomics.imageoperations: Discretizing gray levels inside ROI
DEBUG:radiomics.imageoperations: Calculated 35 bins for bin width 25 with edges: [-500. -475. -450. -425. -400. -375. -350. -325. -300. -275. -250. -225.
 -200. -175. -150. -125. -100.  -75.  -50.  -25.    0.   25.   50.   75.
  100.  125.  150.  175.  200.  225.  250.  275.  300.  325.  350.  375.])
DEBUG:radiomics.glrlm: Calculating GLRLM matrix in C
DEBUG:radiomics.glrlm: Process calculated matrix
DEBUG:radiomics.glrlm: No empty angles
DEBUG:radiomics.glrlm: Calculating GLRLM coefficients
DEBUG:radiomics.glrlm: GLRLM feature class initialized, calculated GLRLM with shape (1, 32, 13, 13)
DEBUG:radiomics.glrlm: Calculating features
INFO:radiomics.featureextractor: Computing glszm
DEBUG:radiomics.glszm: Initializing feature class
DEBUG:radiomics.imageoperations: Discretizing gray levels inside ROI
DEBUG:radiomics.imageoperations: Calculated 35 bins for bin width 25 with edges: [-500. -475. -450. -425. -400. -375. -350. -325. -300. -275. -250. -225.
 -200. -175. -150. -125. -100.  -75.  -50.  -25.    0.   25.   50.   75.
  100.  125.  150.  175.  200.  225.  250.  275.  300.  325.  350.  375.])
DEBUG:radiomics.glszm: Calculating GLSZM matrix in C
DEBUG:radiomics.glszm: Calculating GLSZM coefficients
DEBUG:radiomics.glszm: GLSZM feature class initialized, calculated GLSZM with shape (1, 32, 38)
DEBUG:radiomics.glszm: Calculating features
INFO:radiomics.featureextractor: Computing gldm
DEBUG:radiomics.gldm: Initializing feature class
DEBUG:radiomics.imageoperations: Discretizing gray levels inside ROI
DEBUG:radiomics.imageoperations: Calculated 35 bins for bin width 25 with edges: [-500. -475. -450. -425. -400. -375. -350. -325. -300. -275. -250. -225.
 -200. -175. -150. -125. -100.  -75.  -50.  -25.    0.   25.   50.   75.
  100.  125.  150.  175.  200.  225.  250.  275.  300.  325.  350.  375.])
DEBUG:radiomics.gldm: Calculating GLDM matrix in C
DEBUG:radiomics.gldm: Feature class initialized, calculated GLDM with shape (1, 32, 19)
DEBUG:radiomics.gldm: Calculating features
INFO:radiomics.imageoperations: Computing Wavelet HLH
DEBUG:radiomics.imageoperations: Yielding wavelet-HLH image
INFO:radiomics.featureextractor: Calculating features for wavelet-HLH image
DEBUG:radiomics.imageoperations: Cropping to size [52 29 27]
INFO:radiomics.featureextractor: Computing firstorder
DEBUG:radiomics.firstorder: Initializing feature class
DEBUG:radiomics.imageoperations: Discretizing gray levels inside ROI
DEBUG:radiomics.imageoperations: Calculated 6 bins for bin width 25 with edges: [-50. -25.   0.  25.  50.  75. 100.])
DEBUG:radiomics.firstorder: First order feature class initialized
DEBUG:radiomics.firstorder: Calculating features
INFO:radiomics.featureextractor: Computing glcm
DEBUG:radiomics.glcm: Initializing feature class
DEBUG:radiomics.imageoperations: Discretizing gray levels inside ROI
DEBUG:radiomics.imageoperations: Calculated 6 bins for bin width 25 with edges: [-50. -25.   0.  25.  50.  75. 100.])
DEBUG:radiomics.glcm: Calculating GLCM matrix in C
DEBUG:radiomics.glcm: Process calculated matrix
DEBUG:radiomics.glcm: Create symmetrical matrix
DEBUG:radiomics.glcm: No empty angles
DEBUG:radiomics.glcm: Calculating GLCM coefficients
DEBUG:radiomics.glcm: GLCM feature class initialized, calculated GLCM with shape (1, 5, 5, 13)
DEBUG:radiomics.glcm: Calculating features
INFO:radiomics.featureextractor: Computing glrlm
DEBUG:radiomics.glrlm: Initializing feature class
DEBUG:radiomics.imageoperations: Discretizing gray levels inside ROI
DEBUG:radiomics.imageoperations: Calculated 6 bins for bin width 25 with edges: [-50. -25.   0.  25.  50.  75. 100.])
DEBUG:radiomics.glrlm: Calculating GLRLM matrix in C
DEBUG:radiomics.glrlm: Process calculated matrix
DEBUG:radiomics.glrlm: No empty angles
DEBUG:radiomics.glrlm: Calculating GLRLM coefficients
DEBUG:radiomics.glrlm: GLRLM feature class initialized, calculated GLRLM with shape (1, 5, 18, 13)
DEBUG:radiomics.glrlm: Calculating features
INFO:radiomics.featureextractor: Computing glszm
DEBUG:radiomics.glszm: Initializing feature class
DEBUG:radiomics.imageoperations: Discretizing gray levels inside ROI
DEBUG:radiomics.imageoperations: Calculated 6 bins for bin width 25 with edges: [-50. -25.   0.  25.  50.  75. 100.])
DEBUG:radiomics.glszm: Calculating GLSZM matrix in C
DEBUG:radiomics.glszm: Calculating GLSZM coefficients
DEBUG:radiomics.glszm: GLSZM feature class initialized, calculated GLSZM with shape (1, 5, 10)
DEBUG:radiomics.glszm: Calculating features
INFO:radiomics.featureextractor: Computing gldm
DEBUG:radiomics.gldm: Initializing feature class
DEBUG:radiomics.imageoperations: Discretizing gray levels inside ROI
DEBUG:radiomics.imageoperations: Calculated 6 bins for bin width 25 with edges: [-50. -25.   0.  25.  50.  75. 100.])
DEBUG:radiomics.gldm: Calculating GLDM matrix in C
DEBUG:radiomics.gldm: Feature class initialized, calculated GLDM with shape (1, 5, 24)
DEBUG:radiomics.gldm: Calculating features
INFO:radiomics.imageoperations: Computing Wavelet HHL
DEBUG:radiomics.imageoperations: Yielding wavelet-HHL image
INFO:radiomics.featureextractor: Calculating features for wavelet-HHL image
DEBUG:radiomics.imageoperations: Cropping to size [52 29 27]
INFO:radiomics.featureextractor: Computing firstorder
DEBUG:radiomics.firstorder: Initializing feature class
DEBUG:radiomics.imageoperations: Discretizing gray levels inside ROI
DEBUG:radiomics.imageoperations: Calculated 15 bins for bin width 25 with edges: [-150. -125. -100.  -75.  -50.  -25.    0.   25.   50.   75.  100.  125.
  150.  175.  200.  225.])
DEBUG:radiomics.firstorder: First order feature class initialized
DEBUG:radiomics.firstorder: Calculating features
INFO:radiomics.featureextractor: Computing glcm
DEBUG:radiomics.glcm: Initializing feature class
DEBUG:radiomics.imageoperations: Discretizing gray levels inside ROI
DEBUG:radiomics.imageoperations: Calculated 15 bins for bin width 25 with edges: [-150. -125. -100.  -75.  -50.  -25.    0.   25.   50.   75.  100.  125.
  150.  175.  200.  225.])
DEBUG:radiomics.glcm: Calculating GLCM matrix in C
DEBUG:radiomics.glcm: Process calculated matrix
DEBUG:radiomics.glcm: Create symmetrical matrix
DEBUG:radiomics.glcm: No empty angles
DEBUG:radiomics.glcm: Calculating GLCM coefficients
DEBUG:radiomics.glcm: GLCM feature class initialized, calculated GLCM with shape (1, 14, 14, 13)
DEBUG:radiomics.glcm: Calculating features
INFO:radiomics.featureextractor: Computing glrlm
DEBUG:radiomics.glrlm: Initializing feature class
DEBUG:radiomics.imageoperations: Discretizing gray levels inside ROI
DEBUG:radiomics.imageoperations: Calculated 15 bins for bin width 25 with edges: [-150. -125. -100.  -75.  -50.  -25.    0.   25.   50.   75.  100.  125.
  150.  175.  200.  225.])
DEBUG:radiomics.glrlm: Calculating GLRLM matrix in C
DEBUG:radiomics.glrlm: Process calculated matrix
DEBUG:radiomics.glrlm: No empty angles
DEBUG:radiomics.glrlm: Calculating GLRLM coefficients
DEBUG:radiomics.glrlm: GLRLM feature class initialized, calculated GLRLM with shape (1, 14, 15, 13)
DEBUG:radiomics.glrlm: Calculating features
INFO:radiomics.featureextractor: Computing glszm
DEBUG:radiomics.glszm: Initializing feature class
DEBUG:radiomics.imageoperations: Discretizing gray levels inside ROI
DEBUG:radiomics.imageoperations: Calculated 15 bins for bin width 25 with edges: [-150. -125. -100.  -75.  -50.  -25.    0.   25.   50.   75.  100.  125.
  150.  175.  200.  225.])
DEBUG:radiomics.glszm: Calculating GLSZM matrix in C
DEBUG:radiomics.glszm: Calculating GLSZM coefficients
DEBUG:radiomics.glszm: GLSZM feature class initialized, calculated GLSZM with shape (1, 14, 35)
DEBUG:radiomics.glszm: Calculating features
INFO:radiomics.featureextractor: Computing gldm
DEBUG:radiomics.gldm: Initializing feature class
DEBUG:radiomics.imageoperations: Discretizing gray levels inside ROI
DEBUG:radiomics.imageoperations: Calculated 15 bins for bin width 25 with edges: [-150. -125. -100.  -75.  -50.  -25.    0.   25.   50.   75.  100.  125.
  150.  175.  200.  225.])
DEBUG:radiomics.gldm: Calculating GLDM matrix in C
DEBUG:radiomics.gldm: Feature class initialized, calculated GLDM with shape (1, 14, 20)
DEBUG:radiomics.gldm: Calculating features
INFO:radiomics.imageoperations: Computing Wavelet HHH
DEBUG:radiomics.imageoperations: Yielding wavelet-HHH image
INFO:radiomics.featureextractor: Calculating features for wavelet-HHH image
DEBUG:radiomics.imageoperations: Cropping to size [52 29 27]
INFO:radiomics.featureextractor: Computing firstorder
DEBUG:radiomics.firstorder: Initializing feature class
DEBUG:radiomics.imageoperations: Discretizing gray levels inside ROI
DEBUG:radiomics.imageoperations: Calculated 4 bins for bin width 25 with edges: [-50. -25.   0.  25.  50.])
DEBUG:radiomics.firstorder: First order feature class initialized
DEBUG:radiomics.firstorder: Calculating features
INFO:radiomics.featureextractor: Computing glcm
DEBUG:radiomics.glcm: Initializing feature class
DEBUG:radiomics.imageoperations: Discretizing gray levels inside ROI
DEBUG:radiomics.imageoperations: Calculated 4 bins for bin width 25 with edges: [-50. -25.   0.  25.  50.])
DEBUG:radiomics.glcm: Calculating GLCM matrix in C
DEBUG:radiomics.glcm: Process calculated matrix
DEBUG:radiomics.glcm: Create symmetrical matrix
DEBUG:radiomics.glcm: No empty angles
DEBUG:radiomics.glcm: Calculating GLCM coefficients
DEBUG:radiomics.glcm: GLCM feature class initialized, calculated GLCM with shape (1, 3, 3, 13)
DEBUG:radiomics.glcm: Calculating features
INFO:radiomics.featureextractor: Computing glrlm
DEBUG:radiomics.glrlm: Initializing feature class
DEBUG:radiomics.imageoperations: Discretizing gray levels inside ROI
DEBUG:radiomics.imageoperations: Calculated 4 bins for bin width 25 with edges: [-50. -25.   0.  25.  50.])
DEBUG:radiomics.glrlm: Calculating GLRLM matrix in C
DEBUG:radiomics.glrlm: Process calculated matrix
DEBUG:radiomics.glrlm: No empty angles
DEBUG:radiomics.glrlm: Calculating GLRLM coefficients
DEBUG:radiomics.glrlm: GLRLM feature class initialized, calculated GLRLM with shape (1, 3, 12, 13)
DEBUG:radiomics.glrlm: Calculating features
INFO:radiomics.featureextractor: Computing glszm
DEBUG:radiomics.glszm: Initializing feature class
DEBUG:radiomics.imageoperations: Discretizing gray levels inside ROI
DEBUG:radiomics.imageoperations: Calculated 4 bins for bin width 25 with edges: [-50. -25.   0.  25.  50.])
DEBUG:radiomics.glszm: Calculating GLSZM matrix in C
DEBUG:radiomics.glszm: Calculating GLSZM coefficients
DEBUG:radiomics.glszm: GLSZM feature class initialized, calculated GLSZM with shape (1, 3, 6)
DEBUG:radiomics.glszm: Calculating features
INFO:radiomics.featureextractor: Computing gldm
DEBUG:radiomics.gldm: Initializing feature class
DEBUG:radiomics.imageoperations: Discretizing gray levels inside ROI
DEBUG:radiomics.imageoperations: Calculated 4 bins for bin width 25 with edges: [-50. -25.   0.  25.  50.])
DEBUG:radiomics.gldm: Calculating GLDM matrix in C
DEBUG:radiomics.gldm: Feature class initialized, calculated GLDM with shape (1, 3, 21)
DEBUG:radiomics.gldm: Calculating features
DEBUG:radiomics.imageoperations: Yielding approximation (wavelet-LLL) image
INFO:radiomics.featureextractor: Calculating features for wavelet-LLL image
DEBUG:radiomics.imageoperations: Cropping to size [52 29 27]
INFO:radiomics.featureextractor: Computing firstorder
DEBUG:radiomics.firstorder: Initializing feature class
DEBUG:radiomics.imageoperations: Discretizing gray levels inside ROI
DEBUG:radiomics.imageoperations: Calculated 133 bins for bin width 25 with edges: [-2675. -2650. -2625. -2600. -2575. -2550. -2525. -2500. -2475. -2450.
 -2425. -2400. -2375. -2350. -2325. -2300. -2275. -2250. -2225. -2200.
 -2175. -2150. -2125. -2100. -2075. -2050. -2025. -2000. -1975. -1950.
 -1925. -1900. -1875. -1850. -1825. -1800. -1775. -1750. -1725. -1700.
 -1675. -1650. -1625. -1600. -1575. -1550. -1525. -1500. -1475. -1450.
 -1425. -1400. -1375. -1350. -1325. -1300. -1275. -1250. -1225. -1200.
 -1175. -1150. -1125. -1100. -1075. -1050. -1025. -1000.  -975.  -950.
  -925.  -900.  -875.  -850.  -825.  -800.  -775.  -750.  -725.  -700.
  -675.  -650.  -625.  -600.  -575.  -550.  -525.  -500.  -475.  -450.
  -425.  -400.  -375.  -350.  -325.  -300.  -275.  -250.  -225.  -200.
  -175.  -150.  -125.  -100.   -75.   -50.   -25.     0.    25.    50.
    75.   100.   125.   150.   175.   200.   225.   250.   275.   300.
   325.   350.   375.   400.   425.   450.   475.   500.   525.   550.
   575.   600.   625.   650.])
DEBUG:radiomics.firstorder: First order feature class initialized
DEBUG:radiomics.firstorder: Calculating features
INFO:radiomics.featureextractor: Computing glcm
DEBUG:radiomics.glcm: Initializing feature class
DEBUG:radiomics.imageoperations: Discretizing gray levels inside ROI
DEBUG:radiomics.imageoperations: Calculated 133 bins for bin width 25 with edges: [-2675. -2650. -2625. -2600. -2575. -2550. -2525. -2500. -2475. -2450.
 -2425. -2400. -2375. -2350. -2325. -2300. -2275. -2250. -2225. -2200.
 -2175. -2150. -2125. -2100. -2075. -2050. -2025. -2000. -1975. -1950.
 -1925. -1900. -1875. -1850. -1825. -1800. -1775. -1750. -1725. -1700.
 -1675. -1650. -1625. -1600. -1575. -1550. -1525. -1500. -1475. -1450.
 -1425. -1400. -1375. -1350. -1325. -1300. -1275. -1250. -1225. -1200.
 -1175. -1150. -1125. -1100. -1075. -1050. -1025. -1000.  -975.  -950.
  -925.  -900.  -875.  -850.  -825.  -800.  -775.  -750.  -725.  -700.
  -675.  -650.  -625.  -600.  -575.  -550.  -525.  -500.  -475.  -450.
  -425.  -400.  -375.  -350.  -325.  -300.  -275.  -250.  -225.  -200.
  -175.  -150.  -125.  -100.   -75.   -50.   -25.     0.    25.    50.
    75.   100.   125.   150.   175.   200.   225.   250.   275.   300.
   325.   350.   375.   400.   425.   450.   475.   500.   525.   550.
   575.   600.   625.   650.])
DEBUG:radiomics.glcm: Calculating GLCM matrix in C
DEBUG:radiomics.glcm: Process calculated matrix
DEBUG:radiomics.glcm: Create symmetrical matrix
DEBUG:radiomics.glcm: No empty angles
DEBUG:radiomics.glcm: Calculating GLCM coefficients
DEBUG:radiomics.glcm: GLCM feature class initialized, calculated GLCM with shape (1, 85, 85, 13)
DEBUG:radiomics.glcm: Calculating features
INFO:radiomics.featureextractor: Computing glrlm
DEBUG:radiomics.glrlm: Initializing feature class
DEBUG:radiomics.imageoperations: Discretizing gray levels inside ROI
DEBUG:radiomics.imageoperations: Calculated 133 bins for bin width 25 with edges: [-2675. -2650. -2625. -2600. -2575. -2550. -2525. -2500. -2475. -2450.
 -2425. -2400. -2375. -2350. -2325. -2300. -2275. -2250. -2225. -2200.
 -2175. -2150. -2125. -2100. -2075. -2050. -2025. -2000. -1975. -1950.
 -1925. -1900. -1875. -1850. -1825. -1800. -1775. -1750. -1725. -1700.
 -1675. -1650. -1625. -1600. -1575. -1550. -1525. -1500. -1475. -1450.
 -1425. -1400. -1375. -1350. -1325. -1300. -1275. -1250. -1225. -1200.
 -1175. -1150. -1125. -1100. -1075. -1050. -1025. -1000.  -975.  -950.
  -925.  -900.  -875.  -850.  -825.  -800.  -775.  -750.  -725.  -700.
  -675.  -650.  -625.  -600.  -575.  -550.  -525.  -500.  -475.  -450.
  -425.  -400.  -375.  -350.  -325.  -300.  -275.  -250.  -225.  -200.
  -175.  -150.  -125.  -100.   -75.   -50.   -25.     0.    25.    50.
    75.   100.   125.   150.   175.   200.   225.   250.   275.   300.
   325.   350.   375.   400.   425.   450.   475.   500.   525.   550.
   575.   600.   625.   650.])
DEBUG:radiomics.glrlm: Calculating GLRLM matrix in C
DEBUG:radiomics.glrlm: Process calculated matrix
DEBUG:radiomics.glrlm: No empty angles
DEBUG:radiomics.glrlm: Calculating GLRLM coefficients
DEBUG:radiomics.glrlm: GLRLM feature class initialized, calculated GLRLM with shape (1, 85, 8, 13)
DEBUG:radiomics.glrlm: Calculating features
INFO:radiomics.featureextractor: Computing glszm
DEBUG:radiomics.glszm: Initializing feature class
DEBUG:radiomics.imageoperations: Discretizing gray levels inside ROI
DEBUG:radiomics.imageoperations: Calculated 133 bins for bin width 25 with edges: [-2675. -2650. -2625. -2600. -2575. -2550. -2525. -2500. -2475. -2450.
 -2425. -2400. -2375. -2350. -2325. -2300. -2275. -2250. -2225. -2200.
 -2175. -2150. -2125. -2100. -2075. -2050. -2025. -2000. -1975. -1950.
 -1925. -1900. -1875. -1850. -1825. -1800. -1775. -1750. -1725. -1700.
 -1675. -1650. -1625. -1600. -1575. -1550. -1525. -1500. -1475. -1450.
 -1425. -1400. -1375. -1350. -1325. -1300. -1275. -1250. -1225. -1200.
 -1175. -1150. -1125. -1100. -1075. -1050. -1025. -1000.  -975.  -950.
  -925.  -900.  -875.  -850.  -825.  -800.  -775.  -750.  -725.  -700.
  -675.  -650.  -625.  -600.  -575.  -550.  -525.  -500.  -475.  -450.
  -425.  -400.  -375.  -350.  -325.  -300.  -275.  -250.  -225.  -200.
  -175.  -150.  -125.  -100.   -75.   -50.   -25.     0.    25.    50.
    75.   100.   125.   150.   175.   200.   225.   250.   275.   300.
   325.   350.   375.   400.   425.   450.   475.   500.   525.   550.
   575.   600.   625.   650.])
DEBUG:radiomics.glszm: Calculating GLSZM matrix in C
DEBUG:radiomics.glszm: Calculating GLSZM coefficients
DEBUG:radiomics.glszm: GLSZM feature class initialized, calculated GLSZM with shape (1, 85, 62)
DEBUG:radiomics.glszm: Calculating features
INFO:radiomics.featureextractor: Computing gldm
DEBUG:radiomics.gldm: Initializing feature class
DEBUG:radiomics.imageoperations: Discretizing gray levels inside ROI
DEBUG:radiomics.imageoperations: Calculated 133 bins for bin width 25 with edges: [-2675. -2650. -2625. -2600. -2575. -2550. -2525. -2500. -2475. -2450.
 -2425. -2400. -2375. -2350. -2325. -2300. -2275. -2250. -2225. -2200.
 -2175. -2150. -2125. -2100. -2075. -2050. -2025. -2000. -1975. -1950.
 -1925. -1900. -1875. -1850. -1825. -1800. -1775. -1750. -1725. -1700.
 -1675. -1650. -1625. -1600. -1575. -1550. -1525. -1500. -1475. -1450.
 -1425. -1400. -1375. -1350. -1325. -1300. -1275. -1250. -1225. -1200.
 -1175. -1150. -1125. -1100. -1075. -1050. -1025. -1000.  -975.  -950.
  -925.  -900.  -875.  -850.  -825.  -800.  -775.  -750.  -725.  -700.
  -675.  -650.  -625.  -600.  -575.  -550.  -525.  -500.  -475.  -450.
  -425.  -400.  -375.  -350.  -325.  -300.  -275.  -250.  -225.  -200.
  -175.  -150.  -125.  -100.   -75.   -50.   -25.     0.    25.    50.
    75.   100.   125.   150.   175.   200.   225.   250.   275.   300.
   325.   350.   375.   400.   425.   450.   475.   500.   525.   550.
   575.   600.   625.   650.])
DEBUG:radiomics.gldm: Calculating GLDM matrix in C
DEBUG:radiomics.gldm: Feature class initialized, calculated GLDM with shape (1, 85, 16)
DEBUG:radiomics.gldm: Calculating features
DEBUG:radiomics.featureextractor: Features extracted
